Archive member included to satisfy reference by file (symbol)

c:/program files (x86)/gnu arm embedded toolchain/10 2021.10/bin/../lib/gcc/arm-none-eabi/10.3.1/thumb/v6-m/nofp\libgcc.a(_udivsi3.o)
                              main.o (__aeabi_uidiv)
c:/program files (x86)/gnu arm embedded toolchain/10 2021.10/bin/../lib/gcc/arm-none-eabi/10.3.1/thumb/v6-m/nofp\libgcc.a(_divsi3.o)
                              main.o (__aeabi_idiv)
c:/program files (x86)/gnu arm embedded toolchain/10 2021.10/bin/../lib/gcc/arm-none-eabi/10.3.1/thumb/v6-m/nofp\libgcc.a(_dvmd_tls.o)
                              c:/program files (x86)/gnu arm embedded toolchain/10 2021.10/bin/../lib/gcc/arm-none-eabi/10.3.1/thumb/v6-m/nofp\libgcc.a(_udivsi3.o) (__aeabi_idiv0)
c:/program files (x86)/gnu arm embedded toolchain/10 2021.10/bin/../lib/gcc/arm-none-eabi/10.3.1/thumb/v6-m/nofp\libgcc.a(_arm_cmpsf2.o)
                              main.o (__aeabi_fcmple)
c:/program files (x86)/gnu arm embedded toolchain/10 2021.10/bin/../lib/gcc/arm-none-eabi/10.3.1/thumb/v6-m/nofp\libgcc.a(eqsf2.o)
                              c:/program files (x86)/gnu arm embedded toolchain/10 2021.10/bin/../lib/gcc/arm-none-eabi/10.3.1/thumb/v6-m/nofp\libgcc.a(_arm_cmpsf2.o) (__eqsf2)
c:/program files (x86)/gnu arm embedded toolchain/10 2021.10/bin/../lib/gcc/arm-none-eabi/10.3.1/thumb/v6-m/nofp\libgcc.a(gesf2.o)
                              c:/program files (x86)/gnu arm embedded toolchain/10 2021.10/bin/../lib/gcc/arm-none-eabi/10.3.1/thumb/v6-m/nofp\libgcc.a(_arm_cmpsf2.o) (__gesf2)
c:/program files (x86)/gnu arm embedded toolchain/10 2021.10/bin/../lib/gcc/arm-none-eabi/10.3.1/thumb/v6-m/nofp\libgcc.a(lesf2.o)
                              c:/program files (x86)/gnu arm embedded toolchain/10 2021.10/bin/../lib/gcc/arm-none-eabi/10.3.1/thumb/v6-m/nofp\libgcc.a(_arm_cmpsf2.o) (__lesf2)
c:/program files (x86)/gnu arm embedded toolchain/10 2021.10/bin/../lib/gcc/arm-none-eabi/10.3.1/thumb/v6-m/nofp\libgcc.a(subsf3.o)
                              main.o (__aeabi_fsub)
c:/program files (x86)/gnu arm embedded toolchain/10 2021.10/bin/../lib/gcc/arm-none-eabi/10.3.1/thumb/v6-m/nofp\libgcc.a(fixsfsi.o)
                              main.o (__aeabi_f2iz)
c:/program files (x86)/gnu arm embedded toolchain/10 2021.10/bin/../lib/gcc/arm-none-eabi/10.3.1/thumb/v6-m/nofp\libgcc.a(floatsisf.o)
                              main.o (__aeabi_i2f)
c:/program files (x86)/gnu arm embedded toolchain/10 2021.10/bin/../lib/gcc/arm-none-eabi/10.3.1/thumb/v6-m/nofp\libgcc.a(_clzsi2.o)
                              c:/program files (x86)/gnu arm embedded toolchain/10 2021.10/bin/../lib/gcc/arm-none-eabi/10.3.1/thumb/v6-m/nofp\libgcc.a(subsf3.o) (__clzsi2)

Discarded input sections

 .text          0x00000000        0x0 main.o
 .data          0x00000000        0x0 main.o
 .bss           0x00000000        0x0 main.o
 .text.wait_1us
                0x00000000       0x24 main.o
 .text.wait_1ms
                0x00000000       0x28 main.o
 .text          0x00000000        0x0 startup.o
 .data          0x00000000        0x0 startup.o
 .bss           0x00000000        0x0 startup.o
 .text          0x00000000        0x0 robot_auto_mode.o
 .data          0x00000000        0x0 robot_auto_mode.o
 .bss           0x00000000        0x0 robot_auto_mode.o
 .text.path_context_reset
                0x00000000        0xc robot_auto_mode.o
 .text.path_context_on_intersection
                0x00000000       0x20 robot_auto_mode.o
 .text.robot_auto_mode_set_path
                0x00000000        0x8 robot_auto_mode.o
 .text.robot_auto_mode_get_state
                0x00000000        0xc robot_auto_mode.o
 .text          0x00000000        0x0 collision_detector.o
 .data          0x00000000        0x0 collision_detector.o
 .bss           0x00000000        0x0 collision_detector.o
 .text.collision_detector_reset
                0x00000000        0xc collision_detector.o
 .text          0x00000000        0x0 vl53l0x.o
 .data          0x00000000        0x0 vl53l0x.o
 .bss           0x00000000        0x0 vl53l0x.o
 .text.vl53l0x_stop_continuous
                0x00000000       0x68 vl53l0x.o
 .text.vl53l0x_read_range_single
                0x00000000       0xe4 vl53l0x.o
 .data          0x00000000        0x0 c:/program files (x86)/gnu arm embedded toolchain/10 2021.10/bin/../lib/gcc/arm-none-eabi/10.3.1/thumb/v6-m/nofp\libgcc.a(_udivsi3.o)
 .bss           0x00000000        0x0 c:/program files (x86)/gnu arm embedded toolchain/10 2021.10/bin/../lib/gcc/arm-none-eabi/10.3.1/thumb/v6-m/nofp\libgcc.a(_udivsi3.o)
 .data          0x00000000        0x0 c:/program files (x86)/gnu arm embedded toolchain/10 2021.10/bin/../lib/gcc/arm-none-eabi/10.3.1/thumb/v6-m/nofp\libgcc.a(_divsi3.o)
 .bss           0x00000000        0x0 c:/program files (x86)/gnu arm embedded toolchain/10 2021.10/bin/../lib/gcc/arm-none-eabi/10.3.1/thumb/v6-m/nofp\libgcc.a(_divsi3.o)
 .data          0x00000000        0x0 c:/program files (x86)/gnu arm embedded toolchain/10 2021.10/bin/../lib/gcc/arm-none-eabi/10.3.1/thumb/v6-m/nofp\libgcc.a(_dvmd_tls.o)
 .bss           0x00000000        0x0 c:/program files (x86)/gnu arm embedded toolchain/10 2021.10/bin/../lib/gcc/arm-none-eabi/10.3.1/thumb/v6-m/nofp\libgcc.a(_dvmd_tls.o)
 .data          0x00000000        0x0 c:/program files (x86)/gnu arm embedded toolchain/10 2021.10/bin/../lib/gcc/arm-none-eabi/10.3.1/thumb/v6-m/nofp\libgcc.a(_arm_cmpsf2.o)
 .bss           0x00000000        0x0 c:/program files (x86)/gnu arm embedded toolchain/10 2021.10/bin/../lib/gcc/arm-none-eabi/10.3.1/thumb/v6-m/nofp\libgcc.a(_arm_cmpsf2.o)
 .data          0x00000000        0x0 c:/program files (x86)/gnu arm embedded toolchain/10 2021.10/bin/../lib/gcc/arm-none-eabi/10.3.1/thumb/v6-m/nofp\libgcc.a(eqsf2.o)
 .bss           0x00000000        0x0 c:/program files (x86)/gnu arm embedded toolchain/10 2021.10/bin/../lib/gcc/arm-none-eabi/10.3.1/thumb/v6-m/nofp\libgcc.a(eqsf2.o)
 .data          0x00000000        0x0 c:/program files (x86)/gnu arm embedded toolchain/10 2021.10/bin/../lib/gcc/arm-none-eabi/10.3.1/thumb/v6-m/nofp\libgcc.a(gesf2.o)
 .bss           0x00000000        0x0 c:/program files (x86)/gnu arm embedded toolchain/10 2021.10/bin/../lib/gcc/arm-none-eabi/10.3.1/thumb/v6-m/nofp\libgcc.a(gesf2.o)
 .data          0x00000000        0x0 c:/program files (x86)/gnu arm embedded toolchain/10 2021.10/bin/../lib/gcc/arm-none-eabi/10.3.1/thumb/v6-m/nofp\libgcc.a(lesf2.o)
 .bss           0x00000000        0x0 c:/program files (x86)/gnu arm embedded toolchain/10 2021.10/bin/../lib/gcc/arm-none-eabi/10.3.1/thumb/v6-m/nofp\libgcc.a(lesf2.o)
 .data          0x00000000        0x0 c:/program files (x86)/gnu arm embedded toolchain/10 2021.10/bin/../lib/gcc/arm-none-eabi/10.3.1/thumb/v6-m/nofp\libgcc.a(subsf3.o)
 .bss           0x00000000        0x0 c:/program files (x86)/gnu arm embedded toolchain/10 2021.10/bin/../lib/gcc/arm-none-eabi/10.3.1/thumb/v6-m/nofp\libgcc.a(subsf3.o)
 .data          0x00000000        0x0 c:/program files (x86)/gnu arm embedded toolchain/10 2021.10/bin/../lib/gcc/arm-none-eabi/10.3.1/thumb/v6-m/nofp\libgcc.a(fixsfsi.o)
 .bss           0x00000000        0x0 c:/program files (x86)/gnu arm embedded toolchain/10 2021.10/bin/../lib/gcc/arm-none-eabi/10.3.1/thumb/v6-m/nofp\libgcc.a(fixsfsi.o)
 .data          0x00000000        0x0 c:/program files (x86)/gnu arm embedded toolchain/10 2021.10/bin/../lib/gcc/arm-none-eabi/10.3.1/thumb/v6-m/nofp\libgcc.a(floatsisf.o)
 .bss           0x00000000        0x0 c:/program files (x86)/gnu arm embedded toolchain/10 2021.10/bin/../lib/gcc/arm-none-eabi/10.3.1/thumb/v6-m/nofp\libgcc.a(floatsisf.o)
 .data          0x00000000        0x0 c:/program files (x86)/gnu arm embedded toolchain/10 2021.10/bin/../lib/gcc/arm-none-eabi/10.3.1/thumb/v6-m/nofp\libgcc.a(_clzsi2.o)
 .bss           0x00000000        0x0 c:/program files (x86)/gnu arm embedded toolchain/10 2021.10/bin/../lib/gcc/arm-none-eabi/10.3.1/thumb/v6-m/nofp\libgcc.a(_clzsi2.o)

Memory Configuration

Name             Origin             Length             Attributes
flash            0x08000000         0x00010000
ram              0x20000000         0x00002000
*default*        0x00000000         0xffffffff

Linker script and memory map

LOAD main.o
LOAD startup.o
LOAD robot_auto_mode.o
LOAD collision_detector.o
LOAD vl53l0x.o
LOAD c:/program files (x86)/gnu arm embedded toolchain/10 2021.10/bin/../lib/gcc/arm-none-eabi/10.3.1/thumb/v6-m/nofp\libgcc.a

.text           0x08000000     0x2970
 *(.vectors)
 .vectors       0x08000000       0xb8 startup.o
                0x08000000                Vectors
 *(.after_vectors*)
 .after_vectors
                0x080000b8       0x80 startup.o
                0x080000b8                ResetInit
 *(.text*)
 .text.uart_puts
                0x08000138       0x24 main.o
 .text.uart_print_int
                0x0800015c       0x90 main.o
 .text.motors_stop
                0x080001ec       0x38 main.o
 .text.motors_set
                0x08000224      0x100 main.o
 .text.led_flash.constprop.0
                0x08000324       0x94 main.o
 .text.speaker_beep
                0x080003b8       0x3c main.o
                0x080003b8                speaker_beep
 .text.delayms  0x080003f4       0x34 main.o
                0x080003f4                delayms
 .text.TIM2_Handler
                0x08000428      0x108 main.o
                0x08000428                TIM2_Handler
 .text.hbridge_motor_apply
                0x08000530        0xc main.o
                0x08000530                hbridge_motor_apply
 .text.swap_paths
                0x0800053c       0x20 main.o
                0x0800053c                swap_paths
 .text.startup.main
                0x0800055c      0xc20 main.o
                0x0800055c                main
 .text.Default_Handler
                0x0800117c        0x4 startup.o
                0x0800117c                FLASH_Handler
                0x0800117c                EXTI2_3_Handler
                0x0800117c                TIM21_Handler
                0x0800117c                SysTick_Handler
                0x0800117c                I2C1_Handler
                0x0800117c                PendSV_Handler
                0x0800117c                NMI_Handler
                0x0800117c                WWDG_Handler
                0x0800117c                RTC_Handler
                0x0800117c                EXTI4_15_Handler
                0x0800117c                USART1_Handler
                0x0800117c                DMA_CH4_5_6_7_Handler
                0x0800117c                Default_Handler
                0x0800117c                LPUART1_Handler
                0x0800117c                EXTI0_1_Handler
                0x0800117c                DMA_CH1_Handler
                0x0800117c                SPI2_Handler
                0x0800117c                DMA_CH2_3_Handler
                0x0800117c                I2C2_Handler
                0x0800117c                SVC_Handler
                0x0800117c                LPTIM1_Handler
                0x0800117c                USART2_Handler
                0x0800117c                SPI1_Handler
                0x0800117c                RCC_Handler
                0x0800117c                PVD_Handler
                0x0800117c                TIM22_Handler
                0x0800117c                TIM6_Handler
                0x0800117c                ADC_COMP_Handler
 .text.Hard_Fault_Handler
                0x08001180        0x4 startup.o
                0x08001180                Hard_Fault_Handler
 .text.initClock
                0x08001184       0xbc startup.o
                0x08001184                initClock
 .text.update_sensor_channel.constprop.0
                0x08001240       0xa8 robot_auto_mode.o
 .text.run_follow_controller.isra.0
                0x080012e8       0xa8 robot_auto_mode.o
 .text.run_path_action
                0x08001390       0x84 robot_auto_mode.o
 .text.field_sensor_reset
                0x08001414       0x24 robot_auto_mode.o
                0x08001414                field_sensor_reset
 .text.field_sensor_update
                0x08001438       0x78 robot_auto_mode.o
                0x08001438                field_sensor_update
 .text.robot_auto_mode_init
                0x080014b0       0x1c robot_auto_mode.o
                0x080014b0                robot_auto_mode_init
 .text.robot_auto_mode_step
                0x080014cc       0xf8 robot_auto_mode.o
                0x080014cc                robot_auto_mode_step
 .text.i2c_write_addr8_data8
                0x080015c4       0x90 collision_detector.o
                0x080015c4                i2c_write_addr8_data8
 .text.i2c_read_addr8_data8
                0x08001654       0xcc collision_detector.o
                0x08001654                i2c_read_addr8_data8
 .text.i2c_read_addr8_data16
                0x08001720       0xf0 collision_detector.o
                0x08001720                i2c_read_addr8_data16
 .text.collision_detector_init
                0x08001810      0x10c collision_detector.o
                0x08001810                collision_detector_init
 .text.collision_detector_update
                0x0800191c       0x50 collision_detector.o
                0x0800191c                collision_detector_update
 .text.perform_single_ref_calibration
                0x0800196c       0x68 vl53l0x.o
 .text.vl53l0x_init
                0x080019d4      0x48c vl53l0x.o
                0x080019d4                vl53l0x_init
 .text.vl53l0x_start_continuous
                0x08001e60       0x68 vl53l0x.o
                0x08001e60                vl53l0x_start_continuous
 .text.vl53l0x_measurement_ready
                0x08001ec8       0x28 vl53l0x.o
                0x08001ec8                vl53l0x_measurement_ready
 .text.vl53l0x_read_range_continuous
                0x08001ef0       0x3c vl53l0x.o
                0x08001ef0                vl53l0x_read_range_continuous
 .text          0x08001f2c      0x114 c:/program files (x86)/gnu arm embedded toolchain/10 2021.10/bin/../lib/gcc/arm-none-eabi/10.3.1/thumb/v6-m/nofp\libgcc.a(_udivsi3.o)
                0x08001f2c                __aeabi_uidiv
                0x08001f2c                __udivsi3
                0x08002038                __aeabi_uidivmod
 .text          0x08002040      0x1d4 c:/program files (x86)/gnu arm embedded toolchain/10 2021.10/bin/../lib/gcc/arm-none-eabi/10.3.1/thumb/v6-m/nofp\libgcc.a(_divsi3.o)
                0x08002040                __divsi3
                0x08002040                __aeabi_idiv
                0x0800220c                __aeabi_idivmod
 .text          0x08002214        0x4 c:/program files (x86)/gnu arm embedded toolchain/10 2021.10/bin/../lib/gcc/arm-none-eabi/10.3.1/thumb/v6-m/nofp\libgcc.a(_dvmd_tls.o)
                0x08002214                __aeabi_idiv0
                0x08002214                __aeabi_ldiv0
 .text          0x08002218       0x74 c:/program files (x86)/gnu arm embedded toolchain/10 2021.10/bin/../lib/gcc/arm-none-eabi/10.3.1/thumb/v6-m/nofp\libgcc.a(_arm_cmpsf2.o)
                0x08002218                __aeabi_cfrcmple
                0x08002220                __aeabi_cfcmpeq
                0x08002220                __aeabi_cfcmple
                0x08002230                __aeabi_fcmpeq
                0x0800223c                __aeabi_fcmplt
                0x08002250                __aeabi_fcmple
                0x08002264                __aeabi_fcmpgt
                0x08002278                __aeabi_fcmpge
 .text          0x0800228c       0x4c c:/program files (x86)/gnu arm embedded toolchain/10 2021.10/bin/../lib/gcc/arm-none-eabi/10.3.1/thumb/v6-m/nofp\libgcc.a(eqsf2.o)
                0x0800228c                __eqsf2
                0x0800228c                __nesf2
 .text          0x080022d8       0x8c c:/program files (x86)/gnu arm embedded toolchain/10 2021.10/bin/../lib/gcc/arm-none-eabi/10.3.1/thumb/v6-m/nofp\libgcc.a(gesf2.o)
                0x080022d8                __gesf2
                0x080022d8                __gtsf2
 .text          0x08002364       0x88 c:/program files (x86)/gnu arm embedded toolchain/10 2021.10/bin/../lib/gcc/arm-none-eabi/10.3.1/thumb/v6-m/nofp\libgcc.a(lesf2.o)
                0x08002364                __ltsf2
                0x08002364                __lesf2
 .text          0x080023ec      0x35c c:/program files (x86)/gnu arm embedded toolchain/10 2021.10/bin/../lib/gcc/arm-none-eabi/10.3.1/thumb/v6-m/nofp\libgcc.a(subsf3.o)
                0x080023ec                __aeabi_fsub
 .text          0x08002748       0x40 c:/program files (x86)/gnu arm embedded toolchain/10 2021.10/bin/../lib/gcc/arm-none-eabi/10.3.1/thumb/v6-m/nofp\libgcc.a(fixsfsi.o)
                0x08002748                __aeabi_f2iz
 .text          0x08002788       0x9c c:/program files (x86)/gnu arm embedded toolchain/10 2021.10/bin/../lib/gcc/arm-none-eabi/10.3.1/thumb/v6-m/nofp\libgcc.a(floatsisf.o)
                0x08002788                __aeabi_i2f
 .text          0x08002824       0x3c c:/program files (x86)/gnu arm embedded toolchain/10 2021.10/bin/../lib/gcc/arm-none-eabi/10.3.1/thumb/v6-m/nofp\libgcc.a(_clzsi2.o)
                0x08002824                __clzsi2
 *(.rodata*)
 .rodata.main.str1.4
                0x08002860       0xf7 main.o
                                 0xfb (size before relaxing)
 *fill*         0x08002957        0x1 
 .rodata.k_path_table
                0x08002958       0x18 robot_auto_mode.o
                0x08002970                . = ALIGN (0x4)
                0x08002970                PROVIDE (__init_array_start = .)
 *(SORT_BY_NAME(.init_array.*))
 *(.init_array)
                0x08002970                PROVIDE (__init_array_end = .)
                0x08002970                . = ALIGN (0x4)
                0x08002970                _etext = .

.glue_7         0x08002970        0x0
 .glue_7        0x08002970        0x0 linker stubs

.glue_7t        0x08002970        0x0
 .glue_7t       0x08002970        0x0 linker stubs

.vfp11_veneer   0x08002970        0x0
 .vfp11_veneer  0x08002970        0x0 linker stubs

.v4_bx          0x08002970        0x0
 .v4_bx         0x08002970        0x0 linker stubs

.iplt           0x08002970        0x0
 .iplt          0x08002970        0x0 main.o

.rel.dyn        0x08002970        0x0
 .rel.iplt      0x08002970        0x0 main.o

.data           0x20000000        0x8 load address 0x08002970
                0x20000000                . = ALIGN (0x4)
                0x20000000                _data = .
 *(.data*)
 .data.BASE_SPEED
                0x20000000        0x4 main.o
                0x20000000                BASE_SPEED
 .data.g_state  0x20000004        0x1 robot_auto_mode.o
                0x20000008                . = ALIGN (0x4)
 *fill*         0x20000005        0x3 
                0x20000008                _edata = .

.igot.plt       0x20000008        0x0 load address 0x08002978
 .igot.plt      0x20000008        0x0 main.o

.bss            0x20000008       0x24 load address 0x08002978
                0x20000008                _bss = .
 *(.bss*)
 .bss.g_motor_compare
                0x20000008       0x10 main.o
 .bss.g_pwm_counter
                0x20000018        0x4 main.o
 .bss.g_speaker_counter
                0x2000001c        0x4 main.o
 .bss.g_speaker_remaining
                0x20000020        0x4 main.o
 .bss.g_speaker_toggle_counts
                0x20000024        0x4 main.o
 .bss.g_active_action
                0x20000028        0x1 robot_auto_mode.o
 .bss.stop_variable
                0x20000029        0x1 vl53l0x.o
 *(COMMON)
                0x2000002c                . = ALIGN (0x4)
 *fill*         0x2000002a        0x2 
                0x2000002c                _ebss = .
                [!provide]                PROVIDE (end = .)
                [!provide]                PROVIDE (_HeapStart = .)
                0x20002000                PROVIDE (_StackTop = (ORIGIN (ram) + LENGTH (ram)))
OUTPUT(auto_mode.elf elf32-littlearm)
LOAD linker stubs

.debug_info     0x00000000     0x5360
 .debug_info    0x00000000     0x20e6 main.o
 .debug_info    0x000020e6      0x3c4 startup.o
 .debug_info    0x000024aa     0x1228 robot_auto_mode.o
 .debug_info    0x000036d2      0xaf6 collision_detector.o
 .debug_info    0x000041c8     0x1198 vl53l0x.o

.debug_abbrev   0x00000000      0xf11
 .debug_abbrev  0x00000000      0x568 main.o
 .debug_abbrev  0x00000568      0x17b startup.o
 .debug_abbrev  0x000006e3      0x30d robot_auto_mode.o
 .debug_abbrev  0x000009f0      0x2c8 collision_detector.o
 .debug_abbrev  0x00000cb8      0x259 vl53l0x.o

.debug_loc      0x00000000     0x3626
 .debug_loc     0x00000000     0x1c0b main.o
 .debug_loc     0x00001c0b       0x5a startup.o
 .debug_loc     0x00001c65      0xdad robot_auto_mode.o
 .debug_loc     0x00002a12      0x87b collision_detector.o
 .debug_loc     0x0000328d      0x399 vl53l0x.o

.debug_aranges  0x00000000      0x1c0
 .debug_aranges
                0x00000000       0x80 main.o
 .debug_aranges
                0x00000080       0x38 startup.o
 .debug_aranges
                0x000000b8       0x70 robot_auto_mode.o
 .debug_aranges
                0x00000128       0x48 collision_detector.o
 .debug_aranges
                0x00000170       0x50 vl53l0x.o

.debug_ranges   0x00000000     0x12a8
 .debug_ranges  0x00000000      0x7a8 main.o
 .debug_ranges  0x000007a8       0x40 startup.o
 .debug_ranges  0x000007e8      0x550 robot_auto_mode.o
 .debug_ranges  0x00000d38      0x4d0 collision_detector.o
 .debug_ranges  0x00001208       0xa0 vl53l0x.o

.debug_line     0x00000000     0x3a5b
 .debug_line    0x00000000     0x1d1d main.o
 .debug_line    0x00001d1d      0x329 startup.o
 .debug_line    0x00002046      0x85f robot_auto_mode.o
 .debug_line    0x000028a5      0x957 collision_detector.o
 .debug_line    0x000031fc      0x85f vl53l0x.o

.debug_str      0x00000000     0x10ea
 .debug_str     0x00000000      0x8da main.o
                                0x953 (size before relaxing)
 .debug_str     0x000008da       0xb8 startup.o
                                0x2f7 (size before relaxing)
 .debug_str     0x00000992      0x3bc robot_auto_mode.o
                                0x73d (size before relaxing)
 .debug_str     0x00000d4e      0x1cc collision_detector.o
                                0x4b0 (size before relaxing)
 .debug_str     0x00000f1a      0x1d0 vl53l0x.o
                                0x3db (size before relaxing)

.comment        0x00000000       0x49
 .comment       0x00000000       0x49 main.o
                                 0x4a (size before relaxing)
 .comment       0x00000049       0x4a startup.o
 .comment       0x00000049       0x4a robot_auto_mode.o
 .comment       0x00000049       0x4a collision_detector.o
 .comment       0x00000049       0x4a vl53l0x.o

.ARM.attributes
                0x00000000       0x2c
 .ARM.attributes
                0x00000000       0x2c main.o
 .ARM.attributes
                0x0000002c       0x2c startup.o
 .ARM.attributes
                0x00000058       0x2c robot_auto_mode.o
 .ARM.attributes
                0x00000084       0x2c collision_detector.o
 .ARM.attributes
                0x000000b0       0x2c vl53l0x.o
 .ARM.attributes
                0x000000dc       0x1e c:/program files (x86)/gnu arm embedded toolchain/10 2021.10/bin/../lib/gcc/arm-none-eabi/10.3.1/thumb/v6-m/nofp\libgcc.a(_udivsi3.o)
 .ARM.attributes
                0x000000fa       0x1e c:/program files (x86)/gnu arm embedded toolchain/10 2021.10/bin/../lib/gcc/arm-none-eabi/10.3.1/thumb/v6-m/nofp\libgcc.a(_divsi3.o)
 .ARM.attributes
                0x00000118       0x1e c:/program files (x86)/gnu arm embedded toolchain/10 2021.10/bin/../lib/gcc/arm-none-eabi/10.3.1/thumb/v6-m/nofp\libgcc.a(_dvmd_tls.o)
 .ARM.attributes
                0x00000136       0x1e c:/program files (x86)/gnu arm embedded toolchain/10 2021.10/bin/../lib/gcc/arm-none-eabi/10.3.1/thumb/v6-m/nofp\libgcc.a(_arm_cmpsf2.o)
 .ARM.attributes
                0x00000154       0x2c c:/program files (x86)/gnu arm embedded toolchain/10 2021.10/bin/../lib/gcc/arm-none-eabi/10.3.1/thumb/v6-m/nofp\libgcc.a(eqsf2.o)
 .ARM.attributes
                0x00000180       0x2c c:/program files (x86)/gnu arm embedded toolchain/10 2021.10/bin/../lib/gcc/arm-none-eabi/10.3.1/thumb/v6-m/nofp\libgcc.a(gesf2.o)
 .ARM.attributes
                0x000001ac       0x2c c:/program files (x86)/gnu arm embedded toolchain/10 2021.10/bin/../lib/gcc/arm-none-eabi/10.3.1/thumb/v6-m/nofp\libgcc.a(lesf2.o)
 .ARM.attributes
                0x000001d8       0x2c c:/program files (x86)/gnu arm embedded toolchain/10 2021.10/bin/../lib/gcc/arm-none-eabi/10.3.1/thumb/v6-m/nofp\libgcc.a(subsf3.o)
 .ARM.attributes
                0x00000204       0x2c c:/program files (x86)/gnu arm embedded toolchain/10 2021.10/bin/../lib/gcc/arm-none-eabi/10.3.1/thumb/v6-m/nofp\libgcc.a(fixsfsi.o)
 .ARM.attributes
                0x00000230       0x2c c:/program files (x86)/gnu arm embedded toolchain/10 2021.10/bin/../lib/gcc/arm-none-eabi/10.3.1/thumb/v6-m/nofp\libgcc.a(floatsisf.o)
 .ARM.attributes
                0x0000025c       0x1e c:/program files (x86)/gnu arm embedded toolchain/10 2021.10/bin/../lib/gcc/arm-none-eabi/10.3.1/thumb/v6-m/nofp\libgcc.a(_clzsi2.o)

.debug_frame    0x00000000      0x5a0
 .debug_frame   0x00000000      0x16c main.o
 .debug_frame   0x0000016c       0x50 startup.o
 .debug_frame   0x000001bc      0x108 robot_auto_mode.o
 .debug_frame   0x000002c4       0xb4 collision_detector.o
 .debug_frame   0x00000378       0xdc vl53l0x.o
 .debug_frame   0x00000454       0x20 c:/program files (x86)/gnu arm embedded toolchain/10 2021.10/bin/../lib/gcc/arm-none-eabi/10.3.1/thumb/v6-m/nofp\libgcc.a(_udivsi3.o)
 .debug_frame   0x00000474       0x20 c:/program files (x86)/gnu arm embedded toolchain/10 2021.10/bin/../lib/gcc/arm-none-eabi/10.3.1/thumb/v6-m/nofp\libgcc.a(_divsi3.o)
 .debug_frame   0x00000494       0x2c c:/program files (x86)/gnu arm embedded toolchain/10 2021.10/bin/../lib/gcc/arm-none-eabi/10.3.1/thumb/v6-m/nofp\libgcc.a(eqsf2.o)
 .debug_frame   0x000004c0       0x2c c:/program files (x86)/gnu arm embedded toolchain/10 2021.10/bin/../lib/gcc/arm-none-eabi/10.3.1/thumb/v6-m/nofp\libgcc.a(gesf2.o)
 .debug_frame   0x000004ec       0x2c c:/program files (x86)/gnu arm embedded toolchain/10 2021.10/bin/../lib/gcc/arm-none-eabi/10.3.1/thumb/v6-m/nofp\libgcc.a(lesf2.o)
 .debug_frame   0x00000518       0x38 c:/program files (x86)/gnu arm embedded toolchain/10 2021.10/bin/../lib/gcc/arm-none-eabi/10.3.1/thumb/v6-m/nofp\libgcc.a(subsf3.o)
 .debug_frame   0x00000550       0x20 c:/program files (x86)/gnu arm embedded toolchain/10 2021.10/bin/../lib/gcc/arm-none-eabi/10.3.1/thumb/v6-m/nofp\libgcc.a(fixsfsi.o)
 .debug_frame   0x00000570       0x30 c:/program files (x86)/gnu arm embedded toolchain/10 2021.10/bin/../lib/gcc/arm-none-eabi/10.3.1/thumb/v6-m/nofp\libgcc.a(floatsisf.o)

Cross Reference Table

Symbol                                            File
ADC_COMP_Handler                                  startup.o
BASE_SPEED                                        main.o
                                                  robot_auto_mode.o
DMA_CH1_Handler                                   startup.o
DMA_CH2_3_Handler                                 startup.o
DMA_CH4_5_6_7_Handler                             startup.o
Default_Handler                                   startup.o
EXTI0_1_Handler                                   startup.o
EXTI2_3_Handler                                   startup.o
EXTI4_15_Handler                                  startup.o
FLASH_Handler                                     startup.o
Hard_Fault_Handler                                startup.o
I2C1_Handler                                      startup.o
I2C2_Handler                                      startup.o
LPTIM1_Handler                                    startup.o
LPUART1_Handler                                   startup.o
NMI_Handler                                       startup.o
PVD_Handler                                       startup.o
PendSV_Handler                                    startup.o
RCC_Handler                                       startup.o
RTC_Handler                                       startup.o
ResetInit                                         startup.o
SPI1_Handler                                      startup.o
SPI2_Handler                                      startup.o
SVC_Handler                                       startup.o
SysTick_Handler                                   startup.o
TIM21_Handler                                     startup.o
TIM22_Handler                                     startup.o
TIM2_Handler                                      main.o
TIM6_Handler                                      startup.o
USART1_Handler                                    startup.o
USART2_Handler                                    startup.o
Vectors                                           startup.o
WWDG_Handler                                      startup.o
_StackTop                                         startup.o
__aeabi_cfcmpeq                                   c:/program files (x86)/gnu arm embedded toolchain/10 2021.10/bin/../lib/gcc/arm-none-eabi/10.3.1/thumb/v6-m/nofp\libgcc.a(_arm_cmpsf2.o)
__aeabi_cfcmple                                   c:/program files (x86)/gnu arm embedded toolchain/10 2021.10/bin/../lib/gcc/arm-none-eabi/10.3.1/thumb/v6-m/nofp\libgcc.a(_arm_cmpsf2.o)
__aeabi_cfrcmple                                  c:/program files (x86)/gnu arm embedded toolchain/10 2021.10/bin/../lib/gcc/arm-none-eabi/10.3.1/thumb/v6-m/nofp\libgcc.a(_arm_cmpsf2.o)
__aeabi_f2iz                                      c:/program files (x86)/gnu arm embedded toolchain/10 2021.10/bin/../lib/gcc/arm-none-eabi/10.3.1/thumb/v6-m/nofp\libgcc.a(fixsfsi.o)
                                                  main.o
__aeabi_fcmpeq                                    c:/program files (x86)/gnu arm embedded toolchain/10 2021.10/bin/../lib/gcc/arm-none-eabi/10.3.1/thumb/v6-m/nofp\libgcc.a(_arm_cmpsf2.o)
__aeabi_fcmpge                                    c:/program files (x86)/gnu arm embedded toolchain/10 2021.10/bin/../lib/gcc/arm-none-eabi/10.3.1/thumb/v6-m/nofp\libgcc.a(_arm_cmpsf2.o)
                                                  main.o
__aeabi_fcmpgt                                    c:/program files (x86)/gnu arm embedded toolchain/10 2021.10/bin/../lib/gcc/arm-none-eabi/10.3.1/thumb/v6-m/nofp\libgcc.a(_arm_cmpsf2.o)
__aeabi_fcmple                                    c:/program files (x86)/gnu arm embedded toolchain/10 2021.10/bin/../lib/gcc/arm-none-eabi/10.3.1/thumb/v6-m/nofp\libgcc.a(_arm_cmpsf2.o)
                                                  main.o
__aeabi_fcmplt                                    c:/program files (x86)/gnu arm embedded toolchain/10 2021.10/bin/../lib/gcc/arm-none-eabi/10.3.1/thumb/v6-m/nofp\libgcc.a(_arm_cmpsf2.o)
__aeabi_fsub                                      c:/program files (x86)/gnu arm embedded toolchain/10 2021.10/bin/../lib/gcc/arm-none-eabi/10.3.1/thumb/v6-m/nofp\libgcc.a(subsf3.o)
                                                  main.o
__aeabi_i2f                                       c:/program files (x86)/gnu arm embedded toolchain/10 2021.10/bin/../lib/gcc/arm-none-eabi/10.3.1/thumb/v6-m/nofp\libgcc.a(floatsisf.o)
                                                  main.o
__aeabi_idiv                                      c:/program files (x86)/gnu arm embedded toolchain/10 2021.10/bin/../lib/gcc/arm-none-eabi/10.3.1/thumb/v6-m/nofp\libgcc.a(_divsi3.o)
                                                  robot_auto_mode.o
                                                  main.o
__aeabi_idiv0                                     c:/program files (x86)/gnu arm embedded toolchain/10 2021.10/bin/../lib/gcc/arm-none-eabi/10.3.1/thumb/v6-m/nofp\libgcc.a(_dvmd_tls.o)
                                                  c:/program files (x86)/gnu arm embedded toolchain/10 2021.10/bin/../lib/gcc/arm-none-eabi/10.3.1/thumb/v6-m/nofp\libgcc.a(_divsi3.o)
                                                  c:/program files (x86)/gnu arm embedded toolchain/10 2021.10/bin/../lib/gcc/arm-none-eabi/10.3.1/thumb/v6-m/nofp\libgcc.a(_udivsi3.o)
__aeabi_idivmod                                   c:/program files (x86)/gnu arm embedded toolchain/10 2021.10/bin/../lib/gcc/arm-none-eabi/10.3.1/thumb/v6-m/nofp\libgcc.a(_divsi3.o)
                                                  main.o
__aeabi_ldiv0                                     c:/program files (x86)/gnu arm embedded toolchain/10 2021.10/bin/../lib/gcc/arm-none-eabi/10.3.1/thumb/v6-m/nofp\libgcc.a(_dvmd_tls.o)
__aeabi_uidiv                                     c:/program files (x86)/gnu arm embedded toolchain/10 2021.10/bin/../lib/gcc/arm-none-eabi/10.3.1/thumb/v6-m/nofp\libgcc.a(_udivsi3.o)
                                                  main.o
__aeabi_uidivmod                                  c:/program files (x86)/gnu arm embedded toolchain/10 2021.10/bin/../lib/gcc/arm-none-eabi/10.3.1/thumb/v6-m/nofp\libgcc.a(_udivsi3.o)
                                                  main.o
__clzsi2                                          c:/program files (x86)/gnu arm embedded toolchain/10 2021.10/bin/../lib/gcc/arm-none-eabi/10.3.1/thumb/v6-m/nofp\libgcc.a(_clzsi2.o)
                                                  c:/program files (x86)/gnu arm embedded toolchain/10 2021.10/bin/../lib/gcc/arm-none-eabi/10.3.1/thumb/v6-m/nofp\libgcc.a(floatsisf.o)
                                                  c:/program files (x86)/gnu arm embedded toolchain/10 2021.10/bin/../lib/gcc/arm-none-eabi/10.3.1/thumb/v6-m/nofp\libgcc.a(subsf3.o)
__divsi3                                          c:/program files (x86)/gnu arm embedded toolchain/10 2021.10/bin/../lib/gcc/arm-none-eabi/10.3.1/thumb/v6-m/nofp\libgcc.a(_divsi3.o)
__eqsf2                                           c:/program files (x86)/gnu arm embedded toolchain/10 2021.10/bin/../lib/gcc/arm-none-eabi/10.3.1/thumb/v6-m/nofp\libgcc.a(eqsf2.o)
                                                  c:/program files (x86)/gnu arm embedded toolchain/10 2021.10/bin/../lib/gcc/arm-none-eabi/10.3.1/thumb/v6-m/nofp\libgcc.a(_arm_cmpsf2.o)
__gesf2                                           c:/program files (x86)/gnu arm embedded toolchain/10 2021.10/bin/../lib/gcc/arm-none-eabi/10.3.1/thumb/v6-m/nofp\libgcc.a(gesf2.o)
                                                  c:/program files (x86)/gnu arm embedded toolchain/10 2021.10/bin/../lib/gcc/arm-none-eabi/10.3.1/thumb/v6-m/nofp\libgcc.a(_arm_cmpsf2.o)
__gtsf2                                           c:/program files (x86)/gnu arm embedded toolchain/10 2021.10/bin/../lib/gcc/arm-none-eabi/10.3.1/thumb/v6-m/nofp\libgcc.a(gesf2.o)
__init_array_end                                  startup.o
__init_array_start                                startup.o
__lesf2                                           c:/program files (x86)/gnu arm embedded toolchain/10 2021.10/bin/../lib/gcc/arm-none-eabi/10.3.1/thumb/v6-m/nofp\libgcc.a(lesf2.o)
                                                  c:/program files (x86)/gnu arm embedded toolchain/10 2021.10/bin/../lib/gcc/arm-none-eabi/10.3.1/thumb/v6-m/nofp\libgcc.a(_arm_cmpsf2.o)
__ltsf2                                           c:/program files (x86)/gnu arm embedded toolchain/10 2021.10/bin/../lib/gcc/arm-none-eabi/10.3.1/thumb/v6-m/nofp\libgcc.a(lesf2.o)
__nesf2                                           c:/program files (x86)/gnu arm embedded toolchain/10 2021.10/bin/../lib/gcc/arm-none-eabi/10.3.1/thumb/v6-m/nofp\libgcc.a(eqsf2.o)
__udivsi3                                         c:/program files (x86)/gnu arm embedded toolchain/10 2021.10/bin/../lib/gcc/arm-none-eabi/10.3.1/thumb/v6-m/nofp\libgcc.a(_udivsi3.o)
_data                                             startup.o
_ebss                                             startup.o
_edata                                            startup.o
_etext                                            startup.o
collision_detector_init                           collision_detector.o
                                                  main.o
collision_detector_reset                          collision_detector.o
collision_detector_update                         collision_detector.o
                                                  main.o
delayms                                           main.o
                                                  collision_detector.o
                                                  robot_auto_mode.o
field_sensor_reset                                robot_auto_mode.o
                                                  main.o
field_sensor_update                               robot_auto_mode.o
                                                  main.o
hbridge_motor_apply                               main.o
                                                  robot_auto_mode.o
i2c_read_addr8_data16                             collision_detector.o
                                                  vl53l0x.o
i2c_read_addr8_data8                              collision_detector.o
                                                  vl53l0x.o
i2c_write_addr8_data8                             collision_detector.o
                                                  vl53l0x.o
initClock                                         startup.o
main                                              main.o
                                                  startup.o
path_context_on_intersection                      robot_auto_mode.o
path_context_reset                                robot_auto_mode.o
robot_auto_mode_get_state                         robot_auto_mode.o
robot_auto_mode_init                              robot_auto_mode.o
                                                  main.o
robot_auto_mode_set_path                          robot_auto_mode.o
robot_auto_mode_step                              robot_auto_mode.o
                                                  main.o
speaker_beep                                      main.o
                                                  robot_auto_mode.o
swap_paths                                        main.o
vl53l0x_init                                      vl53l0x.o
                                                  collision_detector.o
vl53l0x_measurement_ready                         vl53l0x.o
                                                  collision_detector.o
vl53l0x_read_range_continuous                     vl53l0x.o
                                                  collision_detector.o
vl53l0x_read_range_single                         vl53l0x.o
vl53l0x_start_continuous                          vl53l0x.o
                                                  collision_detector.o
vl53l0x_stop_continuous                           vl53l0x.o
wait_1ms                                          main.o
wait_1us                                          main.o
