Archive member included to satisfy reference by file (symbol)

/Applications/ArmGNUToolchain/15.2.rel1/arm-none-eabi/bin/../lib/gcc/arm-none-eabi/15.2.1/thumb/v6-m/nofp/libgcc.a(_udivsi3.o)
                              main.o (__aeabi_uidiv)
/Applications/ArmGNUToolchain/15.2.rel1/arm-none-eabi/bin/../lib/gcc/arm-none-eabi/15.2.1/thumb/v6-m/nofp/libgcc.a(_divsi3.o)
                              main.o (__aeabi_idiv)
/Applications/ArmGNUToolchain/15.2.rel1/arm-none-eabi/bin/../lib/gcc/arm-none-eabi/15.2.1/thumb/v6-m/nofp/libgcc.a(_dvmd_tls.o)
                              /Applications/ArmGNUToolchain/15.2.rel1/arm-none-eabi/bin/../lib/gcc/arm-none-eabi/15.2.1/thumb/v6-m/nofp/libgcc.a(_udivsi3.o) (__aeabi_idiv0)

Discarded input sections

 .text          0x00000000        0x0 main.o
 .data          0x00000000        0x0 main.o
 .bss           0x00000000        0x0 main.o
 .text.wait_1ms
                0x00000000       0x28 main.o
 .text          0x00000000        0x0 startup.o
 .data          0x00000000        0x0 startup.o
 .bss           0x00000000        0x0 startup.o
 .text          0x00000000        0x0 robot_auto_mode.o
 .data          0x00000000        0x0 robot_auto_mode.o
 .bss           0x00000000        0x0 robot_auto_mode.o
 .text.path_context_reset
                0x00000000        0xc robot_auto_mode.o
 .text.path_context_on_intersection
                0x00000000       0x20 robot_auto_mode.o
 .text.robot_auto_mode_set_path
                0x00000000        0x8 robot_auto_mode.o
 .text          0x00000000        0x0 collision_detector.o
 .data          0x00000000        0x0 collision_detector.o
 .bss           0x00000000        0x0 collision_detector.o
 .text.collision_detector_reset
                0x00000000        0xc collision_detector.o
 .text.collision_detector_update
                0x00000000       0x50 collision_detector.o
 .text          0x00000000        0x0 vl53l0x.o
 .data          0x00000000        0x0 vl53l0x.o
 .bss           0x00000000        0x0 vl53l0x.o
 .text.vl53l0x_start_continuous
                0x00000000       0x68 vl53l0x.o
 .text.vl53l0x_stop_continuous
                0x00000000       0x68 vl53l0x.o
 .text.vl53l0x_measurement_ready
                0x00000000       0x28 vl53l0x.o
 .text.vl53l0x_read_range_continuous
                0x00000000       0x3c vl53l0x.o
 .data          0x00000000        0x0 /Applications/ArmGNUToolchain/15.2.rel1/arm-none-eabi/bin/../lib/gcc/arm-none-eabi/15.2.1/thumb/v6-m/nofp/libgcc.a(_udivsi3.o)
 .bss           0x00000000        0x0 /Applications/ArmGNUToolchain/15.2.rel1/arm-none-eabi/bin/../lib/gcc/arm-none-eabi/15.2.1/thumb/v6-m/nofp/libgcc.a(_udivsi3.o)
 .data          0x00000000        0x0 /Applications/ArmGNUToolchain/15.2.rel1/arm-none-eabi/bin/../lib/gcc/arm-none-eabi/15.2.1/thumb/v6-m/nofp/libgcc.a(_divsi3.o)
 .bss           0x00000000        0x0 /Applications/ArmGNUToolchain/15.2.rel1/arm-none-eabi/bin/../lib/gcc/arm-none-eabi/15.2.1/thumb/v6-m/nofp/libgcc.a(_divsi3.o)
 .data          0x00000000        0x0 /Applications/ArmGNUToolchain/15.2.rel1/arm-none-eabi/bin/../lib/gcc/arm-none-eabi/15.2.1/thumb/v6-m/nofp/libgcc.a(_dvmd_tls.o)
 .bss           0x00000000        0x0 /Applications/ArmGNUToolchain/15.2.rel1/arm-none-eabi/bin/../lib/gcc/arm-none-eabi/15.2.1/thumb/v6-m/nofp/libgcc.a(_dvmd_tls.o)

Memory Configuration

Name             Origin             Length             Attributes
flash            0x08000000         0x00010000
ram              0x20000000         0x00002000
*default*        0x00000000         0xffffffff

Linker script and memory map

LOAD main.o
LOAD startup.o
LOAD robot_auto_mode.o
LOAD collision_detector.o
LOAD vl53l0x.o
LOAD /Applications/ArmGNUToolchain/15.2.rel1/arm-none-eabi/bin/../lib/gcc/arm-none-eabi/15.2.1/thumb/v6-m/nofp/libgcc.a

.text           0x08000000     0x2334
 *(.vectors)
 .vectors       0x08000000       0xb8 startup.o
                0x08000000                Vectors
 *(.after_vectors*)
 .after_vectors
                0x080000b8       0x80 startup.o
                0x080000b8                ResetInit
 *(.text*)
 .text.uart_puts
                0x08000138       0x24 main.o
 .text.uart_print_int
                0x0800015c       0xa4 main.o
 .text.motors_stop
                0x08000200       0x48 main.o
 .text.delayms  0x08000248       0x34 main.o
                0x08000248                delayms
 .text.TIM2_Handler
                0x0800027c       0xc0 main.o
                0x0800027c                TIM2_Handler
 .text.hbridge_motor_apply
                0x0800033c       0x84 main.o
                0x0800033c                hbridge_motor_apply
 .text.startup.main
                0x080003c0      0xcc8 main.o
                0x080003c0                main
 .text.Default_Handler
                0x08001088        0x4 startup.o
                0x08001088                ADC_COMP_Handler
                0x08001088                EXTI2_3_Handler
                0x08001088                TIM21_Handler
                0x08001088                SysTick_Handler
                0x08001088                I2C1_Handler
                0x08001088                PendSV_Handler
                0x08001088                NMI_Handler
                0x08001088                WWDG_Handler
                0x08001088                RTC_Handler
                0x08001088                EXTI4_15_Handler
                0x08001088                USART1_Handler
                0x08001088                DMA_CH4_5_6_7_Handler
                0x08001088                Default_Handler
                0x08001088                LPUART1_Handler
                0x08001088                EXTI0_1_Handler
                0x08001088                DMA_CH1_Handler
                0x08001088                SPI2_Handler
                0x08001088                DMA_CH2_3_Handler
                0x08001088                I2C2_Handler
                0x08001088                SVC_Handler
                0x08001088                LPTIM1_Handler
                0x08001088                USART2_Handler
                0x08001088                SPI1_Handler
                0x08001088                RCC_Handler
                0x08001088                PVD_Handler
                0x08001088                TIM22_Handler
                0x08001088                TIM6_Handler
                0x08001088                FLASH_Handler
 .text.Hard_Fault_Handler
                0x0800108c        0x4 startup.o
                0x0800108c                Hard_Fault_Handler
 .text.initClock
                0x08001090       0xbc startup.o
                0x08001090                initClock
 .text.update_sensor_channel.constprop.0
                0x0800114c       0xac robot_auto_mode.o
 .text.run_follow_controller.isra.0
                0x080011f8       0x34 robot_auto_mode.o
 .text.field_sensor_reset
                0x0800122c       0x24 robot_auto_mode.o
                0x0800122c                field_sensor_reset
 .text.field_sensor_update
                0x08001250       0x78 robot_auto_mode.o
                0x08001250                field_sensor_update
 .text.robot_auto_mode_init
                0x080012c8       0x1c robot_auto_mode.o
                0x080012c8                robot_auto_mode_init
 .text.robot_auto_mode_resume
                0x080012e4       0x18 robot_auto_mode.o
                0x080012e4                robot_auto_mode_resume
 .text.robot_auto_mode_get_state
                0x080012fc        0xc robot_auto_mode.o
                0x080012fc                robot_auto_mode_get_state
 .text.robot_auto_mode_step
                0x08001308      0x14c robot_auto_mode.o
                0x08001308                robot_auto_mode_step
 .text.i2c_write_addr8_data8
                0x08001454       0x90 collision_detector.o
                0x08001454                i2c_write_addr8_data8
 .text.i2c_read_addr8_data8
                0x080014e4       0xcc collision_detector.o
                0x080014e4                i2c_read_addr8_data8
 .text.i2c_read_addr8_data16
                0x080015b0       0xf0 collision_detector.o
                0x080015b0                i2c_read_addr8_data16
 .text.collision_detector_init
                0x080016a0      0x104 collision_detector.o
                0x080016a0                collision_detector_init
 .text.perform_single_ref_calibration
                0x080017a4       0x68 vl53l0x.o
 .text.vl53l0x_init
                0x0800180c      0x578 vl53l0x.o
                0x0800180c                vl53l0x_init
 .text.vl53l0x_read_range_single
                0x08001d84       0xf0 vl53l0x.o
                0x08001d84                vl53l0x_read_range_single
 .text          0x08001e74      0x114 /Applications/ArmGNUToolchain/15.2.rel1/arm-none-eabi/bin/../lib/gcc/arm-none-eabi/15.2.1/thumb/v6-m/nofp/libgcc.a(_udivsi3.o)
                0x08001e74                __udivsi3
                0x08001e74                __aeabi_uidiv
                0x08001f80                __aeabi_uidivmod
 .text          0x08001f88      0x1d4 /Applications/ArmGNUToolchain/15.2.rel1/arm-none-eabi/bin/../lib/gcc/arm-none-eabi/15.2.1/thumb/v6-m/nofp/libgcc.a(_divsi3.o)
                0x08001f88                __aeabi_idiv
                0x08001f88                __divsi3
                0x08002154                __aeabi_idivmod
 .text          0x0800215c        0x4 /Applications/ArmGNUToolchain/15.2.rel1/arm-none-eabi/bin/../lib/gcc/arm-none-eabi/15.2.1/thumb/v6-m/nofp/libgcc.a(_dvmd_tls.o)
                0x0800215c                __aeabi_ldiv0
                0x0800215c                __aeabi_idiv0
 *(.rodata*)
 .rodata.main.str1.4
                0x08002160      0x1bb main.o
 *fill*         0x0800231b        0x1 
 .rodata.k_path_table
                0x0800231c       0x18 robot_auto_mode.o
                0x08002334                        . = ALIGN (0x4)
                0x08002334                        PROVIDE (__init_array_start = .)
 *(SORT_BY_NAME(.init_array.*))
 *(.init_array)
                0x08002334                        PROVIDE (__init_array_end = .)
                0x08002334                        . = ALIGN (0x4)
                0x08002334                        _etext = .

.glue_7         0x08002334        0x0
 .glue_7        0x08002334        0x0 linker stubs

.glue_7t        0x08002334        0x0
 .glue_7t       0x08002334        0x0 linker stubs

.vfp11_veneer   0x08002334        0x0
 .vfp11_veneer  0x08002334        0x0 linker stubs

.v4_bx          0x08002334        0x0
 .v4_bx         0x08002334        0x0 linker stubs

.iplt           0x08002334        0x0
 .iplt          0x08002334        0x0 main.o

.rel.dyn        0x08002334        0x0
 .rel.iplt      0x08002334        0x0 main.o

.data           0x20000000        0x4 load address 0x08002334
                0x20000000                        . = ALIGN (0x4)
                0x20000000                        _data = .
 *(.data*)
 .data.g_state  0x20000000        0x1 robot_auto_mode.o
                0x20000004                        . = ALIGN (0x4)
 *fill*         0x20000001        0x3 
                0x20000004                        _edata = .

.igot.plt       0x20000004        0x0 load address 0x08002338
 .igot.plt      0x20000004        0x0 main.o

.bss            0x20000004       0x20 load address 0x08002338
                0x20000004                        _bss = .
 *(.bss*)
 .bss.g_pwm_counter
                0x20000004        0x4 main.o
 .bss.g_motor_compare
                0x20000008       0x10 main.o
 .bss.g_last_right_command
                0x20000018        0x4 main.o
 .bss.g_last_left_command
                0x2000001c        0x4 main.o
 .bss.g_active_action
                0x20000020        0x1 robot_auto_mode.o
 .bss.stop_variable
                0x20000021        0x1 vl53l0x.o
 *(COMMON)
                0x20000024                        . = ALIGN (0x4)
 *fill*         0x20000022        0x2 
                0x20000024                        _ebss = .
                [!provide]                        PROVIDE (end = .)
                [!provide]                        PROVIDE (_HeapStart = .)
                0x20002000                        PROVIDE (_StackTop = (ORIGIN (ram) + LENGTH (ram)))
OUTPUT(auto_mode.elf elf32-littlearm)
LOAD linker stubs

.debug_info     0x00000000     0x54d6
 .debug_info    0x00000000     0x231e main.o
 .debug_info    0x0000231e      0x3c4 startup.o
 .debug_info    0x000026e2     0x118a robot_auto_mode.o
 .debug_info    0x0000386c      0xae1 collision_detector.o
 .debug_info    0x0000434d     0x1189 vl53l0x.o

.debug_abbrev   0x00000000      0xf74
 .debug_abbrev  0x00000000      0x55a main.o
 .debug_abbrev  0x0000055a      0x17b startup.o
 .debug_abbrev  0x000006d5      0x37b robot_auto_mode.o
 .debug_abbrev  0x00000a50      0x2c8 collision_detector.o
 .debug_abbrev  0x00000d18      0x25c vl53l0x.o

.debug_loclists
                0x00000000     0x2b6e
 .debug_loclists
                0x00000000     0x1f12 main.o
 .debug_loclists
                0x00001f12      0x97a robot_auto_mode.o
 .debug_loclists
                0x0000288c      0x2e2 vl53l0x.o

.debug_aranges  0x00000000      0x198
 .debug_aranges
                0x00000000       0x58 main.o
 .debug_aranges
                0x00000058       0x38 startup.o
 .debug_aranges
                0x00000090       0x70 robot_auto_mode.o
 .debug_aranges
                0x00000100       0x48 collision_detector.o
 .debug_aranges
                0x00000148       0x50 vl53l0x.o

.debug_rnglists
                0x00000000      0x814
 .debug_rnglists
                0x00000000      0x608 main.o
 .debug_rnglists
                0x00000608      0x1bb robot_auto_mode.o
 .debug_rnglists
                0x000007c3       0x51 vl53l0x.o

.debug_line     0x00000000     0x406b
 .debug_line    0x00000000     0x2361 main.o
 .debug_line    0x00002361      0x329 startup.o
 .debug_line    0x0000268a      0x814 robot_auto_mode.o
 .debug_line    0x00002e9e      0x944 collision_detector.o
 .debug_line    0x000037e2      0x889 vl53l0x.o

.debug_str      0x00000000     0x1241
 .debug_str     0x00000000     0x1241 main.o
                                0xa40 (size before relaxing)
 .debug_str     0x00001241        0x0 startup.o
                                0x2f4 (size before relaxing)
 .debug_str     0x00001241        0x0 robot_auto_mode.o
                                0x74b (size before relaxing)
 .debug_str     0x00001241        0x0 collision_detector.o
                                0x494 (size before relaxing)
 .debug_str     0x00001241        0x0 vl53l0x.o
                                0x3c8 (size before relaxing)

.comment        0x00000000       0x8e
 .comment       0x00000000       0x8e main.o
                                 0x46 (size before relaxing)
 .comment       0x0000008e        0x0 startup.o
                                 0x4a (size before relaxing)
 .comment       0x0000008e        0x0 robot_auto_mode.o
                                 0x46 (size before relaxing)
 .comment       0x0000008e        0x0 collision_detector.o
                                 0x4a (size before relaxing)
 .comment       0x0000008e        0x0 vl53l0x.o
                                 0x46 (size before relaxing)

.ARM.attributes
                0x00000000       0x2c
 .ARM.attributes
                0x00000000       0x2c main.o
 .ARM.attributes
                0x0000002c       0x2c startup.o
 .ARM.attributes
                0x00000058       0x2c robot_auto_mode.o
 .ARM.attributes
                0x00000084       0x2c collision_detector.o
 .ARM.attributes
                0x000000b0       0x2c vl53l0x.o
 .ARM.attributes
                0x000000dc       0x1e /Applications/ArmGNUToolchain/15.2.rel1/arm-none-eabi/bin/../lib/gcc/arm-none-eabi/15.2.1/thumb/v6-m/nofp/libgcc.a(_udivsi3.o)
 .ARM.attributes
                0x000000fa       0x1e /Applications/ArmGNUToolchain/15.2.rel1/arm-none-eabi/bin/../lib/gcc/arm-none-eabi/15.2.1/thumb/v6-m/nofp/libgcc.a(_divsi3.o)
 .ARM.attributes
                0x00000118       0x1e /Applications/ArmGNUToolchain/15.2.rel1/arm-none-eabi/bin/../lib/gcc/arm-none-eabi/15.2.1/thumb/v6-m/nofp/libgcc.a(_dvmd_tls.o)

.debug_frame    0x00000000      0x3fc
 .debug_frame   0x00000000       0xe4 main.o
 .debug_frame   0x000000e4       0x50 startup.o
 .debug_frame   0x00000134       0xf8 robot_auto_mode.o
 .debug_frame   0x0000022c       0xb4 collision_detector.o
 .debug_frame   0x000002e0       0xdc vl53l0x.o
 .debug_frame   0x000003bc       0x20 /Applications/ArmGNUToolchain/15.2.rel1/arm-none-eabi/bin/../lib/gcc/arm-none-eabi/15.2.1/thumb/v6-m/nofp/libgcc.a(_udivsi3.o)
 .debug_frame   0x000003dc       0x20 /Applications/ArmGNUToolchain/15.2.rel1/arm-none-eabi/bin/../lib/gcc/arm-none-eabi/15.2.1/thumb/v6-m/nofp/libgcc.a(_divsi3.o)

.debug_loc      0x00000000      0x8d5
 .debug_loc     0x00000000       0x5a startup.o
 .debug_loc     0x0000005a      0x87b collision_detector.o

.debug_ranges   0x00000000      0x510
 .debug_ranges  0x00000000       0x40 startup.o
 .debug_ranges  0x00000040      0x4d0 collision_detector.o

.debug_line_str
                0x00000000       0xd2
 .debug_line_str
                0x00000000       0xd2 /Applications/ArmGNUToolchain/15.2.rel1/arm-none-eabi/bin/../lib/gcc/arm-none-eabi/15.2.1/thumb/v6-m/nofp/libgcc.a(_udivsi3.o)
 .debug_line_str
                0x000000d2        0x0 /Applications/ArmGNUToolchain/15.2.rel1/arm-none-eabi/bin/../lib/gcc/arm-none-eabi/15.2.1/thumb/v6-m/nofp/libgcc.a(_divsi3.o)
                                 0xd2 (size before relaxing)
 .debug_line_str
                0x000000d2        0x0 /Applications/ArmGNUToolchain/15.2.rel1/arm-none-eabi/bin/../lib/gcc/arm-none-eabi/15.2.1/thumb/v6-m/nofp/libgcc.a(_dvmd_tls.o)
                                 0xd2 (size before relaxing)

Cross Reference Table

Symbol                                            File
ADC_COMP_Handler                                  startup.o
DMA_CH1_Handler                                   startup.o
DMA_CH2_3_Handler                                 startup.o
DMA_CH4_5_6_7_Handler                             startup.o
Default_Handler                                   startup.o
EXTI0_1_Handler                                   startup.o
EXTI2_3_Handler                                   startup.o
EXTI4_15_Handler                                  startup.o
FLASH_Handler                                     startup.o
Hard_Fault_Handler                                startup.o
I2C1_Handler                                      startup.o
I2C2_Handler                                      startup.o
LPTIM1_Handler                                    startup.o
LPUART1_Handler                                   startup.o
NMI_Handler                                       startup.o
PVD_Handler                                       startup.o
PendSV_Handler                                    startup.o
RCC_Handler                                       startup.o
RTC_Handler                                       startup.o
ResetInit                                         startup.o
SPI1_Handler                                      startup.o
SPI2_Handler                                      startup.o
SVC_Handler                                       startup.o
SysTick_Handler                                   startup.o
TIM21_Handler                                     startup.o
TIM22_Handler                                     startup.o
TIM2_Handler                                      main.o
TIM6_Handler                                      startup.o
USART1_Handler                                    startup.o
USART2_Handler                                    startup.o
Vectors                                           startup.o
WWDG_Handler                                      startup.o
_StackTop                                         startup.o
__aeabi_idiv                                      /Applications/ArmGNUToolchain/15.2.rel1/arm-none-eabi/bin/../lib/gcc/arm-none-eabi/15.2.1/thumb/v6-m/nofp/libgcc.a(_divsi3.o)
                                                  robot_auto_mode.o
                                                  main.o
__aeabi_idiv0                                     /Applications/ArmGNUToolchain/15.2.rel1/arm-none-eabi/bin/../lib/gcc/arm-none-eabi/15.2.1/thumb/v6-m/nofp/libgcc.a(_dvmd_tls.o)
                                                  /Applications/ArmGNUToolchain/15.2.rel1/arm-none-eabi/bin/../lib/gcc/arm-none-eabi/15.2.1/thumb/v6-m/nofp/libgcc.a(_divsi3.o)
                                                  /Applications/ArmGNUToolchain/15.2.rel1/arm-none-eabi/bin/../lib/gcc/arm-none-eabi/15.2.1/thumb/v6-m/nofp/libgcc.a(_udivsi3.o)
__aeabi_idivmod                                   /Applications/ArmGNUToolchain/15.2.rel1/arm-none-eabi/bin/../lib/gcc/arm-none-eabi/15.2.1/thumb/v6-m/nofp/libgcc.a(_divsi3.o)
__aeabi_ldiv0                                     /Applications/ArmGNUToolchain/15.2.rel1/arm-none-eabi/bin/../lib/gcc/arm-none-eabi/15.2.1/thumb/v6-m/nofp/libgcc.a(_dvmd_tls.o)
__aeabi_uidiv                                     /Applications/ArmGNUToolchain/15.2.rel1/arm-none-eabi/bin/../lib/gcc/arm-none-eabi/15.2.1/thumb/v6-m/nofp/libgcc.a(_udivsi3.o)
                                                  main.o
__aeabi_uidivmod                                  /Applications/ArmGNUToolchain/15.2.rel1/arm-none-eabi/bin/../lib/gcc/arm-none-eabi/15.2.1/thumb/v6-m/nofp/libgcc.a(_udivsi3.o)
                                                  main.o
__divsi3                                          /Applications/ArmGNUToolchain/15.2.rel1/arm-none-eabi/bin/../lib/gcc/arm-none-eabi/15.2.1/thumb/v6-m/nofp/libgcc.a(_divsi3.o)
__init_array_end                                  startup.o
__init_array_start                                startup.o
__udivsi3                                         /Applications/ArmGNUToolchain/15.2.rel1/arm-none-eabi/bin/../lib/gcc/arm-none-eabi/15.2.1/thumb/v6-m/nofp/libgcc.a(_udivsi3.o)
_data                                             startup.o
_ebss                                             startup.o
_edata                                            startup.o
_etext                                            startup.o
collision_detector_init                           collision_detector.o
                                                  main.o
collision_detector_reset                          collision_detector.o
collision_detector_update                         collision_detector.o
delayms                                           main.o
                                                  collision_detector.o
                                                  robot_auto_mode.o
field_sensor_reset                                robot_auto_mode.o
                                                  main.o
field_sensor_update                               robot_auto_mode.o
                                                  main.o
hbridge_motor_apply                               main.o
                                                  robot_auto_mode.o
i2c_read_addr8_data16                             collision_detector.o
                                                  vl53l0x.o
i2c_read_addr8_data8                              collision_detector.o
                                                  vl53l0x.o
i2c_write_addr8_data8                             collision_detector.o
                                                  vl53l0x.o
initClock                                         startup.o
main                                              main.o
                                                  startup.o
path_context_on_intersection                      robot_auto_mode.o
path_context_reset                                robot_auto_mode.o
robot_auto_mode_get_state                         robot_auto_mode.o
                                                  main.o
robot_auto_mode_init                              robot_auto_mode.o
                                                  main.o
robot_auto_mode_resume                            robot_auto_mode.o
                                                  main.o
robot_auto_mode_set_path                          robot_auto_mode.o
robot_auto_mode_step                              robot_auto_mode.o
                                                  main.o
vl53l0x_init                                      vl53l0x.o
                                                  collision_detector.o
vl53l0x_measurement_ready                         vl53l0x.o
                                                  collision_detector.o
vl53l0x_read_range_continuous                     vl53l0x.o
                                                  collision_detector.o
vl53l0x_read_range_single                         vl53l0x.o
                                                  main.o
vl53l0x_start_continuous                          vl53l0x.o
vl53l0x_stop_continuous                           vl53l0x.o
wait_1ms                                          main.o
