Archive member included to satisfy reference by file (symbol)

/Applications/ArmGNUToolchain/15.2.rel1/arm-none-eabi/bin/../lib/gcc/arm-none-eabi/15.2.1/thumb/v6-m/nofp/libgcc.a(_udivsi3.o)
                              main.o (__aeabi_uidiv)
/Applications/ArmGNUToolchain/15.2.rel1/arm-none-eabi/bin/../lib/gcc/arm-none-eabi/15.2.1/thumb/v6-m/nofp/libgcc.a(_divsi3.o)
                              main.o (__aeabi_idiv)
/Applications/ArmGNUToolchain/15.2.rel1/arm-none-eabi/bin/../lib/gcc/arm-none-eabi/15.2.1/thumb/v6-m/nofp/libgcc.a(_dvmd_tls.o)
                              /Applications/ArmGNUToolchain/15.2.rel1/arm-none-eabi/bin/../lib/gcc/arm-none-eabi/15.2.1/thumb/v6-m/nofp/libgcc.a(_udivsi3.o) (__aeabi_idiv0)
/Applications/ArmGNUToolchain/15.2.rel1/arm-none-eabi/bin/../lib/gcc/arm-none-eabi/15.2.1/thumb/v6-m/nofp/libgcc.a(_arm_cmpsf2.o)
                              main.o (__aeabi_fcmple)
/Applications/ArmGNUToolchain/15.2.rel1/arm-none-eabi/bin/../lib/gcc/arm-none-eabi/15.2.1/thumb/v6-m/nofp/libgcc.a(eqsf2.o)
                              /Applications/ArmGNUToolchain/15.2.rel1/arm-none-eabi/bin/../lib/gcc/arm-none-eabi/15.2.1/thumb/v6-m/nofp/libgcc.a(_arm_cmpsf2.o) (__eqsf2)
/Applications/ArmGNUToolchain/15.2.rel1/arm-none-eabi/bin/../lib/gcc/arm-none-eabi/15.2.1/thumb/v6-m/nofp/libgcc.a(gesf2.o)
                              /Applications/ArmGNUToolchain/15.2.rel1/arm-none-eabi/bin/../lib/gcc/arm-none-eabi/15.2.1/thumb/v6-m/nofp/libgcc.a(_arm_cmpsf2.o) (__gesf2)
/Applications/ArmGNUToolchain/15.2.rel1/arm-none-eabi/bin/../lib/gcc/arm-none-eabi/15.2.1/thumb/v6-m/nofp/libgcc.a(lesf2.o)
                              /Applications/ArmGNUToolchain/15.2.rel1/arm-none-eabi/bin/../lib/gcc/arm-none-eabi/15.2.1/thumb/v6-m/nofp/libgcc.a(_arm_cmpsf2.o) (__lesf2)
/Applications/ArmGNUToolchain/15.2.rel1/arm-none-eabi/bin/../lib/gcc/arm-none-eabi/15.2.1/thumb/v6-m/nofp/libgcc.a(subsf3.o)
                              main.o (__aeabi_fsub)
/Applications/ArmGNUToolchain/15.2.rel1/arm-none-eabi/bin/../lib/gcc/arm-none-eabi/15.2.1/thumb/v6-m/nofp/libgcc.a(fixsfsi.o)
                              main.o (__aeabi_f2iz)
/Applications/ArmGNUToolchain/15.2.rel1/arm-none-eabi/bin/../lib/gcc/arm-none-eabi/15.2.1/thumb/v6-m/nofp/libgcc.a(floatsisf.o)
                              main.o (__aeabi_i2f)
/Applications/ArmGNUToolchain/15.2.rel1/arm-none-eabi/bin/../lib/gcc/arm-none-eabi/15.2.1/thumb/v6-m/nofp/libgcc.a(_clzsi2.o)
                              /Applications/ArmGNUToolchain/15.2.rel1/arm-none-eabi/bin/../lib/gcc/arm-none-eabi/15.2.1/thumb/v6-m/nofp/libgcc.a(subsf3.o) (__clzsi2)

Discarded input sections

 .text          0x00000000        0x0 main.o
 .data          0x00000000        0x0 main.o
 .bss           0x00000000        0x0 main.o
 .text.wait_1us
                0x00000000       0x24 main.o
 .text.wait_1ms
                0x00000000       0x28 main.o
 .text          0x00000000        0x0 startup.o
 .data          0x00000000        0x0 startup.o
 .bss           0x00000000        0x0 startup.o
 .text          0x00000000        0x0 robot_auto_mode.o
 .data          0x00000000        0x0 robot_auto_mode.o
 .bss           0x00000000        0x0 robot_auto_mode.o
 .text.path_context_reset
                0x00000000        0xc robot_auto_mode.o
 .text.path_context_on_intersection
                0x00000000       0x20 robot_auto_mode.o
 .text.robot_auto_mode_set_path
                0x00000000        0x8 robot_auto_mode.o
 .text.robot_auto_mode_get_state
                0x00000000        0xc robot_auto_mode.o
 .text          0x00000000        0x0 collision_detector.o
 .data          0x00000000        0x0 collision_detector.o
 .bss           0x00000000        0x0 collision_detector.o
 .text.collision_detector_reset
                0x00000000        0xc collision_detector.o
 .text.collision_detector_update
                0x00000000       0x50 collision_detector.o
 .text          0x00000000        0x0 vl53l0x.o
 .data          0x00000000        0x0 vl53l0x.o
 .bss           0x00000000        0x0 vl53l0x.o
 .text.vl53l0x_start_continuous
                0x00000000       0x68 vl53l0x.o
 .text.vl53l0x_stop_continuous
                0x00000000       0x68 vl53l0x.o
 .text.vl53l0x_measurement_ready
                0x00000000       0x28 vl53l0x.o
 .text.vl53l0x_read_range_continuous
                0x00000000       0x3c vl53l0x.o
 .data          0x00000000        0x0 /Applications/ArmGNUToolchain/15.2.rel1/arm-none-eabi/bin/../lib/gcc/arm-none-eabi/15.2.1/thumb/v6-m/nofp/libgcc.a(_udivsi3.o)
 .bss           0x00000000        0x0 /Applications/ArmGNUToolchain/15.2.rel1/arm-none-eabi/bin/../lib/gcc/arm-none-eabi/15.2.1/thumb/v6-m/nofp/libgcc.a(_udivsi3.o)
 .data          0x00000000        0x0 /Applications/ArmGNUToolchain/15.2.rel1/arm-none-eabi/bin/../lib/gcc/arm-none-eabi/15.2.1/thumb/v6-m/nofp/libgcc.a(_divsi3.o)
 .bss           0x00000000        0x0 /Applications/ArmGNUToolchain/15.2.rel1/arm-none-eabi/bin/../lib/gcc/arm-none-eabi/15.2.1/thumb/v6-m/nofp/libgcc.a(_divsi3.o)
 .data          0x00000000        0x0 /Applications/ArmGNUToolchain/15.2.rel1/arm-none-eabi/bin/../lib/gcc/arm-none-eabi/15.2.1/thumb/v6-m/nofp/libgcc.a(_dvmd_tls.o)
 .bss           0x00000000        0x0 /Applications/ArmGNUToolchain/15.2.rel1/arm-none-eabi/bin/../lib/gcc/arm-none-eabi/15.2.1/thumb/v6-m/nofp/libgcc.a(_dvmd_tls.o)
 .data          0x00000000        0x0 /Applications/ArmGNUToolchain/15.2.rel1/arm-none-eabi/bin/../lib/gcc/arm-none-eabi/15.2.1/thumb/v6-m/nofp/libgcc.a(_arm_cmpsf2.o)
 .bss           0x00000000        0x0 /Applications/ArmGNUToolchain/15.2.rel1/arm-none-eabi/bin/../lib/gcc/arm-none-eabi/15.2.1/thumb/v6-m/nofp/libgcc.a(_arm_cmpsf2.o)
 .text          0x00000000        0x0 /Applications/ArmGNUToolchain/15.2.rel1/arm-none-eabi/bin/../lib/gcc/arm-none-eabi/15.2.1/thumb/v6-m/nofp/libgcc.a(eqsf2.o)
 .data          0x00000000        0x0 /Applications/ArmGNUToolchain/15.2.rel1/arm-none-eabi/bin/../lib/gcc/arm-none-eabi/15.2.1/thumb/v6-m/nofp/libgcc.a(eqsf2.o)
 .bss           0x00000000        0x0 /Applications/ArmGNUToolchain/15.2.rel1/arm-none-eabi/bin/../lib/gcc/arm-none-eabi/15.2.1/thumb/v6-m/nofp/libgcc.a(eqsf2.o)
 .text          0x00000000        0x0 /Applications/ArmGNUToolchain/15.2.rel1/arm-none-eabi/bin/../lib/gcc/arm-none-eabi/15.2.1/thumb/v6-m/nofp/libgcc.a(gesf2.o)
 .data          0x00000000        0x0 /Applications/ArmGNUToolchain/15.2.rel1/arm-none-eabi/bin/../lib/gcc/arm-none-eabi/15.2.1/thumb/v6-m/nofp/libgcc.a(gesf2.o)
 .bss           0x00000000        0x0 /Applications/ArmGNUToolchain/15.2.rel1/arm-none-eabi/bin/../lib/gcc/arm-none-eabi/15.2.1/thumb/v6-m/nofp/libgcc.a(gesf2.o)
 .text          0x00000000        0x0 /Applications/ArmGNUToolchain/15.2.rel1/arm-none-eabi/bin/../lib/gcc/arm-none-eabi/15.2.1/thumb/v6-m/nofp/libgcc.a(lesf2.o)
 .data          0x00000000        0x0 /Applications/ArmGNUToolchain/15.2.rel1/arm-none-eabi/bin/../lib/gcc/arm-none-eabi/15.2.1/thumb/v6-m/nofp/libgcc.a(lesf2.o)
 .bss           0x00000000        0x0 /Applications/ArmGNUToolchain/15.2.rel1/arm-none-eabi/bin/../lib/gcc/arm-none-eabi/15.2.1/thumb/v6-m/nofp/libgcc.a(lesf2.o)
 .text          0x00000000        0x0 /Applications/ArmGNUToolchain/15.2.rel1/arm-none-eabi/bin/../lib/gcc/arm-none-eabi/15.2.1/thumb/v6-m/nofp/libgcc.a(subsf3.o)
 .data          0x00000000        0x0 /Applications/ArmGNUToolchain/15.2.rel1/arm-none-eabi/bin/../lib/gcc/arm-none-eabi/15.2.1/thumb/v6-m/nofp/libgcc.a(subsf3.o)
 .bss           0x00000000        0x0 /Applications/ArmGNUToolchain/15.2.rel1/arm-none-eabi/bin/../lib/gcc/arm-none-eabi/15.2.1/thumb/v6-m/nofp/libgcc.a(subsf3.o)
 .text          0x00000000        0x0 /Applications/ArmGNUToolchain/15.2.rel1/arm-none-eabi/bin/../lib/gcc/arm-none-eabi/15.2.1/thumb/v6-m/nofp/libgcc.a(fixsfsi.o)
 .data          0x00000000        0x0 /Applications/ArmGNUToolchain/15.2.rel1/arm-none-eabi/bin/../lib/gcc/arm-none-eabi/15.2.1/thumb/v6-m/nofp/libgcc.a(fixsfsi.o)
 .bss           0x00000000        0x0 /Applications/ArmGNUToolchain/15.2.rel1/arm-none-eabi/bin/../lib/gcc/arm-none-eabi/15.2.1/thumb/v6-m/nofp/libgcc.a(fixsfsi.o)
 .text          0x00000000        0x0 /Applications/ArmGNUToolchain/15.2.rel1/arm-none-eabi/bin/../lib/gcc/arm-none-eabi/15.2.1/thumb/v6-m/nofp/libgcc.a(floatsisf.o)
 .data          0x00000000        0x0 /Applications/ArmGNUToolchain/15.2.rel1/arm-none-eabi/bin/../lib/gcc/arm-none-eabi/15.2.1/thumb/v6-m/nofp/libgcc.a(floatsisf.o)
 .bss           0x00000000        0x0 /Applications/ArmGNUToolchain/15.2.rel1/arm-none-eabi/bin/../lib/gcc/arm-none-eabi/15.2.1/thumb/v6-m/nofp/libgcc.a(floatsisf.o)
 .data          0x00000000        0x0 /Applications/ArmGNUToolchain/15.2.rel1/arm-none-eabi/bin/../lib/gcc/arm-none-eabi/15.2.1/thumb/v6-m/nofp/libgcc.a(_clzsi2.o)
 .bss           0x00000000        0x0 /Applications/ArmGNUToolchain/15.2.rel1/arm-none-eabi/bin/../lib/gcc/arm-none-eabi/15.2.1/thumb/v6-m/nofp/libgcc.a(_clzsi2.o)

Memory Configuration

Name             Origin             Length             Attributes
flash            0x08000000         0x00010000
ram              0x20000000         0x00002000
*default*        0x00000000         0xffffffff

Linker script and memory map

LOAD main.o
LOAD startup.o
LOAD robot_auto_mode.o
LOAD collision_detector.o
LOAD vl53l0x.o
LOAD /Applications/ArmGNUToolchain/15.2.rel1/arm-none-eabi/bin/../lib/gcc/arm-none-eabi/15.2.1/thumb/v6-m/nofp/libgcc.a

.text           0x08000000     0x2c1c
 *(.vectors)
 .vectors       0x08000000       0xb8 startup.o
                0x08000000                Vectors
 *(.after_vectors*)
 .after_vectors
                0x080000b8       0x80 startup.o
                0x080000b8                ResetInit
 *(.text*)
 .text.uart_puts
                0x08000138       0x24 main.o
 .text.uart_print_int
                0x0800015c       0xa4 main.o
 .text.motors_stop
                0x08000200       0x48 main.o
 .text.movement_name
                0x08000248       0x94 main.o
 .text.delayms  0x080002dc       0x34 main.o
                0x080002dc                delayms
 .text.TIM2_Handler
                0x08000310       0xc0 main.o
                0x08000310                TIM2_Handler
 .text.hbridge_motor_apply
                0x080003d0       0x84 main.o
                0x080003d0                hbridge_motor_apply
 .text.startup.main
                0x08000454      0xd98 main.o
                0x08000454                main
 .text.Default_Handler
                0x080011ec        0x4 startup.o
                0x080011ec                ADC_COMP_Handler
                0x080011ec                EXTI2_3_Handler
                0x080011ec                TIM21_Handler
                0x080011ec                SysTick_Handler
                0x080011ec                I2C1_Handler
                0x080011ec                PendSV_Handler
                0x080011ec                NMI_Handler
                0x080011ec                WWDG_Handler
                0x080011ec                RTC_Handler
                0x080011ec                EXTI4_15_Handler
                0x080011ec                USART1_Handler
                0x080011ec                DMA_CH4_5_6_7_Handler
                0x080011ec                Default_Handler
                0x080011ec                LPUART1_Handler
                0x080011ec                EXTI0_1_Handler
                0x080011ec                DMA_CH1_Handler
                0x080011ec                SPI2_Handler
                0x080011ec                DMA_CH2_3_Handler
                0x080011ec                I2C2_Handler
                0x080011ec                SVC_Handler
                0x080011ec                LPTIM1_Handler
                0x080011ec                USART2_Handler
                0x080011ec                SPI1_Handler
                0x080011ec                RCC_Handler
                0x080011ec                PVD_Handler
                0x080011ec                TIM22_Handler
                0x080011ec                TIM6_Handler
                0x080011ec                FLASH_Handler
 .text.Hard_Fault_Handler
                0x080011f0        0x4 startup.o
                0x080011f0                Hard_Fault_Handler
 .text.initClock
                0x080011f4       0xbc startup.o
                0x080011f4                initClock
 .text.run_path_action
                0x080012b0       0x58 robot_auto_mode.o
 .text.update_sensor_channel.constprop.0
                0x08001308       0xa8 robot_auto_mode.o
 .text.run_follow_controller.isra.0
                0x080013b0       0x40 robot_auto_mode.o
 .text.field_sensor_reset
                0x080013f0       0x24 robot_auto_mode.o
                0x080013f0                field_sensor_reset
 .text.field_sensor_update
                0x08001414       0x78 robot_auto_mode.o
                0x08001414                field_sensor_update
 .text.robot_auto_mode_init
                0x0800148c       0x1c robot_auto_mode.o
                0x0800148c                robot_auto_mode_init
 .text.robot_auto_mode_step
                0x080014a8       0xf0 robot_auto_mode.o
                0x080014a8                robot_auto_mode_step
 .text.i2c_write_addr8_data8
                0x08001598       0x90 collision_detector.o
                0x08001598                i2c_write_addr8_data8
 .text.i2c_read_addr8_data8
                0x08001628       0xcc collision_detector.o
                0x08001628                i2c_read_addr8_data8
 .text.i2c_read_addr8_data16
                0x080016f4       0xf0 collision_detector.o
                0x080016f4                i2c_read_addr8_data16
 .text.collision_detector_init
                0x080017e4      0x104 collision_detector.o
                0x080017e4                collision_detector_init
 .text.perform_single_ref_calibration
                0x080018e8       0x68 vl53l0x.o
 .text.vl53l0x_init
                0x08001950      0x578 vl53l0x.o
                0x08001950                vl53l0x_init
 .text.vl53l0x_read_range_single
                0x08001ec8       0xf0 vl53l0x.o
                0x08001ec8                vl53l0x_read_range_single
 .text          0x08001fb8      0x114 /Applications/ArmGNUToolchain/15.2.rel1/arm-none-eabi/bin/../lib/gcc/arm-none-eabi/15.2.1/thumb/v6-m/nofp/libgcc.a(_udivsi3.o)
                0x08001fb8                __udivsi3
                0x08001fb8                __aeabi_uidiv
                0x080020c4                __aeabi_uidivmod
 .text          0x080020cc      0x1d4 /Applications/ArmGNUToolchain/15.2.rel1/arm-none-eabi/bin/../lib/gcc/arm-none-eabi/15.2.1/thumb/v6-m/nofp/libgcc.a(_divsi3.o)
                0x080020cc                __aeabi_idiv
                0x080020cc                __divsi3
                0x08002298                __aeabi_idivmod
 .text          0x080022a0        0x4 /Applications/ArmGNUToolchain/15.2.rel1/arm-none-eabi/bin/../lib/gcc/arm-none-eabi/15.2.1/thumb/v6-m/nofp/libgcc.a(_dvmd_tls.o)
                0x080022a0                __aeabi_ldiv0
                0x080022a0                __aeabi_idiv0
 .text          0x080022a4       0x74 /Applications/ArmGNUToolchain/15.2.rel1/arm-none-eabi/bin/../lib/gcc/arm-none-eabi/15.2.1/thumb/v6-m/nofp/libgcc.a(_arm_cmpsf2.o)
                0x080022a4                __aeabi_cfrcmple
                0x080022ac                __aeabi_cfcmple
                0x080022ac                __aeabi_cfcmpeq
                0x080022bc                __aeabi_fcmpeq
                0x080022c8                __aeabi_fcmplt
                0x080022dc                __aeabi_fcmple
                0x080022f0                __aeabi_fcmpgt
                0x08002304                __aeabi_fcmpge
 .text.__eqsf2  0x08002318       0x58 /Applications/ArmGNUToolchain/15.2.rel1/arm-none-eabi/bin/../lib/gcc/arm-none-eabi/15.2.1/thumb/v6-m/nofp/libgcc.a(eqsf2.o)
                0x08002318                __nesf2
                0x08002318                __eqsf2
 .text.__gesf2  0x08002370       0xa0 /Applications/ArmGNUToolchain/15.2.rel1/arm-none-eabi/bin/../lib/gcc/arm-none-eabi/15.2.1/thumb/v6-m/nofp/libgcc.a(gesf2.o)
                0x08002370                __gtsf2
                0x08002370                __gesf2
 .text.__lesf2  0x08002410       0xa0 /Applications/ArmGNUToolchain/15.2.rel1/arm-none-eabi/bin/../lib/gcc/arm-none-eabi/15.2.1/thumb/v6-m/nofp/libgcc.a(lesf2.o)
                0x08002410                __lesf2
                0x08002410                __ltsf2
 .text.__aeabi_fsub
                0x080024b0      0x494 /Applications/ArmGNUToolchain/15.2.rel1/arm-none-eabi/bin/../lib/gcc/arm-none-eabi/15.2.1/thumb/v6-m/nofp/libgcc.a(subsf3.o)
                0x080024b0                __aeabi_fsub
 .text.__aeabi_f2iz
                0x08002944       0x40 /Applications/ArmGNUToolchain/15.2.rel1/arm-none-eabi/bin/../lib/gcc/arm-none-eabi/15.2.1/thumb/v6-m/nofp/libgcc.a(fixsfsi.o)
                0x08002944                __aeabi_f2iz
 .text.__aeabi_i2f
                0x08002984       0x90 /Applications/ArmGNUToolchain/15.2.rel1/arm-none-eabi/bin/../lib/gcc/arm-none-eabi/15.2.1/thumb/v6-m/nofp/libgcc.a(floatsisf.o)
                0x08002984                __aeabi_i2f
 .text          0x08002a14       0x3c /Applications/ArmGNUToolchain/15.2.rel1/arm-none-eabi/bin/../lib/gcc/arm-none-eabi/15.2.1/thumb/v6-m/nofp/libgcc.a(_clzsi2.o)
                0x08002a14                __clzsi2
 *(.rodata*)
 .rodata.movement_name.str1.4
                0x08002a50      0x1b3 main.o
                                 0x8d (size before relaxing)
 .rodata.main.str1.4
                0x08002c03        0x0 main.o
                                0x123 (size before relaxing)
 *fill*         0x08002c03        0x1 
 .rodata.k_path_table
                0x08002c04       0x18 robot_auto_mode.o
                0x08002c1c                        . = ALIGN (0x4)
                0x08002c1c                        PROVIDE (__init_array_start = .)
 *(SORT_BY_NAME(.init_array.*))
 *(.init_array)
                0x08002c1c                        PROVIDE (__init_array_end = .)
                0x08002c1c                        . = ALIGN (0x4)
                0x08002c1c                        _etext = .

.glue_7         0x08002c1c        0x0
 .glue_7        0x08002c1c        0x0 linker stubs

.glue_7t        0x08002c1c        0x0
 .glue_7t       0x08002c1c        0x0 linker stubs

.vfp11_veneer   0x08002c1c        0x0
 .vfp11_veneer  0x08002c1c        0x0 linker stubs

.v4_bx          0x08002c1c        0x0
 .v4_bx         0x08002c1c        0x0 linker stubs

.iplt           0x08002c1c        0x0
 .iplt          0x08002c1c        0x0 main.o

.rel.dyn        0x08002c1c        0x0
 .rel.iplt      0x08002c1c        0x0 main.o

.data           0x20000000        0x4 load address 0x08002c1c
                0x20000000                        . = ALIGN (0x4)
                0x20000000                        _data = .
 *(.data*)
 .data.g_state  0x20000000        0x1 robot_auto_mode.o
                0x20000004                        . = ALIGN (0x4)
 *fill*         0x20000001        0x3 
                0x20000004                        _edata = .

.igot.plt       0x20000004        0x0 load address 0x08002c20
 .igot.plt      0x20000004        0x0 main.o

.bss            0x20000004       0x20 load address 0x08002c20
                0x20000004                        _bss = .
 *(.bss*)
 .bss.g_pwm_counter
                0x20000004        0x4 main.o
 .bss.g_motor_compare
                0x20000008       0x10 main.o
 .bss.g_last_right_command
                0x20000018        0x4 main.o
 .bss.g_last_left_command
                0x2000001c        0x4 main.o
 .bss.g_active_action
                0x20000020        0x1 robot_auto_mode.o
 .bss.stop_variable
                0x20000021        0x1 vl53l0x.o
 *(COMMON)
                0x20000024                        . = ALIGN (0x4)
 *fill*         0x20000022        0x2 
                0x20000024                        _ebss = .
                [!provide]                        PROVIDE (end = .)
                [!provide]                        PROVIDE (_HeapStart = .)
                0x20002000                        PROVIDE (_StackTop = (ORIGIN (ram) + LENGTH (ram)))
OUTPUT(auto_mode.elf elf32-littlearm)
LOAD linker stubs

.debug_info     0x00000000     0x5389
 .debug_info    0x00000000     0x213e main.o
 .debug_info    0x0000213e      0x3c4 startup.o
 .debug_info    0x00002502     0x121d robot_auto_mode.o
 .debug_info    0x0000371f      0xae1 collision_detector.o
 .debug_info    0x00004200     0x1189 vl53l0x.o

.debug_abbrev   0x00000000      0xf25
 .debug_abbrev  0x00000000      0x542 main.o
 .debug_abbrev  0x00000542      0x17b startup.o
 .debug_abbrev  0x000006bd      0x344 robot_auto_mode.o
 .debug_abbrev  0x00000a01      0x2c8 collision_detector.o
 .debug_abbrev  0x00000cc9      0x25c vl53l0x.o

.debug_loclists
                0x00000000     0x1ee9
 .debug_loclists
                0x00000000     0x1c07 main.o
 .debug_loclists
                0x00001c07      0x2e2 vl53l0x.o

.debug_aranges  0x00000000      0x1a8
 .debug_aranges
                0x00000000       0x68 main.o
 .debug_aranges
                0x00000068       0x38 startup.o
 .debug_aranges
                0x000000a0       0x70 robot_auto_mode.o
 .debug_aranges
                0x00000110       0x48 collision_detector.o
 .debug_aranges
                0x00000158       0x50 vl53l0x.o

.debug_rnglists
                0x00000000      0x563
 .debug_rnglists
                0x00000000      0x512 main.o
 .debug_rnglists
                0x00000512       0x51 vl53l0x.o

.debug_line     0x00000000     0x425b
 .debug_line    0x00000000     0x255b main.o
 .debug_line    0x0000255b      0x329 startup.o
 .debug_line    0x00002884      0x80a robot_auto_mode.o
 .debug_line    0x0000308e      0x944 collision_detector.o
 .debug_line    0x000039d2      0x889 vl53l0x.o

.debug_str      0x00000000     0x1102
 .debug_str     0x00000000     0x1102 main.o
                                0x88e (size before relaxing)
 .debug_str     0x00001102        0x0 startup.o
                                0x2f4 (size before relaxing)
 .debug_str     0x00001102        0x0 robot_auto_mode.o
                                0x72d (size before relaxing)
 .debug_str     0x00001102        0x0 collision_detector.o
                                0x494 (size before relaxing)
 .debug_str     0x00001102        0x0 vl53l0x.o
                                0x3c8 (size before relaxing)

.comment        0x00000000       0x8e
 .comment       0x00000000       0x8e main.o
                                 0x46 (size before relaxing)
 .comment       0x0000008e        0x0 startup.o
                                 0x4a (size before relaxing)
 .comment       0x0000008e        0x0 robot_auto_mode.o
                                 0x4a (size before relaxing)
 .comment       0x0000008e        0x0 collision_detector.o
                                 0x4a (size before relaxing)
 .comment       0x0000008e        0x0 vl53l0x.o
                                 0x46 (size before relaxing)

.ARM.attributes
                0x00000000       0x2c
 .ARM.attributes
                0x00000000       0x2c main.o
 .ARM.attributes
                0x0000002c       0x2c startup.o
 .ARM.attributes
                0x00000058       0x2c robot_auto_mode.o
 .ARM.attributes
                0x00000084       0x2c collision_detector.o
 .ARM.attributes
                0x000000b0       0x2c vl53l0x.o
 .ARM.attributes
                0x000000dc       0x1e /Applications/ArmGNUToolchain/15.2.rel1/arm-none-eabi/bin/../lib/gcc/arm-none-eabi/15.2.1/thumb/v6-m/nofp/libgcc.a(_udivsi3.o)
 .ARM.attributes
                0x000000fa       0x1e /Applications/ArmGNUToolchain/15.2.rel1/arm-none-eabi/bin/../lib/gcc/arm-none-eabi/15.2.1/thumb/v6-m/nofp/libgcc.a(_divsi3.o)
 .ARM.attributes
                0x00000118       0x1e /Applications/ArmGNUToolchain/15.2.rel1/arm-none-eabi/bin/../lib/gcc/arm-none-eabi/15.2.1/thumb/v6-m/nofp/libgcc.a(_dvmd_tls.o)
 .ARM.attributes
                0x00000136       0x1e /Applications/ArmGNUToolchain/15.2.rel1/arm-none-eabi/bin/../lib/gcc/arm-none-eabi/15.2.1/thumb/v6-m/nofp/libgcc.a(_arm_cmpsf2.o)
 .ARM.attributes
                0x00000154       0x2c /Applications/ArmGNUToolchain/15.2.rel1/arm-none-eabi/bin/../lib/gcc/arm-none-eabi/15.2.1/thumb/v6-m/nofp/libgcc.a(eqsf2.o)
 .ARM.attributes
                0x00000180       0x2c /Applications/ArmGNUToolchain/15.2.rel1/arm-none-eabi/bin/../lib/gcc/arm-none-eabi/15.2.1/thumb/v6-m/nofp/libgcc.a(gesf2.o)
 .ARM.attributes
                0x000001ac       0x2c /Applications/ArmGNUToolchain/15.2.rel1/arm-none-eabi/bin/../lib/gcc/arm-none-eabi/15.2.1/thumb/v6-m/nofp/libgcc.a(lesf2.o)
 .ARM.attributes
                0x000001d8       0x2c /Applications/ArmGNUToolchain/15.2.rel1/arm-none-eabi/bin/../lib/gcc/arm-none-eabi/15.2.1/thumb/v6-m/nofp/libgcc.a(subsf3.o)
 .ARM.attributes
                0x00000204       0x2c /Applications/ArmGNUToolchain/15.2.rel1/arm-none-eabi/bin/../lib/gcc/arm-none-eabi/15.2.1/thumb/v6-m/nofp/libgcc.a(fixsfsi.o)
 .ARM.attributes
                0x00000230       0x2c /Applications/ArmGNUToolchain/15.2.rel1/arm-none-eabi/bin/../lib/gcc/arm-none-eabi/15.2.1/thumb/v6-m/nofp/libgcc.a(floatsisf.o)
 .ARM.attributes
                0x0000025c       0x1e /Applications/ArmGNUToolchain/15.2.rel1/arm-none-eabi/bin/../lib/gcc/arm-none-eabi/15.2.1/thumb/v6-m/nofp/libgcc.a(_clzsi2.o)

.debug_frame    0x00000000      0x528
 .debug_frame   0x00000000      0x104 main.o
 .debug_frame   0x00000104       0x50 startup.o
 .debug_frame   0x00000154      0x108 robot_auto_mode.o
 .debug_frame   0x0000025c       0xb4 collision_detector.o
 .debug_frame   0x00000310       0xdc vl53l0x.o
 .debug_frame   0x000003ec       0x20 /Applications/ArmGNUToolchain/15.2.rel1/arm-none-eabi/bin/../lib/gcc/arm-none-eabi/15.2.1/thumb/v6-m/nofp/libgcc.a(_udivsi3.o)
 .debug_frame   0x0000040c       0x20 /Applications/ArmGNUToolchain/15.2.rel1/arm-none-eabi/bin/../lib/gcc/arm-none-eabi/15.2.1/thumb/v6-m/nofp/libgcc.a(_divsi3.o)
 .debug_frame   0x0000042c       0x2c /Applications/ArmGNUToolchain/15.2.rel1/arm-none-eabi/bin/../lib/gcc/arm-none-eabi/15.2.1/thumb/v6-m/nofp/libgcc.a(eqsf2.o)
 .debug_frame   0x00000458       0x28 /Applications/ArmGNUToolchain/15.2.rel1/arm-none-eabi/bin/../lib/gcc/arm-none-eabi/15.2.1/thumb/v6-m/nofp/libgcc.a(gesf2.o)
 .debug_frame   0x00000480       0x28 /Applications/ArmGNUToolchain/15.2.rel1/arm-none-eabi/bin/../lib/gcc/arm-none-eabi/15.2.1/thumb/v6-m/nofp/libgcc.a(lesf2.o)
 .debug_frame   0x000004a8       0x34 /Applications/ArmGNUToolchain/15.2.rel1/arm-none-eabi/bin/../lib/gcc/arm-none-eabi/15.2.1/thumb/v6-m/nofp/libgcc.a(subsf3.o)
 .debug_frame   0x000004dc       0x20 /Applications/ArmGNUToolchain/15.2.rel1/arm-none-eabi/bin/../lib/gcc/arm-none-eabi/15.2.1/thumb/v6-m/nofp/libgcc.a(fixsfsi.o)
 .debug_frame   0x000004fc       0x2c /Applications/ArmGNUToolchain/15.2.rel1/arm-none-eabi/bin/../lib/gcc/arm-none-eabi/15.2.1/thumb/v6-m/nofp/libgcc.a(floatsisf.o)

.debug_loc      0x00000000     0x1634
 .debug_loc     0x00000000       0x5a startup.o
 .debug_loc     0x0000005a      0xd5f robot_auto_mode.o
 .debug_loc     0x00000db9      0x87b collision_detector.o

.debug_ranges   0x00000000      0xa68
 .debug_ranges  0x00000000       0x40 startup.o
 .debug_ranges  0x00000040      0x558 robot_auto_mode.o
 .debug_ranges  0x00000598      0x4d0 collision_detector.o

.debug_line_str
                0x00000000       0xde
 .debug_line_str
                0x00000000       0xde /Applications/ArmGNUToolchain/15.2.rel1/arm-none-eabi/bin/../lib/gcc/arm-none-eabi/15.2.1/thumb/v6-m/nofp/libgcc.a(_udivsi3.o)
                                 0xd2 (size before relaxing)
 .debug_line_str
                0x000000de        0x0 /Applications/ArmGNUToolchain/15.2.rel1/arm-none-eabi/bin/../lib/gcc/arm-none-eabi/15.2.1/thumb/v6-m/nofp/libgcc.a(_divsi3.o)
                                 0xd2 (size before relaxing)
 .debug_line_str
                0x000000de        0x0 /Applications/ArmGNUToolchain/15.2.rel1/arm-none-eabi/bin/../lib/gcc/arm-none-eabi/15.2.1/thumb/v6-m/nofp/libgcc.a(_dvmd_tls.o)
                                 0xd2 (size before relaxing)
 .debug_line_str
                0x000000de        0x0 /Applications/ArmGNUToolchain/15.2.rel1/arm-none-eabi/bin/../lib/gcc/arm-none-eabi/15.2.1/thumb/v6-m/nofp/libgcc.a(_arm_cmpsf2.o)
                                 0xd2 (size before relaxing)
 .debug_line_str
                0x000000de        0x0 /Applications/ArmGNUToolchain/15.2.rel1/arm-none-eabi/bin/../lib/gcc/arm-none-eabi/15.2.1/thumb/v6-m/nofp/libgcc.a(_clzsi2.o)
                                 0xd2 (size before relaxing)

Cross Reference Table

Symbol                                            File
ADC_COMP_Handler                                  startup.o
DMA_CH1_Handler                                   startup.o
DMA_CH2_3_Handler                                 startup.o
DMA_CH4_5_6_7_Handler                             startup.o
Default_Handler                                   startup.o
EXTI0_1_Handler                                   startup.o
EXTI2_3_Handler                                   startup.o
EXTI4_15_Handler                                  startup.o
FLASH_Handler                                     startup.o
Hard_Fault_Handler                                startup.o
I2C1_Handler                                      startup.o
I2C2_Handler                                      startup.o
LPTIM1_Handler                                    startup.o
LPUART1_Handler                                   startup.o
NMI_Handler                                       startup.o
PVD_Handler                                       startup.o
PendSV_Handler                                    startup.o
RCC_Handler                                       startup.o
RTC_Handler                                       startup.o
ResetInit                                         startup.o
SPI1_Handler                                      startup.o
SPI2_Handler                                      startup.o
SVC_Handler                                       startup.o
SysTick_Handler                                   startup.o
TIM21_Handler                                     startup.o
TIM22_Handler                                     startup.o
TIM2_Handler                                      main.o
TIM6_Handler                                      startup.o
USART1_Handler                                    startup.o
USART2_Handler                                    startup.o
Vectors                                           startup.o
WWDG_Handler                                      startup.o
_StackTop                                         startup.o
__aeabi_cfcmpeq                                   /Applications/ArmGNUToolchain/15.2.rel1/arm-none-eabi/bin/../lib/gcc/arm-none-eabi/15.2.1/thumb/v6-m/nofp/libgcc.a(_arm_cmpsf2.o)
__aeabi_cfcmple                                   /Applications/ArmGNUToolchain/15.2.rel1/arm-none-eabi/bin/../lib/gcc/arm-none-eabi/15.2.1/thumb/v6-m/nofp/libgcc.a(_arm_cmpsf2.o)
__aeabi_cfrcmple                                  /Applications/ArmGNUToolchain/15.2.rel1/arm-none-eabi/bin/../lib/gcc/arm-none-eabi/15.2.1/thumb/v6-m/nofp/libgcc.a(_arm_cmpsf2.o)
__aeabi_f2iz                                      /Applications/ArmGNUToolchain/15.2.rel1/arm-none-eabi/bin/../lib/gcc/arm-none-eabi/15.2.1/thumb/v6-m/nofp/libgcc.a(fixsfsi.o)
                                                  main.o
__aeabi_fcmpeq                                    /Applications/ArmGNUToolchain/15.2.rel1/arm-none-eabi/bin/../lib/gcc/arm-none-eabi/15.2.1/thumb/v6-m/nofp/libgcc.a(_arm_cmpsf2.o)
__aeabi_fcmpge                                    /Applications/ArmGNUToolchain/15.2.rel1/arm-none-eabi/bin/../lib/gcc/arm-none-eabi/15.2.1/thumb/v6-m/nofp/libgcc.a(_arm_cmpsf2.o)
                                                  main.o
__aeabi_fcmpgt                                    /Applications/ArmGNUToolchain/15.2.rel1/arm-none-eabi/bin/../lib/gcc/arm-none-eabi/15.2.1/thumb/v6-m/nofp/libgcc.a(_arm_cmpsf2.o)
__aeabi_fcmple                                    /Applications/ArmGNUToolchain/15.2.rel1/arm-none-eabi/bin/../lib/gcc/arm-none-eabi/15.2.1/thumb/v6-m/nofp/libgcc.a(_arm_cmpsf2.o)
                                                  main.o
__aeabi_fcmplt                                    /Applications/ArmGNUToolchain/15.2.rel1/arm-none-eabi/bin/../lib/gcc/arm-none-eabi/15.2.1/thumb/v6-m/nofp/libgcc.a(_arm_cmpsf2.o)
__aeabi_fsub                                      /Applications/ArmGNUToolchain/15.2.rel1/arm-none-eabi/bin/../lib/gcc/arm-none-eabi/15.2.1/thumb/v6-m/nofp/libgcc.a(subsf3.o)
                                                  main.o
__aeabi_i2f                                       /Applications/ArmGNUToolchain/15.2.rel1/arm-none-eabi/bin/../lib/gcc/arm-none-eabi/15.2.1/thumb/v6-m/nofp/libgcc.a(floatsisf.o)
                                                  main.o
__aeabi_idiv                                      /Applications/ArmGNUToolchain/15.2.rel1/arm-none-eabi/bin/../lib/gcc/arm-none-eabi/15.2.1/thumb/v6-m/nofp/libgcc.a(_divsi3.o)
                                                  robot_auto_mode.o
                                                  main.o
__aeabi_idiv0                                     /Applications/ArmGNUToolchain/15.2.rel1/arm-none-eabi/bin/../lib/gcc/arm-none-eabi/15.2.1/thumb/v6-m/nofp/libgcc.a(_dvmd_tls.o)
                                                  /Applications/ArmGNUToolchain/15.2.rel1/arm-none-eabi/bin/../lib/gcc/arm-none-eabi/15.2.1/thumb/v6-m/nofp/libgcc.a(_divsi3.o)
                                                  /Applications/ArmGNUToolchain/15.2.rel1/arm-none-eabi/bin/../lib/gcc/arm-none-eabi/15.2.1/thumb/v6-m/nofp/libgcc.a(_udivsi3.o)
__aeabi_idivmod                                   /Applications/ArmGNUToolchain/15.2.rel1/arm-none-eabi/bin/../lib/gcc/arm-none-eabi/15.2.1/thumb/v6-m/nofp/libgcc.a(_divsi3.o)
__aeabi_ldiv0                                     /Applications/ArmGNUToolchain/15.2.rel1/arm-none-eabi/bin/../lib/gcc/arm-none-eabi/15.2.1/thumb/v6-m/nofp/libgcc.a(_dvmd_tls.o)
__aeabi_uidiv                                     /Applications/ArmGNUToolchain/15.2.rel1/arm-none-eabi/bin/../lib/gcc/arm-none-eabi/15.2.1/thumb/v6-m/nofp/libgcc.a(_udivsi3.o)
                                                  main.o
__aeabi_uidivmod                                  /Applications/ArmGNUToolchain/15.2.rel1/arm-none-eabi/bin/../lib/gcc/arm-none-eabi/15.2.1/thumb/v6-m/nofp/libgcc.a(_udivsi3.o)
                                                  main.o
__clzsi2                                          /Applications/ArmGNUToolchain/15.2.rel1/arm-none-eabi/bin/../lib/gcc/arm-none-eabi/15.2.1/thumb/v6-m/nofp/libgcc.a(_clzsi2.o)
                                                  /Applications/ArmGNUToolchain/15.2.rel1/arm-none-eabi/bin/../lib/gcc/arm-none-eabi/15.2.1/thumb/v6-m/nofp/libgcc.a(floatsisf.o)
                                                  /Applications/ArmGNUToolchain/15.2.rel1/arm-none-eabi/bin/../lib/gcc/arm-none-eabi/15.2.1/thumb/v6-m/nofp/libgcc.a(subsf3.o)
__divsi3                                          /Applications/ArmGNUToolchain/15.2.rel1/arm-none-eabi/bin/../lib/gcc/arm-none-eabi/15.2.1/thumb/v6-m/nofp/libgcc.a(_divsi3.o)
__eqsf2                                           /Applications/ArmGNUToolchain/15.2.rel1/arm-none-eabi/bin/../lib/gcc/arm-none-eabi/15.2.1/thumb/v6-m/nofp/libgcc.a(eqsf2.o)
                                                  /Applications/ArmGNUToolchain/15.2.rel1/arm-none-eabi/bin/../lib/gcc/arm-none-eabi/15.2.1/thumb/v6-m/nofp/libgcc.a(_arm_cmpsf2.o)
__gesf2                                           /Applications/ArmGNUToolchain/15.2.rel1/arm-none-eabi/bin/../lib/gcc/arm-none-eabi/15.2.1/thumb/v6-m/nofp/libgcc.a(gesf2.o)
                                                  /Applications/ArmGNUToolchain/15.2.rel1/arm-none-eabi/bin/../lib/gcc/arm-none-eabi/15.2.1/thumb/v6-m/nofp/libgcc.a(_arm_cmpsf2.o)
__gtsf2                                           /Applications/ArmGNUToolchain/15.2.rel1/arm-none-eabi/bin/../lib/gcc/arm-none-eabi/15.2.1/thumb/v6-m/nofp/libgcc.a(gesf2.o)
__init_array_end                                  startup.o
__init_array_start                                startup.o
__lesf2                                           /Applications/ArmGNUToolchain/15.2.rel1/arm-none-eabi/bin/../lib/gcc/arm-none-eabi/15.2.1/thumb/v6-m/nofp/libgcc.a(lesf2.o)
                                                  /Applications/ArmGNUToolchain/15.2.rel1/arm-none-eabi/bin/../lib/gcc/arm-none-eabi/15.2.1/thumb/v6-m/nofp/libgcc.a(_arm_cmpsf2.o)
__ltsf2                                           /Applications/ArmGNUToolchain/15.2.rel1/arm-none-eabi/bin/../lib/gcc/arm-none-eabi/15.2.1/thumb/v6-m/nofp/libgcc.a(lesf2.o)
__nesf2                                           /Applications/ArmGNUToolchain/15.2.rel1/arm-none-eabi/bin/../lib/gcc/arm-none-eabi/15.2.1/thumb/v6-m/nofp/libgcc.a(eqsf2.o)
__udivsi3                                         /Applications/ArmGNUToolchain/15.2.rel1/arm-none-eabi/bin/../lib/gcc/arm-none-eabi/15.2.1/thumb/v6-m/nofp/libgcc.a(_udivsi3.o)
_data                                             startup.o
_ebss                                             startup.o
_edata                                            startup.o
_etext                                            startup.o
collision_detector_init                           collision_detector.o
                                                  main.o
collision_detector_reset                          collision_detector.o
collision_detector_update                         collision_detector.o
delayms                                           main.o
                                                  collision_detector.o
                                                  robot_auto_mode.o
field_sensor_reset                                robot_auto_mode.o
                                                  main.o
field_sensor_update                               robot_auto_mode.o
                                                  main.o
hbridge_motor_apply                               main.o
                                                  robot_auto_mode.o
i2c_read_addr8_data16                             collision_detector.o
                                                  vl53l0x.o
i2c_read_addr8_data8                              collision_detector.o
                                                  vl53l0x.o
i2c_write_addr8_data8                             collision_detector.o
                                                  vl53l0x.o
initClock                                         startup.o
main                                              main.o
                                                  startup.o
path_context_on_intersection                      robot_auto_mode.o
path_context_reset                                robot_auto_mode.o
robot_auto_mode_get_state                         robot_auto_mode.o
robot_auto_mode_init                              robot_auto_mode.o
                                                  main.o
robot_auto_mode_set_path                          robot_auto_mode.o
robot_auto_mode_step                              robot_auto_mode.o
                                                  main.o
vl53l0x_init                                      vl53l0x.o
                                                  collision_detector.o
vl53l0x_measurement_ready                         vl53l0x.o
                                                  collision_detector.o
vl53l0x_read_range_continuous                     vl53l0x.o
                                                  collision_detector.o
vl53l0x_read_range_single                         vl53l0x.o
                                                  main.o
vl53l0x_start_continuous                          vl53l0x.o
vl53l0x_stop_continuous                           vl53l0x.o
wait_1ms                                          main.o
wait_1us                                          main.o
