Archive member included to satisfy reference by file (symbol)

/Applications/ArmGNUToolchain/15.2.rel1/arm-none-eabi/bin/../lib/gcc/arm-none-eabi/15.2.1/../../../../arm-none-eabi/lib/thumb/v6-m/nofp/libc.a(libc_a-printf.o)
                              main.o (printf)
/Applications/ArmGNUToolchain/15.2.rel1/arm-none-eabi/bin/../lib/gcc/arm-none-eabi/15.2.1/../../../../arm-none-eabi/lib/thumb/v6-m/nofp/libc.a(libc_a-fflush.o)
                              main.o (fflush)
/Applications/ArmGNUToolchain/15.2.rel1/arm-none-eabi/bin/../lib/gcc/arm-none-eabi/15.2.1/../../../../arm-none-eabi/lib/thumb/v6-m/nofp/libc.a(libc_a-setvbuf.o)
                              main.o (setvbuf)
/Applications/ArmGNUToolchain/15.2.rel1/arm-none-eabi/bin/../lib/gcc/arm-none-eabi/15.2.1/../../../../arm-none-eabi/lib/thumb/v6-m/nofp/libc.a(libc_a-findfp.o)
                              /Applications/ArmGNUToolchain/15.2.rel1/arm-none-eabi/bin/../lib/gcc/arm-none-eabi/15.2.1/../../../../arm-none-eabi/lib/thumb/v6-m/nofp/libc.a(libc_a-fflush.o) (__sglue)
/Applications/ArmGNUToolchain/15.2.rel1/arm-none-eabi/bin/../lib/gcc/arm-none-eabi/15.2.1/../../../../arm-none-eabi/lib/thumb/v6-m/nofp/libc.a(libc_a-memset.o)
                              /Applications/ArmGNUToolchain/15.2.rel1/arm-none-eabi/bin/../lib/gcc/arm-none-eabi/15.2.1/../../../../arm-none-eabi/lib/thumb/v6-m/nofp/libc.a(libc_a-findfp.o) (memset)
/Applications/ArmGNUToolchain/15.2.rel1/arm-none-eabi/bin/../lib/gcc/arm-none-eabi/15.2.1/../../../../arm-none-eabi/lib/thumb/v6-m/nofp/libc.a(libc_a-reent.o)
                              printf_stubs.o (errno)
/Applications/ArmGNUToolchain/15.2.rel1/arm-none-eabi/bin/../lib/gcc/arm-none-eabi/15.2.1/../../../../arm-none-eabi/lib/thumb/v6-m/nofp/libc.a(libc_a-impure.o)
                              main.o (_impure_ptr)
/Applications/ArmGNUToolchain/15.2.rel1/arm-none-eabi/bin/../lib/gcc/arm-none-eabi/15.2.1/../../../../arm-none-eabi/lib/thumb/v6-m/nofp/libc.a(libc_a-lock.o)
                              /Applications/ArmGNUToolchain/15.2.rel1/arm-none-eabi/bin/../lib/gcc/arm-none-eabi/15.2.1/../../../../arm-none-eabi/lib/thumb/v6-m/nofp/libc.a(libc_a-findfp.o) (__retarget_lock_init_recursive)
/Applications/ArmGNUToolchain/15.2.rel1/arm-none-eabi/bin/../lib/gcc/arm-none-eabi/15.2.1/../../../../arm-none-eabi/lib/thumb/v6-m/nofp/libc.a(libc_a-freer.o)
                              /Applications/ArmGNUToolchain/15.2.rel1/arm-none-eabi/bin/../lib/gcc/arm-none-eabi/15.2.1/../../../../arm-none-eabi/lib/thumb/v6-m/nofp/libc.a(libc_a-fflush.o) (_free_r)
/Applications/ArmGNUToolchain/15.2.rel1/arm-none-eabi/bin/../lib/gcc/arm-none-eabi/15.2.1/../../../../arm-none-eabi/lib/thumb/v6-m/nofp/libc.a(libc_a-malloc.o)
                              /Applications/ArmGNUToolchain/15.2.rel1/arm-none-eabi/bin/../lib/gcc/arm-none-eabi/15.2.1/../../../../arm-none-eabi/lib/thumb/v6-m/nofp/libc.a(libc_a-setvbuf.o) (malloc)
/Applications/ArmGNUToolchain/15.2.rel1/arm-none-eabi/bin/../lib/gcc/arm-none-eabi/15.2.1/../../../../arm-none-eabi/lib/thumb/v6-m/nofp/libc.a(libc_a-mallocr.o)
                              /Applications/ArmGNUToolchain/15.2.rel1/arm-none-eabi/bin/../lib/gcc/arm-none-eabi/15.2.1/../../../../arm-none-eabi/lib/thumb/v6-m/nofp/libc.a(libc_a-findfp.o) (_malloc_r)
/Applications/ArmGNUToolchain/15.2.rel1/arm-none-eabi/bin/../lib/gcc/arm-none-eabi/15.2.1/../../../../arm-none-eabi/lib/thumb/v6-m/nofp/libc.a(libc_a-vfprintf.o)
                              /Applications/ArmGNUToolchain/15.2.rel1/arm-none-eabi/bin/../lib/gcc/arm-none-eabi/15.2.1/../../../../arm-none-eabi/lib/thumb/v6-m/nofp/libc.a(libc_a-printf.o) (_vfprintf_r)
/Applications/ArmGNUToolchain/15.2.rel1/arm-none-eabi/bin/../lib/gcc/arm-none-eabi/15.2.1/../../../../arm-none-eabi/lib/thumb/v6-m/nofp/libc.a(libc_a-mlock.o)
                              /Applications/ArmGNUToolchain/15.2.rel1/arm-none-eabi/bin/../lib/gcc/arm-none-eabi/15.2.1/../../../../arm-none-eabi/lib/thumb/v6-m/nofp/libc.a(libc_a-freer.o) (__malloc_lock)
/Applications/ArmGNUToolchain/15.2.rel1/arm-none-eabi/bin/../lib/gcc/arm-none-eabi/15.2.1/../../../../arm-none-eabi/lib/thumb/v6-m/nofp/libc.a(libc_a-fwalk.o)
                              /Applications/ArmGNUToolchain/15.2.rel1/arm-none-eabi/bin/../lib/gcc/arm-none-eabi/15.2.1/../../../../arm-none-eabi/lib/thumb/v6-m/nofp/libc.a(libc_a-fflush.o) (_fwalk_sglue)
/Applications/ArmGNUToolchain/15.2.rel1/arm-none-eabi/bin/../lib/gcc/arm-none-eabi/15.2.1/../../../../arm-none-eabi/lib/thumb/v6-m/nofp/libc.a(libc_a-makebuf.o)
                              /Applications/ArmGNUToolchain/15.2.rel1/arm-none-eabi/bin/../lib/gcc/arm-none-eabi/15.2.1/../../../../arm-none-eabi/lib/thumb/v6-m/nofp/libc.a(libc_a-setvbuf.o) (__swhatbuf_r)
/Applications/ArmGNUToolchain/15.2.rel1/arm-none-eabi/bin/../lib/gcc/arm-none-eabi/15.2.1/../../../../arm-none-eabi/lib/thumb/v6-m/nofp/libc.a(libc_a-sprint_r.o)
[...]
Memory Configuration

Name             Origin             Length             Attributes
flash            0x08000000         0x00010000
ram              0x20000000         0x00002000
*default*        0x00000000         0xffffffff

Linker script and memory map

LOAD main.o
LOAD board.o
LOAD collision_detector.o
LOAD debug_uart.o
LOAD field_sensor_adc.o
LOAD hbridge_motor.o
LOAD printf_stubs.o
LOAD robot_auto_mode.o
LOAD vl53l0x.o
LOAD startup.o
LOAD /Applications/ArmGNUToolchain/15.2.rel1/arm-none-eabi/bin/../lib/gcc/arm-none-eabi/15.2.1/../../../../arm-none-eabi/lib/thumb/v6-m/nofp/libc.a
LOAD /Applications/ArmGNUToolchain/15.2.rel1/arm-none-eabi/bin/../lib/gcc/arm-none-eabi/15.2.1/../../../../arm-none-eabi/lib/thumb/v6-m/nofp/libnosys.a
LOAD /Applications/ArmGNUToolchain/15.2.rel1/arm-none-eabi/bin/../lib/gcc/arm-none-eabi/15.2.1/thumb/v6-m/nofp/libgcc.a

.text           0x08000000     0xbbcc
 *(.vectors)
 .vectors       0x08000000       0xb8 startup.o
                0x08000000                Vectors
 *(.after_vectors*)
 .after_vectors
                0x080000b8       0x80 startup.o
                0x080000b8                ResetInit
 *(.text*)
 .text.startup.main
                0x08000138      0x2cc main.o
                0x08000138                main
 .text.__hal_tim_set_compare
                0x08000404       0x3c board.o
                0x08000404                __hal_tim_set_compare
 .text.TIM2_Handler
                0x08000440       0xc0 board.o
                0x08000440                TIM2_Handler
 .text.HAL_GPIO_Init
                0x08000500       0x5c board.o
                0x08000500                HAL_GPIO_Init
 .text.HAL_ADC_ConfigChannel
                0x0800055c       0x30 board.o
                0x0800055c                HAL_ADC_ConfigChannel
 .text.HAL_ADC_Start
                0x0800058c       0x14 board.o
                0x0800058c                HAL_ADC_Start
 .text.HAL_ADC_PollForConversion
                0x080005a0       0x30 board.o
                0x080005a0                HAL_ADC_PollForConversion
 .text.HAL_ADC_GetValue
                0x080005d0        0xc board.o
                0x080005d0                HAL_ADC_GetValue
 .text.HAL_ADC_Stop
                0x080005dc        0xc board.o
                0x080005dc                HAL_ADC_Stop
 .text.HAL_TIM_PWM_Start
                0x080005e8        0x4 board.o
                0x080005e8                HAL_TIM_PWM_Start
 .text.board_init
                0x080005ec      0x114 board.o
                0x080005ec                board_init
 .text.delayms  0x08000700       0x34 board.o
                0x08000700                delayms
 .text.i2c_write_addr8_data8
                0x08000734       0x98 collision_detector.o
                0x08000734                i2c_write_addr8_data8
 .text.i2c_read_addr8_data8
                0x080007cc       0xcc collision_detector.o
                0x080007cc                i2c_read_addr8_data8
 .text.i2c_read_addr8_data16
                0x08000898       0xf4 collision_detector.o
                0x08000898                i2c_read_addr8_data16
 .text.collision_detector_init
                0x0800098c      0x100 collision_detector.o
                0x0800098c                collision_detector_init
 .text.collision_detector_update
                0x08000a8c       0x50 collision_detector.o
                0x08000a8c                collision_detector_update
 .text.debug_uart_init
                0x08000adc       0x7c debug_uart.o
                0x08000adc                debug_uart_init
 .text.debug_uart_write_char
                0x08000b58       0x14 debug_uart.o
                0x08000b58                debug_uart_write_char
 .text.field_sensor_adc_init
                0x08000b6c       0x54 field_sensor_adc.o
                0x08000b6c                field_sensor_adc_init
 .text.field_sensor_adc_read_channel
                0x08000bc0       0x48 field_sensor_adc.o
                0x08000bc0                field_sensor_adc_read_channel
 .text.field_sensor_adc_update
                0x08000c08       0x50 field_sensor_adc.o
                0x08000c08                field_sensor_adc_update
 .text.motor_apply_single.isra.0
                0x08000c58       0x98 hbridge_motor.o
 .text.hbridge_motor_init
                0x08000cf0       0x60 hbridge_motor.o
                0x08000cf0                hbridge_motor_init
 .text.hbridge_motor_stop_all
                0x08000d50       0x40 hbridge_motor.o
                0x08000d50                hbridge_motor_stop_all
 .text.hbridge_motor_apply
                0x08000d90       0x40 hbridge_motor.o
                0x08000d90                hbridge_motor_apply
 .text.hbridge_motor_get_last_command
                0x08000dd0       0x10 hbridge_motor.o
                0x08000dd0                hbridge_motor_get_last_command
 .text._exit    0x08000de0        0x4 printf_stubs.o
                0x08000de0                _exit
 .text._close   0x08000de4        0x8 printf_stubs.o
                0x08000de4                _close
 .text._fstat   0x08000dec        0xc printf_stubs.o
                0x08000dec                _fstat
 .text._getpid  0x08000df8        0x4 printf_stubs.o
                0x08000df8                _getpid
 .text._kill    0x08000dfc       0x10 printf_stubs.o
                0x08000dfc                _kill
 .text._lseek   0x08000e0c        0x4 printf_stubs.o
                0x08000e0c                _lseek
 .text._isatty  0x08000e10       0x18 printf_stubs.o
                0x08000e10                _isatty
 .text._sbrk    0x08000e28       0x38 printf_stubs.o
                0x08000e28                _sbrk
 .text._read    0x08000e60        0x4 printf_stubs.o
                0x08000e60                _read
 .text._write   0x08000e64       0x34 printf_stubs.o
                0x08000e64                _write
 .text.update_sensor_channel
                0x08000e98       0xa8 robot_auto_mode.o
 .text.run_path_action
                0x08000f40       0x60 robot_auto_mode.o
 .text.field_sensor_reset
                0x08000fa0       0x24 robot_auto_mode.o
                0x08000fa0                field_sensor_reset
 .text.field_sensor_update
                0x08000fc4       0x8c robot_auto_mode.o
                0x08000fc4                field_sensor_update
 .text.robot_auto_mode_init
                0x08001050       0x1c robot_auto_mode.o
                0x08001050                robot_auto_mode_init
 .text.robot_auto_mode_step
                0x0800106c      0x11c robot_auto_mode.o
                0x0800106c                robot_auto_mode_step
 .text.perform_single_ref_calibration
                0x08001188       0x68 vl53l0x.o
 .text.vl53l0x_init
                0x080011f0      0x578 vl53l0x.o
                0x080011f0                vl53l0x_init
 .text.vl53l0x_start_continuous
                0x08001768       0x68 vl53l0x.o
                0x08001768                vl53l0x_start_continuous
 .text.vl53l0x_measurement_ready
                0x080017d0       0x28 vl53l0x.o
                0x080017d0                vl53l0x_measurement_ready
 .text.vl53l0x_read_range_continuous
                0x080017f8       0x3c vl53l0x.o
                0x080017f8                vl53l0x_read_range_continuous
 .text.Default_Handler
                0x08001834        0x4 startup.o
                0x08001834                ADC_COMP_Handler
                0x08001834                EXTI2_3_Handler
                0x08001834                TIM21_Handler
                0x08001834                SysTick_Handler
                0x08001834                I2C1_Handler
                0x08001834                PendSV_Handler
                0x08001834                NMI_Handler
                0x08001834                WWDG_Handler
                0x08001834                RTC_Handler
                0x08001834                EXTI4_15_Handler
                0x08001834                USART1_Handler
                0x08001834                DMA_CH4_5_6_7_Handler
                0x08001834                Default_Handler
                0x08001834                LPUART1_Handler
                0x08001834                EXTI0_1_Handler
                0x08001834                DMA_CH1_Handler
                0x08001834                SPI2_Handler
                0x08001834                DMA_CH2_3_Handler
                0x08001834                I2C2_Handler
                0x08001834                SVC_Handler
                0x08001834                LPTIM1_Handler
                0x08001834                USART2_Handler
                0x08001834                SPI1_Handler
                0x08001834                RCC_Handler
                0x08001834                PVD_Handler
                0x08001834                TIM22_Handler
                0x08001834                TIM6_Handler
                0x08001834                FLASH_Handler
 .text.Hard_Fault_Handler
                0x08001838        0x4 startup.o
                0x08001838                Hard_Fault_Handler
 .text.initClock
                0x0800183c       0xbc startup.o
                0x0800183c                initClock
 .text.printf   0x080018f8       0x24 /Applications/ArmGNUToolchain/15.2.rel1/arm-none-eabi/bin/../lib/gcc/arm-none-eabi/15.2.1/../../../../arm-none-eabi/lib/thumb/v6-m/nofp/libc.a(libc_a-printf.o)
                0x080018f8                printf
 .text.__sflush_r
                0x0800191c      0x148 /Applications/ArmGNUToolchain/15.2.rel1/arm-none-eabi/bin/../lib/gcc/arm-none-eabi/15.2.1/../../../../arm-none-eabi/lib/thumb/v6-m/nofp/libc.a(libc_a-fflush.o)
                0x0800191c                __sflush_r
 .text._fflush_r
                0x08001a64       0x68 /Applications/ArmGNUToolchain/15.2.rel1/arm-none-eabi/bin/../lib/gcc/arm-none-eabi/15.2.1/../../../../arm-none-eabi/lib/thumb/v6-m/nofp/libc.a(libc_a-fflush.o)
                0x08001a64                _fflush_r
 .text.fflush   0x08001acc       0x7c /Applications/ArmGNUToolchain/15.2.rel1/arm-none-eabi/bin/../lib/gcc/arm-none-eabi/15.2.1/../../../../arm-none-eabi/lib/thumb/v6-m/nofp/libc.a(libc_a-fflush.o)
                0x08001acc                fflush
 .text.setvbuf  0x08001b48      0x1a8 /Applications/ArmGNUToolchain/15.2.rel1/arm-none-eabi/bin/../lib/gcc/arm-none-eabi/15.2.1/../../../../arm-none-eabi/lib/thumb/v6-m/nofp/libc.a(libc_a-setvbuf.o)
                0x08001b48                setvbuf
 .text.stdio_exit_handler
                0x08001cf0       0x1c /Applications/ArmGNUToolchain/15.2.rel1/arm-none-eabi/bin/../lib/gcc/arm-none-eabi/15.2.1/../../../../arm-none-eabi/lib/thumb/v6-m/nofp/libc.a(libc_a-findfp.o)
 .text.cleanup_stdio
                0x08001d0c       0x3c /Applications/ArmGNUToolchain/15.2.rel1/arm-none-eabi/bin/../lib/gcc/arm-none-eabi/15.2.1/../../../../arm-none-eabi/lib/thumb/v6-m/nofp/libc.a(libc_a-findfp.o)
 .text.global_stdio_init.part.0
                0x08001d48      0x110 /Applications/ArmGNUToolchain/15.2.rel1/arm-none-eabi/bin/../lib/gcc/arm-none-eabi/15.2.1/../../../../arm-none-eabi/lib/thumb/v6-m/nofp/libc.a(libc_a-findfp.o)
 .text.__sinit  0x08001e58       0x38 /Applications/ArmGNUToolchain/15.2.rel1/arm-none-eabi/bin/../lib/gcc/arm-none-eabi/15.2.1/../../../../arm-none-eabi/lib/thumb/v6-m/nofp/libc.a(libc_a-findfp.o)
                0x08001e58                __sinit
 .text.__sfp_lock_acquire
                0x08001e90       0x10 /Applications/ArmGNUToolchain/15.2.rel1/arm-none-eabi/bin/../lib/gcc/arm-none-eabi/15.2.1/../../../../arm-none-eabi/lib/thumb/v6-m/nofp/libc.a(libc_a-findfp.o)
                0x08001e90                __sfp_lock_acquire
 .text.__sfp_lock_release
                0x08001ea0       0x10 /Applications/ArmGNUToolchain/15.2.rel1/arm-none-eabi/bin/../lib/gcc/arm-none-eabi/15.2.1/../../../../arm-none-eabi/lib/thumb/v6-m/nofp/libc.a(libc_a-findfp.o)
                0x08001ea0                __sfp_lock_release
 .text.memset   0x08001eb0       0x8c /Applications/ArmGNUToolchain/15.2.rel1/arm-none-eabi/bin/../lib/gcc/arm-none-eabi/15.2.1/../../../../arm-none-eabi/lib/thumb/v6-m/nofp/libc.a(libc_a-memset.o)
                0x08001eb0                memset
 .text.__retarget_lock_init_recursive
                0x08001f3c        0x4 /Applications/ArmGNUToolchain/15.2.rel1/arm-none-eabi/bin/../lib/gcc/arm-none-eabi/15.2.1/../../../../arm-none-eabi/lib/thumb/v6-m/nofp/libc.a(libc_a-lock.o)
                0x08001f3c                __retarget_lock_init_recursive
 .text.__retarget_lock_close_recursive
                0x08001f40        0x4 /Applications/ArmGNUToolchain/15.2.rel1/arm-none-eabi/bin/../lib/gcc/arm-none-eabi/15.2.1/../../../../arm-none-eabi/lib/thumb/v6-m/nofp/libc.a(libc_a-lock.o)
                0x08001f40                __retarget_lock_close_recursive
 .text.__retarget_lock_acquire_recursive
                0x08001f44        0x4 /Applications/ArmGNUToolchain/15.2.rel1/arm-none-eabi/bin/../lib/gcc/arm-none-eabi/15.2.1/../../../../arm-none-eabi/lib/thumb/v6-m/nofp/libc.a(libc_a-lock.o)
                0x08001f44                __retarget_lock_acquire_recursive
 .text.__retarget_lock_release_recursive
                0x08001f48        0x4 /Applications/ArmGNUToolchain/15.2.rel1/arm-none-eabi/bin/../lib/gcc/arm-none-eabi/15.2.1/../../../../arm-none-eabi/lib/thumb/v6-m/nofp/libc.a(libc_a-lock.o)
                0x08001f48                __retarget_lock_release_recursive
 .text._malloc_trim_r
                0x08001f4c       0xb0 /Applications/ArmGNUToolchain/15.2.rel1/arm-none-eabi/bin/../lib/gcc/arm-none-eabi/15.2.1/../../../../arm-none-eabi/lib/thumb/v6-m/nofp/libc.a(libc_a-freer.o)
                0x08001f4c                _malloc_trim_r
 .text._free_r  0x08001ffc      0x1d4 /Applications/ArmGNUToolchain/15.2.rel1/arm-none-eabi/bin/../lib/gcc/arm-none-eabi/15.2.1/../../../../arm-none-eabi/lib/thumb/v6-m/nofp/libc.a(libc_a-freer.o)
                0x08001ffc                _free_r
 .text.malloc   0x080021d0       0x14 /Applications/ArmGNUToolchain/15.2.rel1/arm-none-eabi/bin/../lib/gcc/arm-none-eabi/15.2.1/../../../../arm-none-eabi/lib/thumb/v6-m/nofp/libc.a(libc_a-malloc.o)
                0x080021d0                malloc
 .text._malloc_r
                0x080021e4      0x564 /Applications/ArmGNUToolchain/15.2.rel1/arm-none-eabi/bin/../lib/gcc/arm-none-eabi/15.2.1/../../../../arm-none-eabi/lib/thumb/v6-m/nofp/libc.a(libc_a-mallocr.o)
                0x080021e4                _malloc_r
 .text._vfprintf_r
                0x08002748     0x2490 /Applications/ArmGNUToolchain/15.2.rel1/arm-none-eabi/bin/../lib/gcc/arm-none-eabi/15.2.1/../../../../arm-none-eabi/lib/thumb/v6-m/nofp/libc.a(libc_a-vfprintf.o)
                0x08002748                _vfprintf_r
 .text.__sbprintf
                0x08004bd8       0x8c /Applications/ArmGNUToolchain/15.2.rel1/arm-none-eabi/bin/../lib/gcc/arm-none-eabi/15.2.1/../../../../arm-none-eabi/lib/thumb/v6-m/nofp/libc.a(libc_a-vfprintf.o)
 .text.__malloc_lock
                0x08004c64       0x10 /Applications/ArmGNUToolchain/15.2.rel1/arm-none-eabi/bin/../lib/gcc/arm-none-eabi/15.2.1/../../../../arm-none-eabi/lib/thumb/v6-m/nofp/libc.a(libc_a-mlock.o)
                0x08004c64                __malloc_lock
 .text.__malloc_unlock
                0x08004c74       0x10 /Applications/ArmGNUToolchain/15.2.rel1/arm-none-eabi/bin/../lib/gcc/arm-none-eabi/15.2.1/../../../../arm-none-eabi/lib/thumb/v6-m/nofp/libc.a(libc_a-mlock.o)
                0x08004c74                __malloc_unlock
 .text._fwalk_sglue
                0x08004c84       0x44 /Applications/ArmGNUToolchain/15.2.rel1/arm-none-eabi/bin/../lib/gcc/arm-none-eabi/15.2.1/../../../../arm-none-eabi/lib/thumb/v6-m/nofp/libc.a(libc_a-fwalk.o)
                0x08004c84                _fwalk_sglue
 .text.__smakebuf_r
                0x08004cc8       0xd8 /Applications/ArmGNUToolchain/15.2.rel1/arm-none-eabi/bin/../lib/gcc/arm-none-eabi/15.2.1/../../../../arm-none-eabi/lib/thumb/v6-m/nofp/libc.a(libc_a-makebuf.o)
                0x08004cc8                __smakebuf_r
 .text.__swhatbuf_r
                0x08004da0       0x58 /Applications/ArmGNUToolchain/15.2.rel1/arm-none-eabi/bin/../lib/gcc/arm-none-eabi/15.2.1/../../../../arm-none-eabi/lib/thumb/v6-m/nofp/libc.a(libc_a-makebuf.o)
                0x08004da0                __swhatbuf_r
 .text.__sprint_r
                0x08004df8       0x20 /Applications/ArmGNUToolchain/15.2.rel1/arm-none-eabi/bin/../lib/gcc/arm-none-eabi/15.2.1/../../../../arm-none-eabi/lib/thumb/v6-m/nofp/libc.a(libc_a-sprint_r.o)
                0x08004df8                __sprint_r
 .text._fclose_r
                0x08004e18       0xd4 /Applications/ArmGNUToolchain/15.2.rel1/arm-none-eabi/bin/../lib/gcc/arm-none-eabi/15.2.1/../../../../arm-none-eabi/lib/thumb/v6-m/nofp/libc.a(libc_a-fclose.o)
                0x08004e18                _fclose_r
 .text.__sread  0x08004eec       0x28 /Applications/ArmGNUToolchain/15.2.rel1/arm-none-eabi/bin/../lib/gcc/arm-none-eabi/15.2.1/../../../../arm-none-eabi/lib/thumb/v6-m/nofp/libc.a(libc_a-stdio.o)
                0x08004eec                __sread
 .text.__swrite
                0x08004f14       0x40 /Applications/ArmGNUToolchain/15.2.rel1/arm-none-eabi/bin/../lib/gcc/arm-none-eabi/15.2.1/../../../../arm-none-eabi/lib/thumb/v6-m/nofp/libc.a(libc_a-stdio.o)
                0x08004f14                __swrite
 .text.__sseek  0x08004f54       0x2c /Applications/ArmGNUToolchain/15.2.rel1/arm-none-eabi/bin/../lib/gcc/arm-none-eabi/15.2.1/../../../../arm-none-eabi/lib/thumb/v6-m/nofp/libc.a(libc_a-stdio.o)
                0x08004f54                __sseek
 .text.__sclose
                0x08004f80        0xc /Applications/ArmGNUToolchain/15.2.rel1/arm-none-eabi/bin/../lib/gcc/arm-none-eabi/15.2.1/../../../../arm-none-eabi/lib/thumb/v6-m/nofp/libc.a(libc_a-stdio.o)
                0x08004f80                __sclose
 .text.__swsetup_r
                0x08004f8c       0xd4 /Applications/ArmGNUToolchain/15.2.rel1/arm-none-eabi/bin/../lib/gcc/arm-none-eabi/15.2.1/../../../../arm-none-eabi/lib/thumb/v6-m/nofp/libc.a(libc_a-wsetup.o)
                0x08004f8c                __swsetup_r
 .text.strncpy  0x08005060       0x60 /Applications/ArmGNUToolchain/15.2.rel1/arm-none-eabi/bin/../lib/gcc/arm-none-eabi/15.2.1/../../../../arm-none-eabi/lib/thumb/v6-m/nofp/libc.a(libc_a-strncpy.o)
                0x08005060                strncpy
 .text.__locale_mb_cur_max
                0x080050c0       0x10 /Applications/ArmGNUToolchain/15.2.rel1/arm-none-eabi/bin/../lib/gcc/arm-none-eabi/15.2.1/../../../../arm-none-eabi/lib/thumb/v6-m/nofp/libc.a(libc_a-locale.o)
                0x080050c0                __locale_mb_cur_max
 .text._localeconv_r
                0x080050d0        0x8 /Applications/ArmGNUToolchain/15.2.rel1/arm-none-eabi/bin/../lib/gcc/arm-none-eabi/15.2.1/../../../../arm-none-eabi/lib/thumb/v6-m/nofp/libc.a(libc_a-localeconv.o)
                0x080050d0                _localeconv_r
 .text._close_r
                0x080050d8       0x24 /Applications/ArmGNUToolchain/15.2.rel1/arm-none-eabi/bin/../lib/gcc/arm-none-eabi/15.2.1/../../../../arm-none-eabi/lib/thumb/v6-m/nofp/libc.a(libc_a-closer.o)
                0x080050d8                _close_r
 .text._fstat_r
                0x080050fc       0x28 /Applications/ArmGNUToolchain/15.2.rel1/arm-none-eabi/bin/../lib/gcc/arm-none-eabi/15.2.1/../../../../arm-none-eabi/lib/thumb/v6-m/nofp/libc.a(libc_a-fstatr.o)
                0x080050fc                _fstat_r
 .text._isatty_r
                0x08005124       0x24 /Applications/ArmGNUToolchain/15.2.rel1/arm-none-eabi/bin/../lib/gcc/arm-none-eabi/15.2.1/../../../../arm-none-eabi/lib/thumb/v6-m/nofp/libc.a(libc_a-isattyr.o)
                0x08005124                _isatty_r
 .text._lseek_r
                0x08005148       0x28 /Applications/ArmGNUToolchain/15.2.rel1/arm-none-eabi/bin/../lib/gcc/arm-none-eabi/15.2.1/../../../../arm-none-eabi/lib/thumb/v6-m/nofp/libc.a(libc_a-lseekr.o)
                0x08005148                _lseek_r
 .text._read_r  0x08005170       0x28 /Applications/ArmGNUToolchain/15.2.rel1/arm-none-eabi/bin/../lib/gcc/arm-none-eabi/15.2.1/../../../../arm-none-eabi/lib/thumb/v6-m/nofp/libc.a(libc_a-readr.o)
                0x08005170                _read_r
 .text._sbrk_r  0x08005198       0x24 /Applications/ArmGNUToolchain/15.2.rel1/arm-none-eabi/bin/../lib/gcc/arm-none-eabi/15.2.1/../../../../arm-none-eabi/lib/thumb/v6-m/nofp/libc.a(libc_a-sbrkr.o)
                0x08005198                _sbrk_r
 .text._write_r
                0x080051bc       0x28 /Applications/ArmGNUToolchain/15.2.rel1/arm-none-eabi/bin/../lib/gcc/arm-none-eabi/15.2.1/../../../../arm-none-eabi/lib/thumb/v6-m/nofp/libc.a(libc_a-writer.o)
                0x080051bc                _write_r
 .text.sysconf  0x080051e4       0x1c /Applications/ArmGNUToolchain/15.2.rel1/arm-none-eabi/bin/../lib/gcc/arm-none-eabi/15.2.1/../../../../arm-none-eabi/lib/thumb/v6-m/nofp/libc.a(libc_a-sysconf.o)
                0x080051e4                sysconf
 .text.memchr   0x08005200       0x70 /Applications/ArmGNUToolchain/15.2.rel1/arm-none-eabi/bin/../lib/gcc/arm-none-eabi/15.2.1/../../../../arm-none-eabi/lib/thumb/v6-m/nofp/libc.a(libc_a-memchr-stub.o)
                0x08005200                memchr
 .text.strlen   0x08005270       0x60 /Applications/ArmGNUToolchain/15.2.rel1/arm-none-eabi/bin/../lib/gcc/arm-none-eabi/15.2.1/../../../../arm-none-eabi/lib/thumb/v6-m/nofp/libc.a(libc_a-strlen-stub.o)
                0x08005270                strlen
 .text._wcrtomb_r
                0x080052d0       0x54 /Applications/ArmGNUToolchain/15.2.rel1/arm-none-eabi/bin/../lib/gcc/arm-none-eabi/15.2.1/../../../../arm-none-eabi/lib/thumb/v6-m/nofp/libc.a(libc_a-wcrtomb.o)
                0x080052d0                _wcrtomb_r
 .text._wcsrtombs_r
                0x08005324       0x1c /Applications/ArmGNUToolchain/15.2.rel1/arm-none-eabi/bin/../lib/gcc/arm-none-eabi/15.2.1/../../../../arm-none-eabi/lib/thumb/v6-m/nofp/libc.a(libc_a-wcsrtombs.o)
                0x08005324                _wcsrtombs_r
 .text.frexp    0x08005340       0x70 /Applications/ArmGNUToolchain/15.2.rel1/arm-none-eabi/bin/../lib/gcc/arm-none-eabi/15.2.1/../../../../arm-none-eabi/lib/thumb/v6-m/nofp/libc.a(libm_a-s_frexp.o)
                0x08005340                frexp
 .text.quorem   0x080053b0      0x15c /Applications/ArmGNUToolchain/15.2.rel1/arm-none-eabi/bin/../lib/gcc/arm-none-eabi/15.2.1/../../../../arm-none-eabi/lib/thumb/v6-m/nofp/libc.a(libc_a-dtoa.o)
 .text._dtoa_r  0x0800550c     0x1174 /Applications/ArmGNUToolchain/15.2.rel1/arm-none-eabi/bin/../lib/gcc/arm-none-eabi/15.2.1/../../../../arm-none-eabi/lib/thumb/v6-m/nofp/libc.a(libc_a-dtoa.o)
                0x0800550c                _dtoa_r
 .text.__ascii_mbtowc
                0x08006680       0x2c /Applications/ArmGNUToolchain/15.2.rel1/arm-none-eabi/bin/../lib/gcc/arm-none-eabi/15.2.1/../../../../arm-none-eabi/lib/thumb/v6-m/nofp/libc.a(libc_a-mbtowc_r.o)
                0x08006680                __ascii_mbtowc
 .text.__sfvwrite_r
                0x080066ac      0x300 /Applications/ArmGNUToolchain/15.2.rel1/arm-none-eabi/bin/../lib/gcc/arm-none-eabi/15.2.1/../../../../arm-none-eabi/lib/thumb/v6-m/nofp/libc.a(libc_a-fvwrite.o)
                0x080066ac                __sfvwrite_r
 .text._Balloc  0x080069ac       0x58 /Applications/ArmGNUToolchain/15.2.rel1/arm-none-eabi/bin/../lib/gcc/arm-none-eabi/15.2.1/../../../../arm-none-eabi/lib/thumb/v6-m/nofp/libc.a(libc_a-mprec.o)
                0x080069ac                _Balloc
 .text._Bfree   0x08006a04       0x14 /Applications/ArmGNUToolchain/15.2.rel1/arm-none-eabi/bin/../lib/gcc/arm-none-eabi/15.2.1/../../../../arm-none-eabi/lib/thumb/v6-m/nofp/libc.a(libc_a-mprec.o)
                0x08006a04                _Bfree
 .text.__multadd
                0x08006a18       0xa4 /Applications/ArmGNUToolchain/15.2.rel1/arm-none-eabi/bin/../lib/gcc/arm-none-eabi/15.2.1/../../../../arm-none-eabi/lib/thumb/v6-m/nofp/libc.a(libc_a-mprec.o)
                0x08006a18                __multadd
 .text.__hi0bits
                0x08006abc       0x60 /Applications/ArmGNUToolchain/15.2.rel1/arm-none-eabi/bin/../lib/gcc/arm-none-eabi/15.2.1/../../../../arm-none-eabi/lib/thumb/v6-m/nofp/libc.a(libc_a-mprec.o)
                0x08006abc                __hi0bits
 .text.__lo0bits
                0x08006b1c       0x8c /Applications/ArmGNUToolchain/15.2.rel1/arm-none-eabi/bin/../lib/gcc/arm-none-eabi/15.2.1/../../../../arm-none-eabi/lib/thumb/v6-m/nofp/libc.a(libc_a-mprec.o)
                0x08006b1c                __lo0bits
 .text.__i2b    0x08006ba8       0x60 /Applications/ArmGNUToolchain/15.2.rel1/arm-none-eabi/bin/../lib/gcc/arm-none-eabi/15.2.1/../../../../arm-none-eabi/lib/thumb/v6-m/nofp/libc.a(libc_a-mprec.o)
                0x08006ba8                __i2b
 .text.__multiply
                0x08006c08      0x1b8 /Applications/ArmGNUToolchain/15.2.rel1/arm-none-eabi/bin/../lib/gcc/arm-none-eabi/15.2.1/../../../../arm-none-eabi/lib/thumb/v6-m/nofp/libc.a(libc_a-mprec.o)
                0x08006c08                __multiply
 .text.__pow5mult
                0x08006dc0       0xd4 /Applications/ArmGNUToolchain/15.2.rel1/arm-none-eabi/bin/../lib/gcc/arm-none-eabi/15.2.1/../../../../arm-none-eabi/lib/thumb/v6-m/nofp/libc.a(libc_a-mprec.o)
                0x08006dc0                __pow5mult
 .text.__lshift
                0x08006e94       0xf4 /Applications/ArmGNUToolchain/15.2.rel1/arm-none-eabi/bin/../lib/gcc/arm-none-eabi/15.2.1/../../../../arm-none-eabi/lib/thumb/v6-m/nofp/libc.a(libc_a-mprec.o)
                0x08006e94                __lshift
 .text.__mcmp   0x08006f88       0x4c /Applications/ArmGNUToolchain/15.2.rel1/arm-none-eabi/bin/../lib/gcc/arm-none-eabi/15.2.1/../../../../arm-none-eabi/lib/thumb/v6-m/nofp/libc.a(libc_a-mprec.o)
                0x08006f88                __mcmp
 .text.__mdiff  0x08006fd4      0x1a0 /Applications/ArmGNUToolchain/15.2.rel1/arm-none-eabi/bin/../lib/gcc/arm-none-eabi/15.2.1/../../../../arm-none-eabi/lib/thumb/v6-m/nofp/libc.a(libc_a-mprec.o)
                0x08006fd4                __mdiff
 .text.__d2b    0x08007174       0xd0 /Applications/ArmGNUToolchain/15.2.rel1/arm-none-eabi/bin/../lib/gcc/arm-none-eabi/15.2.1/../../../../arm-none-eabi/lib/thumb/v6-m/nofp/libc.a(libc_a-mprec.o)
                0x08007174                __d2b
 .text._realloc_r
                0x08007244      0x328 /Applications/ArmGNUToolchain/15.2.rel1/arm-none-eabi/bin/../lib/gcc/arm-none-eabi/15.2.1/../../../../arm-none-eabi/lib/thumb/v6-m/nofp/libc.a(libc_a-reallocr.o)
                0x08007244                _realloc_r
 .text.__ascii_wctomb
                0x0800756c       0x1c /Applications/ArmGNUToolchain/15.2.rel1/arm-none-eabi/bin/../lib/gcc/arm-none-eabi/15.2.1/../../../../arm-none-eabi/lib/thumb/v6-m/nofp/libc.a(libc_a-wctomb_r.o)
                0x0800756c                __ascii_wctomb
 .text.memmove  0x08007588      0x104 /Applications/ArmGNUToolchain/15.2.rel1/arm-none-eabi/bin/../lib/gcc/arm-none-eabi/15.2.1/../../../../arm-none-eabi/lib/thumb/v6-m/nofp/libc.a(libc_a-memmove.o)
                0x08007588                memmove
 .text.__errno  0x0800768c        0xc /Applications/ArmGNUToolchain/15.2.rel1/arm-none-eabi/bin/../lib/gcc/arm-none-eabi/15.2.1/../../../../arm-none-eabi/lib/thumb/v6-m/nofp/libc.a(libc_a-errno.o)
                0x0800768c                __errno
 .text.memcpy   0x08007698       0xa8 /Applications/ArmGNUToolchain/15.2.rel1/arm-none-eabi/bin/../lib/gcc/arm-none-eabi/15.2.1/../../../../arm-none-eabi/lib/thumb/v6-m/nofp/libc.a(libc_a-memcpy-stub.o)
                0x08007698                memcpy
 .text._wcsnrtombs_l
                0x08007740      0x118 /Applications/ArmGNUToolchain/15.2.rel1/arm-none-eabi/bin/../lib/gcc/arm-none-eabi/15.2.1/../../../../arm-none-eabi/lib/thumb/v6-m/nofp/libc.a(libc_a-wcsnrtombs.o)
                0x08007740                _wcsnrtombs_l
 .text._wcsnrtombs_r
                0x08007858       0x24 /Applications/ArmGNUToolchain/15.2.rel1/arm-none-eabi/bin/../lib/gcc/arm-none-eabi/15.2.1/../../../../arm-none-eabi/lib/thumb/v6-m/nofp/libc.a(libc_a-wcsnrtombs.o)
                0x08007858                _wcsnrtombs_r
 .text.__assert_func
                0x0800787c       0x40 /Applications/ArmGNUToolchain/15.2.rel1/arm-none-eabi/bin/../lib/gcc/arm-none-eabi/15.2.1/../../../../arm-none-eabi/lib/thumb/v6-m/nofp/libc.a(libc_a-assert.o)
                0x0800787c                __assert_func
 .text._calloc_r
                0x080078bc       0xb8 /Applications/ArmGNUToolchain/15.2.rel1/arm-none-eabi/bin/../lib/gcc/arm-none-eabi/15.2.1/../../../../arm-none-eabi/lib/thumb/v6-m/nofp/libc.a(libc_a-callocr.o)
                0x080078bc                _calloc_r
 .text.fiprintf
                0x08007974       0x24 /Applications/ArmGNUToolchain/15.2.rel1/arm-none-eabi/bin/../lib/gcc/arm-none-eabi/15.2.1/../../../../arm-none-eabi/lib/thumb/v6-m/nofp/libc.a(libc_a-fiprintf.o)
                0x08007974                fiprintf
 .text._vfiprintf_r
                0x08007998     0x1290 /Applications/ArmGNUToolchain/15.2.rel1/arm-none-eabi/bin/../lib/gcc/arm-none-eabi/15.2.1/../../../../arm-none-eabi/lib/thumb/v6-m/nofp/libc.a(libc_a-vfiprintf.o)
                0x08007998                _vfiprintf_r
 .text.__sbprintf
                0x08008c28       0x8c /Applications/ArmGNUToolchain/15.2.rel1/arm-none-eabi/bin/../lib/gcc/arm-none-eabi/15.2.1/../../../../arm-none-eabi/lib/thumb/v6-m/nofp/libc.a(libc_a-vfiprintf.o)
 .text.abort    0x08008cb4       0x10 /Applications/ArmGNUToolchain/15.2.rel1/arm-none-eabi/bin/../lib/gcc/arm-none-eabi/15.2.1/../../../../arm-none-eabi/lib/thumb/v6-m/nofp/libc.a(libc_a-abort.o)
                0x08008cb4                abort
 .text.raise    0x08008cc4       0x5c /Applications/ArmGNUToolchain/15.2.rel1/arm-none-eabi/bin/../lib/gcc/arm-none-eabi/15.2.1/../../../../arm-none-eabi/lib/thumb/v6-m/nofp/libc.a(libc_a-signal.o)
                0x08008cc4                raise
 .text._kill_r  0x08008d20       0x28 /Applications/ArmGNUToolchain/15.2.rel1/arm-none-eabi/bin/../lib/gcc/arm-none-eabi/15.2.1/../../../../arm-none-eabi/lib/thumb/v6-m/nofp/libc.a(libc_a-signalr.o)
                0x08008d20                _kill_r
 .text._getpid_r
                0x08008d48        0x8 /Applications/ArmGNUToolchain/15.2.rel1/arm-none-eabi/bin/../lib/gcc/arm-none-eabi/15.2.1/../../../../arm-none-eabi/lib/thumb/v6-m/nofp/libc.a(libc_a-signalr.o)
                0x08008d48                _getpid_r
 .text          0x08008d50      0x114 /Applications/ArmGNUToolchain/15.2.rel1/arm-none-eabi/bin/../lib/gcc/arm-none-eabi/15.2.1/thumb/v6-m/nofp/libgcc.a(_udivsi3.o)
                0x08008d50                __udivsi3
                0x08008d50                __aeabi_uidiv
                0x08008e5c                __aeabi_uidivmod
 .text          0x08008e64      0x1d4 /Applications/ArmGNUToolchain/15.2.rel1/arm-none-eabi/bin/../lib/gcc/arm-none-eabi/15.2.1/thumb/v6-m/nofp/libgcc.a(_divsi3.o)
                0x08008e64                __aeabi_idiv
                0x08008e64                __divsi3
                0x08009030                __aeabi_idivmod
 .text          0x08009038        0x4 /Applications/ArmGNUToolchain/15.2.rel1/arm-none-eabi/bin/../lib/gcc/arm-none-eabi/15.2.1/thumb/v6-m/nofp/libgcc.a(_dvmd_tls.o)
                0x08009038                __aeabi_ldiv0
                0x08009038                __aeabi_idiv0
 .text          0x0800903c       0x7c /Applications/ArmGNUToolchain/15.2.rel1/arm-none-eabi/bin/../lib/gcc/arm-none-eabi/15.2.1/thumb/v6-m/nofp/libgcc.a(_arm_cmpdf2.o)
                0x0800903c                __aeabi_cdrcmple
                0x0800904c                __aeabi_cdcmple
                0x0800904c                __aeabi_cdcmpeq
                0x0800905c                __aeabi_dcmpeq
                0x08009068                __aeabi_dcmplt
                0x0800907c                __aeabi_dcmple
                0x08009090                __aeabi_dcmpgt
                0x080090a4                __aeabi_dcmpge
 .text          0x080090b8       0x40 /Applications/ArmGNUToolchain/15.2.rel1/arm-none-eabi/bin/../lib/gcc/arm-none-eabi/15.2.1/thumb/v6-m/nofp/libgcc.a(_aeabi_uldivmod.o)
                0x080090b8                __aeabi_uldivmod
 .text.__muldi3
                0x080090f8       0x50 /Applications/ArmGNUToolchain/15.2.rel1/arm-none-eabi/bin/../lib/gcc/arm-none-eabi/15.2.1/thumb/v6-m/nofp/libgcc.a(_muldi3.o)
                0x080090f8                __aeabi_lmul
                0x080090f8                __muldi3
 .text.__udivmoddi4
                0x08009148      0x190 /Applications/ArmGNUToolchain/15.2.rel1/arm-none-eabi/bin/../lib/gcc/arm-none-eabi/15.2.1/thumb/v6-m/nofp/libgcc.a(_udivmoddi4.o)
                0x08009148                __udivmoddi4
 .text.__aeabi_dadd
                0x080092d8      0x828 /Applications/ArmGNUToolchain/15.2.rel1/arm-none-eabi/bin/../lib/gcc/arm-none-eabi/15.2.1/thumb/v6-m/nofp/libgcc.a(adddf3.o)
                0x080092d8                __aeabi_dadd
 .text.__aeabi_ddiv
                0x08009b00      0x630 /Applications/ArmGNUToolchain/15.2.rel1/arm-none-eabi/bin/../lib/gcc/arm-none-eabi/15.2.1/thumb/v6-m/nofp/libgcc.a(divdf3.o)
                0x08009b00                __aeabi_ddiv
 .text.__eqdf2  0x0800a130       0x94 /Applications/ArmGNUToolchain/15.2.rel1/arm-none-eabi/bin/../lib/gcc/arm-none-eabi/15.2.1/thumb/v6-m/nofp/libgcc.a(eqdf2.o)
                0x0800a130                __eqdf2
                0x0800a130                __nedf2
 .text.__gedf2  0x0800a1c4       0xd4 /Applications/ArmGNUToolchain/15.2.rel1/arm-none-eabi/bin/../lib/gcc/arm-none-eabi/15.2.1/thumb/v6-m/nofp/libgcc.a(gedf2.o)
                0x0800a1c4                __gtdf2
                0x0800a1c4                __gedf2
 .text.__ledf2  0x0800a298       0xd4 /Applications/ArmGNUToolchain/15.2.rel1/arm-none-eabi/bin/../lib/gcc/arm-none-eabi/15.2.1/thumb/v6-m/nofp/libgcc.a(ledf2.o)
                0x0800a298                __ltdf2
                0x0800a298                __ledf2
 .text.__aeabi_dmul
                0x0800a36c      0x570 /Applications/ArmGNUToolchain/15.2.rel1/arm-none-eabi/bin/../lib/gcc/arm-none-eabi/15.2.1/thumb/v6-m/nofp/libgcc.a(muldf3.o)
                0x0800a36c                __aeabi_dmul
 .text.__aeabi_dsub
                0x0800a8dc      0x814 /Applications/ArmGNUToolchain/15.2.rel1/arm-none-eabi/bin/../lib/gcc/arm-none-eabi/15.2.1/thumb/v6-m/nofp/libgcc.a(subdf3.o)
                0x0800a8dc                __aeabi_dsub
 .text.__aeabi_dcmpun
                0x0800b0f0       0x40 /Applications/ArmGNUToolchain/15.2.rel1/arm-none-eabi/bin/../lib/gcc/arm-none-eabi/15.2.1/thumb/v6-m/nofp/libgcc.a(unorddf2.o)
                0x0800b0f0                __aeabi_dcmpun
 .text.__aeabi_d2iz
                0x0800b130       0x70 /Applications/ArmGNUToolchain/15.2.rel1/arm-none-eabi/bin/../lib/gcc/arm-none-eabi/15.2.1/thumb/v6-m/nofp/libgcc.a(fixdfsi.o)
                0x0800b130                __aeabi_d2iz
 .text.__aeabi_i2d
                0x0800b1a0       0x68 /Applications/ArmGNUToolchain/15.2.rel1/arm-none-eabi/bin/../lib/gcc/arm-none-eabi/15.2.1/thumb/v6-m/nofp/libgcc.a(floatsidf.o)
                0x0800b1a0                __aeabi_i2d
 .text.__aeabi_ui2d
                0x0800b208       0x48 /Applications/ArmGNUToolchain/15.2.rel1/arm-none-eabi/bin/../lib/gcc/arm-none-eabi/15.2.1/thumb/v6-m/nofp/libgcc.a(floatunsidf.o)
                0x0800b208                __aeabi_ui2d
 .text          0x0800b250       0x3c /Applications/ArmGNUToolchain/15.2.rel1/arm-none-eabi/bin/../lib/gcc/arm-none-eabi/15.2.1/thumb/v6-m/nofp/libgcc.a(_clzsi2.o)
                0x0800b250                __clzsi2
 .text          0x0800b28c       0x18 /Applications/ArmGNUToolchain/15.2.rel1/arm-none-eabi/bin/../lib/gcc/arm-none-eabi/15.2.1/thumb/v6-m/nofp/libgcc.a(_clzdi2.o)
                0x0800b28c                __clzdi2
 *(.rodata*)
 .rodata.main.str1.4
                0x0800b2a4      0x30b main.o
                                0x157 (size before relaxing)
 *fill*         0x0800b5af        0x1 
 .rodata.k_right_reverse
                0x0800b5b0        0x8 hbridge_motor.o
 .rodata.k_left_reverse
                0x0800b5b8        0x8 hbridge_motor.o
 .rodata.k_path_table
                0x0800b5c0       0x18 robot_auto_mode.o
 .rodata._vfprintf_r.str1.4
                0x0800b5d8        0x0 /Applications/ArmGNUToolchain/15.2.rel1/arm-none-eabi/bin/../lib/gcc/arm-none-eabi/15.2.1/../../../../arm-none-eabi/lib/thumb/v6-m/nofp/libc.a(libc_a-vfprintf.o)
                                 0x42 (size before relaxing)
 .rodata._vfprintf_r
                0x0800b5d8      0x204 /Applications/ArmGNUToolchain/15.2.rel1/arm-none-eabi/bin/../lib/gcc/arm-none-eabi/15.2.1/../../../../arm-none-eabi/lib/thumb/v6-m/nofp/libc.a(libc_a-vfprintf.o)
 .rodata.zeroes.0
                0x0800b7dc       0x10 /Applications/ArmGNUToolchain/15.2.rel1/arm-none-eabi/bin/../lib/gcc/arm-none-eabi/15.2.1/../../../../arm-none-eabi/lib/thumb/v6-m/nofp/libc.a(libc_a-vfprintf.o)
 .rodata.blanks.1
                0x0800b7ec       0x10 /Applications/ArmGNUToolchain/15.2.rel1/arm-none-eabi/bin/../lib/gcc/arm-none-eabi/15.2.1/../../../../arm-none-eabi/lib/thumb/v6-m/nofp/libc.a(libc_a-vfprintf.o)
 .rodata.str1.4
                0x0800b7fc        0x0 /Applications/ArmGNUToolchain/15.2.rel1/arm-none-eabi/bin/../lib/gcc/arm-none-eabi/15.2.1/../../../../arm-none-eabi/lib/thumb/v6-m/nofp/libc.a(libc_a-locale.o)
                                 0x4c (size before relaxing)
 .rodata._ctype_
                0x0800b7fc      0x101 /Applications/ArmGNUToolchain/15.2.rel1/arm-none-eabi/bin/../lib/gcc/arm-none-eabi/15.2.1/../../../../arm-none-eabi/lib/thumb/v6-m/nofp/libc.a(libc_a-ctype_.o)
                0x0800b7fc                _ctype_
 .rodata._dtoa_r.str1.4
                0x0800b8fd        0x0 /Applications/ArmGNUToolchain/15.2.rel1/arm-none-eabi/bin/../lib/gcc/arm-none-eabi/15.2.1/../../../../arm-none-eabi/lib/thumb/v6-m/nofp/libc.a(libc_a-dtoa.o)
                                 0x89 (size before relaxing)
 .rodata.__multadd.str1.4
                0x0800b8fd        0x0 /Applications/ArmGNUToolchain/15.2.rel1/arm-none-eabi/bin/../lib/gcc/arm-none-eabi/15.2.1/../../../../arm-none-eabi/lib/thumb/v6-m/nofp/libc.a(libc_a-mprec.o)
                                 0x76 (size before relaxing)
 *fill*         0x0800b8fd        0x3 
 .rodata.p05.0  0x0800b900        0xc /Applications/ArmGNUToolchain/15.2.rel1/arm-none-eabi/bin/../lib/gcc/arm-none-eabi/15.2.1/../../../../arm-none-eabi/lib/thumb/v6-m/nofp/libc.a(libc_a-mprec.o)
 *fill*         0x0800b90c        0x4 
 .rodata.__mprec_bigtens
                0x0800b910       0x28 /Applications/ArmGNUToolchain/15.2.rel1/arm-none-eabi/bin/../lib/gcc/arm-none-eabi/15.2.1/../../../../arm-none-eabi/lib/thumb/v6-m/nofp/libc.a(libc_a-mprec.o)
                0x0800b910                __mprec_bigtens
 .rodata.__mprec_tens
                0x0800b938       0xc8 /Applications/ArmGNUToolchain/15.2.rel1/arm-none-eabi/bin/../lib/gcc/arm-none-eabi/15.2.1/../../../../arm-none-eabi/lib/thumb/v6-m/nofp/libc.a(libc_a-mprec.o)
                0x0800b938                __mprec_tens
 .rodata.__assert_func.str1.4
                0x0800ba00        0x0 /Applications/ArmGNUToolchain/15.2.rel1/arm-none-eabi/bin/../lib/gcc/arm-none-eabi/15.2.1/../../../../arm-none-eabi/lib/thumb/v6-m/nofp/libc.a(libc_a-assert.o)
                                 0x43 (size before relaxing)
 .rodata._vfiprintf_r.str1.4
                0x0800ba00        0x0 /Applications/ArmGNUToolchain/15.2.rel1/arm-none-eabi/bin/../lib/gcc/arm-none-eabi/15.2.1/../../../../arm-none-eabi/lib/thumb/v6-m/nofp/libc.a(libc_a-vfiprintf.o)
                                 0x2f (size before relaxing)
 .rodata._vfiprintf_r
                0x0800ba00      0x16c /Applications/ArmGNUToolchain/15.2.rel1/arm-none-eabi/bin/../lib/gcc/arm-none-eabi/15.2.1/../../../../arm-none-eabi/lib/thumb/v6-m/nofp/libc.a(libc_a-vfiprintf.o)
 .rodata.zeroes.0
                0x0800bb6c       0x10 /Applications/ArmGNUToolchain/15.2.rel1/arm-none-eabi/bin/../lib/gcc/arm-none-eabi/15.2.1/../../../../arm-none-eabi/lib/thumb/v6-m/nofp/libc.a(libc_a-vfiprintf.o)
 .rodata.blanks.1
                0x0800bb7c       0x10 /Applications/ArmGNUToolchain/15.2.rel1/arm-none-eabi/bin/../lib/gcc/arm-none-eabi/15.2.1/../../../../arm-none-eabi/lib/thumb/v6-m/nofp/libc.a(libc_a-vfiprintf.o)
 .rodata.__aeabi_ddiv
                0x0800bb8c       0x40 /Applications/ArmGNUToolchain/15.2.rel1/arm-none-eabi/bin/../lib/gcc/arm-none-eabi/15.2.1/thumb/v6-m/nofp/libgcc.a(divdf3.o)
                0x0800bbcc                        . = ALIGN (0x4)
                0x0800bbcc                        PROVIDE (__init_array_start = .)
 *(SORT_BY_NAME(.init_array.*))
 *(.init_array)
                0x0800bbcc                        PROVIDE (__init_array_end = .)
                0x0800bbcc                        . = ALIGN (0x4)
                0x0800bbcc                        _etext = .

.glue_7         0x0800bbcc        0x0
 .glue_7        0x0800bbcc        0x0 linker stubs

.glue_7t        0x0800bbcc        0x0
 .glue_7t       0x0800bbcc        0x0 linker stubs

.vfp11_veneer   0x0800bbcc        0x0
 .vfp11_veneer  0x0800bbcc        0x0 linker stubs

.v4_bx          0x0800bbcc        0x0
 .v4_bx         0x0800bbcc        0x0 linker stubs

.iplt           0x0800bbcc        0x0
 .iplt          0x0800bbcc        0x0 main.o

.rel.dyn        0x0800bbcc        0x0
 .rel.iplt      0x0800bbcc        0x0 main.o

.ARM.exidx.text.__udivmoddi4
                0x0800bbcc        0x8
 .ARM.exidx.text.__udivmoddi4
                0x0800bbcc        0x8 /Applications/ArmGNUToolchain/15.2.rel1/arm-none-eabi/bin/../lib/gcc/arm-none-eabi/15.2.1/thumb/v6-m/nofp/libgcc.a(_udivmoddi4.o)

.data           0x20000000      0x884 load address 0x0800bbd4
                0x20000000                        . = ALIGN (0x4)
                0x20000000                        _data = .
 *(.data*)
 .data.htim2    0x20000000        0x4 board.o
                0x20000000                htim2
 .data.hadc1    0x20000004        0x8 board.o
                0x20000004                hadc1
 .data.g_state  0x2000000c        0x1 robot_auto_mode.o
 *fill*         0x2000000d        0x3 
 .data.__sglue  0x20000010        0xc /Applications/ArmGNUToolchain/15.2.rel1/arm-none-eabi/bin/../lib/gcc/arm-none-eabi/15.2.1/../../../../arm-none-eabi/lib/thumb/v6-m/nofp/libc.a(libc_a-findfp.o)
                0x20000010                __sglue
 .data._impure_ptr
                0x2000001c        0x4 /Applications/ArmGNUToolchain/15.2.rel1/arm-none-eabi/bin/../lib/gcc/arm-none-eabi/15.2.1/../../../../arm-none-eabi/lib/thumb/v6-m/nofp/libc.a(libc_a-impure.o)
                0x2000001c                _impure_ptr
 .data._impure_data
                0x20000020      0x200 /Applications/ArmGNUToolchain/15.2.rel1/arm-none-eabi/bin/../lib/gcc/arm-none-eabi/15.2.1/../../../../arm-none-eabi/lib/thumb/v6-m/nofp/libc.a(libc_a-impure.o)
                0x20000020                _impure_data
 .data.__malloc_sbrk_base
                0x20000220        0x4 /Applications/ArmGNUToolchain/15.2.rel1/arm-none-eabi/bin/../lib/gcc/arm-none-eabi/15.2.1/../../../../arm-none-eabi/lib/thumb/v6-m/nofp/libc.a(libc_a-mallocr.o)
                0x20000220                __malloc_sbrk_base
 .data.__malloc_trim_threshold
                0x20000224        0x4 /Applications/ArmGNUToolchain/15.2.rel1/arm-none-eabi/bin/../lib/gcc/arm-none-eabi/15.2.1/../../../../arm-none-eabi/lib/thumb/v6-m/nofp/libc.a(libc_a-mallocr.o)
                0x20000224                __malloc_trim_threshold
 .data.__malloc_av_
                0x20000228      0x408 /Applications/ArmGNUToolchain/15.2.rel1/arm-none-eabi/bin/../lib/gcc/arm-none-eabi/15.2.1/../../../../arm-none-eabi/lib/thumb/v6-m/nofp/libc.a(libc_a-mallocr.o)
                0x20000228                __malloc_av_
 .data.__global_locale
                0x20000630      0x254 /Applications/ArmGNUToolchain/15.2.rel1/arm-none-eabi/bin/../lib/gcc/arm-none-eabi/15.2.1/../../../../arm-none-eabi/lib/thumb/v6-m/nofp/libc.a(libc_a-locale.o)
                0x20000630                __global_locale
                0x20000884                        . = ALIGN (0x4)
                0x20000884                        _edata = .

.igot.plt       0x20000884        0x0 load address 0x0800c458
 .igot.plt      0x20000884        0x0 main.o

.bss            0x20000888      0x1a4 load address 0x0800c458
                0x20000888                        _bss = .
 *(.bss*)
 .bss.g_pwm_counter
                0x20000888        0x4 board.o
 .bss.g_motor_compare
                0x2000088c       0x10 board.o
 *fill*         0x2000089c        0x4 
 .bss.g_last_command
                0x200008a0        0x8 hbridge_motor.o
 .bss.heap_end.0
                0x200008a8        0x4 printf_stubs.o
 .bss.g_active_action
                0x200008ac        0x1 robot_auto_mode.o
 .bss.stop_variable
                0x200008ad        0x1 vl53l0x.o
 *fill*         0x200008ae        0x2 
 .bss.__sf      0x200008b0      0x138 /Applications/ArmGNUToolchain/15.2.rel1/arm-none-eabi/bin/../lib/gcc/arm-none-eabi/15.2.1/../../../../arm-none-eabi/lib/thumb/v6-m/nofp/libc.a(libc_a-findfp.o)
                0x200008b0                __sf
 .bss.__stdio_exit_handler
                0x200009e8        0x4 /Applications/ArmGNUToolchain/15.2.rel1/arm-none-eabi/bin/../lib/gcc/arm-none-eabi/15.2.1/../../../../arm-none-eabi/lib/thumb/v6-m/nofp/libc.a(libc_a-findfp.o)
                0x200009e8                __stdio_exit_handler
 .bss.errno     0x200009ec        0x4 /Applications/ArmGNUToolchain/15.2.rel1/arm-none-eabi/bin/../lib/gcc/arm-none-eabi/15.2.1/../../../../arm-none-eabi/lib/thumb/v6-m/nofp/libc.a(libc_a-reent.o)
                0x200009ec                errno
 .bss.__lock___malloc_recursive_mutex
                0x200009f0        0x1 /Applications/ArmGNUToolchain/15.2.rel1/arm-none-eabi/bin/../lib/gcc/arm-none-eabi/15.2.1/../../../../arm-none-eabi/lib/thumb/v6-m/nofp/libc.a(libc_a-lock.o)
                0x200009f0                __lock___malloc_recursive_mutex
 *fill*         0x200009f1        0x3 
 .bss.__lock___sfp_recursive_mutex
                0x200009f4        0x1 /Applications/ArmGNUToolchain/15.2.rel1/arm-none-eabi/bin/../lib/gcc/arm-none-eabi/15.2.1/../../../../arm-none-eabi/lib/thumb/v6-m/nofp/libc.a(libc_a-lock.o)
                0x200009f4                __lock___sfp_recursive_mutex
 *fill*         0x200009f5        0x3 
 .bss.__malloc_current_mallinfo
                0x200009f8       0x28 /Applications/ArmGNUToolchain/15.2.rel1/arm-none-eabi/bin/../lib/gcc/arm-none-eabi/15.2.1/../../../../arm-none-eabi/lib/thumb/v6-m/nofp/libc.a(libc_a-mallocr.o)
                0x200009f8                __malloc_current_mallinfo
 .bss.__malloc_max_total_mem
                0x20000a20        0x4 /Applications/ArmGNUToolchain/15.2.rel1/arm-none-eabi/bin/../lib/gcc/arm-none-eabi/15.2.1/../../../../arm-none-eabi/lib/thumb/v6-m/nofp/libc.a(libc_a-mallocr.o)
                0x20000a20                __malloc_max_total_mem
 .bss.__malloc_max_sbrked_mem
                0x20000a24        0x4 /Applications/ArmGNUToolchain/15.2.rel1/arm-none-eabi/bin/../lib/gcc/arm-none-eabi/15.2.1/../../../../arm-none-eabi/lib/thumb/v6-m/nofp/libc.a(libc_a-mallocr.o)
                0x20000a24                __malloc_max_sbrked_mem
 .bss.__malloc_top_pad
                0x20000a28        0x4 /Applications/ArmGNUToolchain/15.2.rel1/arm-none-eabi/bin/../lib/gcc/arm-none-eabi/15.2.1/../../../../arm-none-eabi/lib/thumb/v6-m/nofp/libc.a(libc_a-mallocr.o)
                0x20000a28                __malloc_top_pad
 *(COMMON)
                0x20000a2c                        . = ALIGN (0x4)
                0x20000a2c                        _ebss = .
                [!provide]                        PROVIDE (end = .)
                0x20000a2c                        PROVIDE (_HeapStart = .)
                0x20002000                        PROVIDE (_StackTop = (ORIGIN (ram) + LENGTH (ram)))
OUTPUT(auto_mode.elf elf32-littlearm)
LOAD linker stubs

.debug_info     0x00000000     0x6adf
 .debug_info    0x00000000     0x11e5 main.o
 .debug_info    0x000011e5      0xa93 board.o
 .debug_info    0x00001c78      0xa28 collision_detector.o
 .debug_info    0x000026a0      0x4cc debug_uart.o
 .debug_info    0x00002b6c      0x9cf field_sensor_adc.o
 .debug_info    0x0000353b      0xa7f hbridge_motor.o
 .debug_info    0x00003fba      0x757 printf_stubs.o
 .debug_info    0x00004711      0xedc robot_auto_mode.o
 .debug_info    0x000055ed     0x1189 vl53l0x.o
 .debug_info    0x00006776      0x369 startup.o

.debug_abbrev   0x00000000     0x18f9
 .debug_abbrev  0x00000000      0x31d main.o
 .debug_abbrev  0x0000031d      0x332 board.o
 .debug_abbrev  0x0000064f      0x2d1 collision_detector.o
 .debug_abbrev  0x00000920      0x20e debug_uart.o
 .debug_abbrev  0x00000b2e      0x254 field_sensor_adc.o
 .debug_abbrev  0x00000d82      0x27b hbridge_motor.o
 .debug_abbrev  0x00000ffd      0x1c3 printf_stubs.o
 .debug_abbrev  0x000011c0      0x359 robot_auto_mode.o
 .debug_abbrev  0x00001519      0x25c vl53l0x.o
 .debug_abbrev  0x00001775      0x184 startup.o

.debug_loclists
                0x00000000     0x1b65
 .debug_loclists
                0x00000000      0x212 main.o
 .debug_loclists
                0x00000212      0x179 board.o
 .debug_loclists
                0x0000038b      0x39c collision_detector.o
 .debug_loclists
                0x00000727       0xbd debug_uart.o
 .debug_loclists
                0x000007e4      0x22a field_sensor_adc.o
 .debug_loclists
                0x00000a0e      0x409 hbridge_motor.o
 .debug_loclists
                0x00000e17      0x28c printf_stubs.o
 .debug_loclists
                0x000010a3      0x7a7 robot_auto_mode.o
 .debug_loclists
                0x0000184a      0x2e2 vl53l0x.o
 .debug_loclists
                0x00001b2c       0x39 startup.o

.debug_aranges  0x00000000      0x310
 .debug_aranges
                0x00000000       0x20 main.o
 .debug_aranges
                0x00000020       0x70 board.o
 .debug_aranges
                0x00000090       0x48 collision_detector.o
 .debug_aranges
                0x000000d8       0x40 debug_uart.o
 .debug_aranges
                0x00000118       0x38 field_sensor_adc.o
 .debug_aranges
                0x00000150       0x40 hbridge_motor.o
 .debug_aranges
                0x00000190       0xa0 printf_stubs.o
 .debug_aranges
                0x00000230       0x58 robot_auto_mode.o
 .debug_aranges
                0x00000288       0x50 vl53l0x.o
 .debug_aranges
                0x000002d8       0x38 startup.o

.debug_rnglists
                0x00000000      0x72e
 .debug_rnglists
                0x00000000       0x35 main.o
 .debug_rnglists
                0x00000035       0x96 board.o
 .debug_rnglists
                0x000000cb      0x27b collision_detector.o
 .debug_rnglists
                0x00000346       0x43 debug_uart.o
 .debug_rnglists
                0x00000389       0x91 field_sensor_adc.o
 .debug_rnglists
                0x0000041a       0x91 hbridge_motor.o
 .debug_rnglists
                0x000004ab       0x73 printf_stubs.o
 .debug_rnglists
                0x0000051e      0x198 robot_auto_mode.o
 .debug_rnglists
                0x000006b6       0x51 vl53l0x.o
 .debug_rnglists
                0x00000707       0x27 startup.o

.debug_line     0x00000000     0x379a
 .debug_line    0x00000000      0x41c main.o
 .debug_line    0x0000041c      0x75d board.o
 .debug_line    0x00000b79      0x9d8 collision_detector.o
 .debug_line    0x00001551      0x35d debug_uart.o
 .debug_line    0x000018ae      0x3af field_sensor_adc.o
 .debug_line    0x00001c5d      0x3c3 hbridge_motor.o
 .debug_line    0x00002020      0x49a printf_stubs.o
 .debug_line    0x000024ba      0x736 robot_auto_mode.o
 .debug_line    0x00002bf0      0x889 vl53l0x.o
 .debug_line    0x00003479      0x321 startup.o

.debug_str      0x00000000     0x19a5
 .debug_str     0x00000000     0x19a5 main.o
                                0x8ef (size before relaxing)
 .debug_str     0x000019a5        0x0 board.o
                                0x604 (size before relaxing)
 .debug_str     0x000019a5        0x0 collision_detector.o
                                0x4a3 (size before relaxing)
 .debug_str     0x000019a5        0x0 debug_uart.o
                                0x32f (size before relaxing)
 .debug_str     0x000019a5        0x0 field_sensor_adc.o
                                0x5f5 (size before relaxing)
 .debug_str     0x000019a5        0x0 hbridge_motor.o
                                0x3a5 (size before relaxing)
 .debug_str     0x000019a5        0x0 printf_stubs.o
                                0x418 (size before relaxing)
 .debug_str     0x000019a5        0x0 robot_auto_mode.o
                                0x6e0 (size before relaxing)
 .debug_str     0x000019a5        0x0 vl53l0x.o
                                0x3c8 (size before relaxing)
 .debug_str     0x000019a5        0x0 startup.o
                                0x2e4 (size before relaxing)

.comment        0x00000000       0x45
 .comment       0x00000000       0x45 main.o
                                 0x46 (size before relaxing)
 .comment       0x00000045        0x0 board.o
                                 0x46 (size before relaxing)
 .comment       0x00000045        0x0 collision_detector.o
                                 0x46 (size before relaxing)
 .comment       0x00000045        0x0 debug_uart.o
                                 0x46 (size before relaxing)
 .comment       0x00000045        0x0 field_sensor_adc.o
                                 0x46 (size before relaxing)
 .comment       0x00000045        0x0 hbridge_motor.o
                                 0x46 (size before relaxing)
 .comment       0x00000045        0x0 printf_stubs.o
                                 0x46 (size before relaxing)
 .comment       0x00000045        0x0 robot_auto_mode.o
                                 0x46 (size before relaxing)
 .comment       0x00000045        0x0 vl53l0x.o
                                 0x46 (size before relaxing)
 .comment       0x00000045        0x0 startup.o
                                 0x46 (size before relaxing)

.ARM.attributes
                0x00000000       0x2a
 .ARM.attributes
                0x00000000       0x2c main.o
 .ARM.attributes
                0x0000002c       0x2c board.o
 .ARM.attributes
                0x00000058       0x2c collision_detector.o
 .ARM.attributes
                0x00000084       0x2c debug_uart.o
 .ARM.attributes
                0x000000b0       0x2c field_sensor_adc.o
 .ARM.attributes
                0x000000dc       0x2c hbridge_motor.o
 .ARM.attributes
                0x00000108       0x2c printf_stubs.o
 .ARM.attributes
                0x00000134       0x2c robot_auto_mode.o
 .ARM.attributes
                0x00000160       0x2c vl53l0x.o
 .ARM.attributes
                0x0000018c       0x2c startup.o
 .ARM.attributes
                0x000001b8       0x2c /Applications/ArmGNUToolchain/15.2.rel1/arm-none-eabi/bin/../lib/gcc/arm-none-eabi/15.2.1/../../../../arm-none-eabi/lib/thumb/v6-m/nofp/libc.a(libc_a-printf.o)
 .ARM.attributes
                0x000001e4       0x2c /Applications/ArmGNUToolchain/15.2.rel1/arm-none-eabi/bin/../lib/gcc/arm-none-eabi/15.2.1/../../../../arm-none-eabi/lib/thumb/v6-m/nofp/libc.a(libc_a-fflush.o)
 .ARM.attributes
                0x00000210       0x2c /Applications/ArmGNUToolchain/15.2.rel1/arm-none-eabi/bin/../lib/gcc/arm-none-eabi/15.2.1/../../../../arm-none-eabi/lib/thumb/v6-m/nofp/libc.a(libc_a-setvbuf.o)
 .ARM.attributes
                0x0000023c       0x2c /Applications/ArmGNUToolchain/15.2.rel1/arm-none-eabi/bin/../lib/gcc/arm-none-eabi/15.2.1/../../../../arm-none-eabi/lib/thumb/v6-m/nofp/libc.a(libc_a-findfp.o)
 .ARM.attributes
                0x00000268       0x2c /Applications/ArmGNUToolchain/15.2.rel1/arm-none-eabi/bin/../lib/gcc/arm-none-eabi/15.2.1/../../../../arm-none-eabi/lib/thumb/v6-m/nofp/libc.a(libc_a-memset.o)
 .ARM.attributes
                0x00000294       0x2c /Applications/ArmGNUToolchain/15.2.rel1/arm-none-eabi/bin/../lib/gcc/arm-none-eabi/15.2.1/../../../../arm-none-eabi/lib/thumb/v6-m/nofp/libc.a(libc_a-reent.o)
 .ARM.attributes
                0x000002c0       0x2c /Applications/ArmGNUToolchain/15.2.rel1/arm-none-eabi/bin/../lib/gcc/arm-none-eabi/15.2.1/../../../../arm-none-eabi/lib/thumb/v6-m/nofp/libc.a(libc_a-impure.o)
 .ARM.attributes
                0x000002ec       0x2c /Applications/ArmGNUToolchain/15.2.rel1/arm-none-eabi/bin/../lib/gcc/arm-none-eabi/15.2.1/../../../../arm-none-eabi/lib/thumb/v6-m/nofp/libc.a(libc_a-lock.o)
 .ARM.attributes
                0x00000318       0x2c /Applications/ArmGNUToolchain/15.2.rel1/arm-none-eabi/bin/../lib/gcc/arm-none-eabi/15.2.1/../../../../arm-none-eabi/lib/thumb/v6-m/nofp/libc.a(libc_a-freer.o)
 .ARM.attributes
                0x00000344       0x2c /Applications/ArmGNUToolchain/15.2.rel1/arm-none-eabi/bin/../lib/gcc/arm-none-eabi/15.2.1/../../../../arm-none-eabi/lib/thumb/v6-m/nofp/libc.a(libc_a-malloc.o)
 .ARM.attributes
                0x00000370       0x2c /Applications/ArmGNUToolchain/15.2.rel1/arm-none-eabi/bin/../lib/gcc/arm-none-eabi/15.2.1/../../../../arm-none-eabi/lib/thumb/v6-m/nofp/libc.a(libc_a-mallocr.o)
 .ARM.attributes
                0x0000039c       0x2c /Applications/ArmGNUToolchain/15.2.rel1/arm-none-eabi/bin/../lib/gcc/arm-none-eabi/15.2.1/../../../../arm-none-eabi/lib/thumb/v6-m/nofp/libc.a(libc_a-vfprintf.o)
 .ARM.attributes
                0x000003c8       0x2c /Applications/ArmGNUToolchain/15.2.rel1/arm-none-eabi/bin/../lib/gcc/arm-none-eabi/15.2.1/../../../../arm-none-eabi/lib/thumb/v6-m/nofp/libc.a(libc_a-mlock.o)
 .ARM.attributes
                0x000003f4       0x2c /Applications/ArmGNUToolchain/15.2.rel1/arm-none-eabi/bin/../lib/gcc/arm-none-eabi/15.2.1/../../../../arm-none-eabi/lib/thumb/v6-m/nofp/libc.a(libc_a-fwalk.o)
 .ARM.attributes
                0x00000420       0x2c /Applications/ArmGNUToolchain/15.2.rel1/arm-none-eabi/bin/../lib/gcc/arm-none-eabi/15.2.1/../../../../arm-none-eabi/lib/thumb/v6-m/nofp/libc.a(libc_a-makebuf.o)
 .ARM.attributes
                0x0000044c       0x2c /Applications/ArmGNUToolchain/15.2.rel1/arm-none-eabi/bin/../lib/gcc/arm-none-eabi/15.2.1/../../../../arm-none-eabi/lib/thumb/v6-m/nofp/libc.a(libc_a-sprint_r.o)
 .ARM.attributes
                0x00000478       0x2c /Applications/ArmGNUToolchain/15.2.rel1/arm-none-eabi/bin/../lib/gcc/arm-none-eabi/15.2.1/../../../../arm-none-eabi/lib/thumb/v6-m/nofp/libc.a(libc_a-fclose.o)
 .ARM.attributes
                0x000004a4       0x2c /Applications/ArmGNUToolchain/15.2.rel1/arm-none-eabi/bin/../lib/gcc/arm-none-eabi/15.2.1/../../../../arm-none-eabi/lib/thumb/v6-m/nofp/libc.a(libc_a-stdio.o)
 .ARM.attributes
                0x000004d0       0x2c /Applications/ArmGNUToolchain/15.2.rel1/arm-none-eabi/bin/../lib/gcc/arm-none-eabi/15.2.1/../../../../arm-none-eabi/lib/thumb/v6-m/nofp/libc.a(libc_a-wsetup.o)
 .ARM.attributes
                0x000004fc       0x2c /Applications/ArmGNUToolchain/15.2.rel1/arm-none-eabi/bin/../lib/gcc/arm-none-eabi/15.2.1/../../../../arm-none-eabi/lib/thumb/v6-m/nofp/libc.a(libc_a-strncpy.o)
 .ARM.attributes
                0x00000528       0x2c /Applications/ArmGNUToolchain/15.2.rel1/arm-none-eabi/bin/../lib/gcc/arm-none-eabi/15.2.1/../../../../arm-none-eabi/lib/thumb/v6-m/nofp/libc.a(libc_a-locale.o)
 .ARM.attributes
                0x00000554       0x2c /Applications/ArmGNUToolchain/15.2.rel1/arm-none-eabi/bin/../lib/gcc/arm-none-eabi/15.2.1/../../../../arm-none-eabi/lib/thumb/v6-m/nofp/libc.a(libc_a-localeconv.o)
 .ARM.attributes
                0x00000580       0x2c /Applications/ArmGNUToolchain/15.2.rel1/arm-none-eabi/bin/../lib/gcc/arm-none-eabi/15.2.1/../../../../arm-none-eabi/lib/thumb/v6-m/nofp/libc.a(libc_a-closer.o)
 .ARM.attributes
                0x000005ac       0x2c /Applications/ArmGNUToolchain/15.2.rel1/arm-none-eabi/bin/../lib/gcc/arm-none-eabi/15.2.1/../../../../arm-none-eabi/lib/thumb/v6-m/nofp/libc.a(libc_a-fstatr.o)
 .ARM.attributes
                0x000005d8       0x2c /Applications/ArmGNUToolchain/15.2.rel1/arm-none-eabi/bin/../lib/gcc/arm-none-eabi/15.2.1/../../../../arm-none-eabi/lib/thumb/v6-m/nofp/libc.a(libc_a-isattyr.o)
 .ARM.attributes
                0x00000604       0x2c /Applications/ArmGNUToolchain/15.2.rel1/arm-none-eabi/bin/../lib/gcc/arm-none-eabi/15.2.1/../../../../arm-none-eabi/lib/thumb/v6-m/nofp/libc.a(libc_a-lseekr.o)
 .ARM.attributes
                0x00000630       0x2c /Applications/ArmGNUToolchain/15.2.rel1/arm-none-eabi/bin/../lib/gcc/arm-none-eabi/15.2.1/../../../../arm-none-eabi/lib/thumb/v6-m/nofp/libc.a(libc_a-readr.o)
 .ARM.attributes
                0x0000065c       0x2c /Applications/ArmGNUToolchain/15.2.rel1/arm-none-eabi/bin/../lib/gcc/arm-none-eabi/15.2.1/../../../../arm-none-eabi/lib/thumb/v6-m/nofp/libc.a(libc_a-sbrkr.o)
 .ARM.attributes
                0x00000688       0x2c /Applications/ArmGNUToolchain/15.2.rel1/arm-none-eabi/bin/../lib/gcc/arm-none-eabi/15.2.1/../../../../arm-none-eabi/lib/thumb/v6-m/nofp/libc.a(libc_a-writer.o)
 .ARM.attributes
                0x000006b4       0x2c /Applications/ArmGNUToolchain/15.2.rel1/arm-none-eabi/bin/../lib/gcc/arm-none-eabi/15.2.1/../../../../arm-none-eabi/lib/thumb/v6-m/nofp/libc.a(libc_a-sysconf.o)
 .ARM.attributes
                0x000006e0       0x2c /Applications/ArmGNUToolchain/15.2.rel1/arm-none-eabi/bin/../lib/gcc/arm-none-eabi/15.2.1/../../../../arm-none-eabi/lib/thumb/v6-m/nofp/libc.a(libc_a-memchr-stub.o)
 .ARM.attributes
                0x0000070c       0x2c /Applications/ArmGNUToolchain/15.2.rel1/arm-none-eabi/bin/../lib/gcc/arm-none-eabi/15.2.1/../../../../arm-none-eabi/lib/thumb/v6-m/nofp/libc.a(libc_a-strlen-stub.o)
 .ARM.attributes
                0x00000738       0x2c /Applications/ArmGNUToolchain/15.2.rel1/arm-none-eabi/bin/../lib/gcc/arm-none-eabi/15.2.1/../../../../arm-none-eabi/lib/thumb/v6-m/nofp/libc.a(libc_a-wcrtomb.o)
 .ARM.attributes
                0x00000764       0x2c /Applications/ArmGNUToolchain/15.2.rel1/arm-none-eabi/bin/../lib/gcc/arm-none-eabi/15.2.1/../../../../arm-none-eabi/lib/thumb/v6-m/nofp/libc.a(libc_a-wcsrtombs.o)
 .ARM.attributes
                0x00000790       0x2c /Applications/ArmGNUToolchain/15.2.rel1/arm-none-eabi/bin/../lib/gcc/arm-none-eabi/15.2.1/../../../../arm-none-eabi/lib/thumb/v6-m/nofp/libc.a(libm_a-s_frexp.o)
 .ARM.attributes
                0x000007bc       0x2c /Applications/ArmGNUToolchain/15.2.rel1/arm-none-eabi/bin/../lib/gcc/arm-none-eabi/15.2.1/../../../../arm-none-eabi/lib/thumb/v6-m/nofp/libc.a(libc_a-ctype_.o)
 .ARM.attributes
                0x000007e8       0x2c /Applications/ArmGNUToolchain/15.2.rel1/arm-none-eabi/bin/../lib/gcc/arm-none-eabi/15.2.1/../../../../arm-none-eabi/lib/thumb/v6-m/nofp/libc.a(libc_a-dtoa.o)
 .ARM.attributes
                0x00000814       0x2c /Applications/ArmGNUToolchain/15.2.rel1/arm-none-eabi/bin/../lib/gcc/arm-none-eabi/15.2.1/../../../../arm-none-eabi/lib/thumb/v6-m/nofp/libc.a(libc_a-mbtowc_r.o)
 .ARM.attributes
                0x00000840       0x2c /Applications/ArmGNUToolchain/15.2.rel1/arm-none-eabi/bin/../lib/gcc/arm-none-eabi/15.2.1/../../../../arm-none-eabi/lib/thumb/v6-m/nofp/libc.a(libc_a-fvwrite.o)
 .ARM.attributes
                0x0000086c       0x2c /Applications/ArmGNUToolchain/15.2.rel1/arm-none-eabi/bin/../lib/gcc/arm-none-eabi/15.2.1/../../../../arm-none-eabi/lib/thumb/v6-m/nofp/libc.a(libc_a-mprec.o)
 .ARM.attributes
                0x00000898       0x2c /Applications/ArmGNUToolchain/15.2.rel1/arm-none-eabi/bin/../lib/gcc/arm-none-eabi/15.2.1/../../../../arm-none-eabi/lib/thumb/v6-m/nofp/libc.a(libc_a-reallocr.o)
 .ARM.attributes
                0x000008c4       0x2c /Applications/ArmGNUToolchain/15.2.rel1/arm-none-eabi/bin/../lib/gcc/arm-none-eabi/15.2.1/../../../../arm-none-eabi/lib/thumb/v6-m/nofp/libc.a(libc_a-wctomb_r.o)
 .ARM.attributes
                0x000008f0       0x2c /Applications/ArmGNUToolchain/15.2.rel1/arm-none-eabi/bin/../lib/gcc/arm-none-eabi/15.2.1/../../../../arm-none-eabi/lib/thumb/v6-m/nofp/libc.a(libc_a-memmove.o)
 .ARM.attributes
                0x0000091c       0x2c /Applications/ArmGNUToolchain/15.2.rel1/arm-none-eabi/bin/../lib/gcc/arm-none-eabi/15.2.1/../../../../arm-none-eabi/lib/thumb/v6-m/nofp/libc.a(libc_a-errno.o)
 .ARM.attributes
                0x00000948       0x2c /Applications/ArmGNUToolchain/15.2.rel1/arm-none-eabi/bin/../lib/gcc/arm-none-eabi/15.2.1/../../../../arm-none-eabi/lib/thumb/v6-m/nofp/libc.a(libc_a-memcpy-stub.o)
 .ARM.attributes
                0x00000974       0x2c /Applications/ArmGNUToolchain/15.2.rel1/arm-none-eabi/bin/../lib/gcc/arm-none-eabi/15.2.1/../../../../arm-none-eabi/lib/thumb/v6-m/nofp/libc.a(libc_a-wcsnrtombs.o)
 .ARM.attributes
                0x000009a0       0x2c /Applications/ArmGNUToolchain/15.2.rel1/arm-none-eabi/bin/../lib/gcc/arm-none-eabi/15.2.1/../../../../arm-none-eabi/lib/thumb/v6-m/nofp/libc.a(libc_a-assert.o)
 .ARM.attributes
                0x000009cc       0x2c /Applications/ArmGNUToolchain/15.2.rel1/arm-none-eabi/bin/../lib/gcc/arm-none-eabi/15.2.1/../../../../arm-none-eabi/lib/thumb/v6-m/nofp/libc.a(libc_a-callocr.o)
 .ARM.attributes
                0x000009f8       0x2c /Applications/ArmGNUToolchain/15.2.rel1/arm-none-eabi/bin/../lib/gcc/arm-none-eabi/15.2.1/../../../../arm-none-eabi/lib/thumb/v6-m/nofp/libc.a(libc_a-fiprintf.o)
 .ARM.attributes
                0x00000a24       0x2c /Applications/ArmGNUToolchain/15.2.rel1/arm-none-eabi/bin/../lib/gcc/arm-none-eabi/15.2.1/../../../../arm-none-eabi/lib/thumb/v6-m/nofp/libc.a(libc_a-vfiprintf.o)
 .ARM.attributes
                0x00000a50       0x2c /Applications/ArmGNUToolchain/15.2.rel1/arm-none-eabi/bin/../lib/gcc/arm-none-eabi/15.2.1/../../../../arm-none-eabi/lib/thumb/v6-m/nofp/libc.a(libc_a-abort.o)
 .ARM.attributes
                0x00000a7c       0x2c /Applications/ArmGNUToolchain/15.2.rel1/arm-none-eabi/bin/../lib/gcc/arm-none-eabi/15.2.1/../../../../arm-none-eabi/lib/thumb/v6-m/nofp/libc.a(libc_a-signal.o)
 .ARM.attributes
                0x00000aa8       0x2c /Applications/ArmGNUToolchain/15.2.rel1/arm-none-eabi/bin/../lib/gcc/arm-none-eabi/15.2.1/../../../../arm-none-eabi/lib/thumb/v6-m/nofp/libc.a(libc_a-signalr.o)
 .ARM.attributes
                0x00000ad4       0x1e /Applications/ArmGNUToolchain/15.2.rel1/arm-none-eabi/bin/../lib/gcc/arm-none-eabi/15.2.1/thumb/v6-m/nofp/libgcc.a(_udivsi3.o)
 .ARM.attributes
                0x00000af2       0x1e /Applications/ArmGNUToolchain/15.2.rel1/arm-none-eabi/bin/../lib/gcc/arm-none-eabi/15.2.1/thumb/v6-m/nofp/libgcc.a(_divsi3.o)
 .ARM.attributes
                0x00000b10       0x1e /Applications/ArmGNUToolchain/15.2.rel1/arm-none-eabi/bin/../lib/gcc/arm-none-eabi/15.2.1/thumb/v6-m/nofp/libgcc.a(_dvmd_tls.o)
 .ARM.attributes
                0x00000b2e       0x1e /Applications/ArmGNUToolchain/15.2.rel1/arm-none-eabi/bin/../lib/gcc/arm-none-eabi/15.2.1/thumb/v6-m/nofp/libgcc.a(_arm_cmpdf2.o)
 .ARM.attributes
                0x00000b4c       0x1e /Applications/ArmGNUToolchain/15.2.rel1/arm-none-eabi/bin/../lib/gcc/arm-none-eabi/15.2.1/thumb/v6-m/nofp/libgcc.a(_aeabi_uldivmod.o)
 .ARM.attributes
                0x00000b6a       0x2c /Applications/ArmGNUToolchain/15.2.rel1/arm-none-eabi/bin/../lib/gcc/arm-none-eabi/15.2.1/thumb/v6-m/nofp/libgcc.a(_muldi3.o)
 .ARM.attributes
                0x00000b96       0x2c /Applications/ArmGNUToolchain/15.2.rel1/arm-none-eabi/bin/../lib/gcc/arm-none-eabi/15.2.1/thumb/v6-m/nofp/libgcc.a(_udivmoddi4.o)
 .ARM.attributes
                0x00000bc2       0x2c /Applications/ArmGNUToolchain/15.2.rel1/arm-none-eabi/bin/../lib/gcc/arm-none-eabi/15.2.1/thumb/v6-m/nofp/libgcc.a(adddf3.o)
 .ARM.attributes
                0x00000bee       0x2c /Applications/ArmGNUToolchain/15.2.rel1/arm-none-eabi/bin/../lib/gcc/arm-none-eabi/15.2.1/thumb/v6-m/nofp/libgcc.a(divdf3.o)
 .ARM.attributes
                0x00000c1a       0x2c /Applications/ArmGNUToolchain/15.2.rel1/arm-none-eabi/bin/../lib/gcc/arm-none-eabi/15.2.1/thumb/v6-m/nofp/libgcc.a(eqdf2.o)
 .ARM.attributes
                0x00000c46       0x2c /Applications/ArmGNUToolchain/15.2.rel1/arm-none-eabi/bin/../lib/gcc/arm-none-eabi/15.2.1/thumb/v6-m/nofp/libgcc.a(gedf2.o)
 .ARM.attributes
                0x00000c72       0x2c /Applications/ArmGNUToolchain/15.2.rel1/arm-none-eabi/bin/../lib/gcc/arm-none-eabi/15.2.1/thumb/v6-m/nofp/libgcc.a(ledf2.o)
 .ARM.attributes
                0x00000c9e       0x2c /Applications/ArmGNUToolchain/15.2.rel1/arm-none-eabi/bin/../lib/gcc/arm-none-eabi/15.2.1/thumb/v6-m/nofp/libgcc.a(muldf3.o)
 .ARM.attributes
                0x00000cca       0x2c /Applications/ArmGNUToolchain/15.2.rel1/arm-none-eabi/bin/../lib/gcc/arm-none-eabi/15.2.1/thumb/v6-m/nofp/libgcc.a(subdf3.o)
 .ARM.attributes
                0x00000cf6       0x2c /Applications/ArmGNUToolchain/15.2.rel1/arm-none-eabi/bin/../lib/gcc/arm-none-eabi/15.2.1/thumb/v6-m/nofp/libgcc.a(unorddf2.o)
 .ARM.attributes
                0x00000d22       0x2c /Applications/ArmGNUToolchain/15.2.rel1/arm-none-eabi/bin/../lib/gcc/arm-none-eabi/15.2.1/thumb/v6-m/nofp/libgcc.a(fixdfsi.o)
 .ARM.attributes
                0x00000d4e       0x2c /Applications/ArmGNUToolchain/15.2.rel1/arm-none-eabi/bin/../lib/gcc/arm-none-eabi/15.2.1/thumb/v6-m/nofp/libgcc.a(floatsidf.o)
 .ARM.attributes
                0x00000d7a       0x2c /Applications/ArmGNUToolchain/15.2.rel1/arm-none-eabi/bin/../lib/gcc/arm-none-eabi/15.2.1/thumb/v6-m/nofp/libgcc.a(floatunsidf.o)
 .ARM.attributes
                0x00000da6       0x1e /Applications/ArmGNUToolchain/15.2.rel1/arm-none-eabi/bin/../lib/gcc/arm-none-eabi/15.2.1/thumb/v6-m/nofp/libgcc.a(_clzsi2.o)
 .ARM.attributes
                0x00000dc4       0x1e /Applications/ArmGNUToolchain/15.2.rel1/arm-none-eabi/bin/../lib/gcc/arm-none-eabi/15.2.1/thumb/v6-m/nofp/libgcc.a(_clzdi2.o)

.debug_frame    0x00000000     0x1c10
 .debug_frame   0x00000000       0x3c main.o
 .debug_frame   0x0000003c      0x104 board.o
 .debug_frame   0x00000140       0xb4 collision_detector.o
 .debug_frame   0x000001f4       0x80 debug_uart.o
 .debug_frame   0x00000274       0x84 field_sensor_adc.o
 .debug_frame   0x000002f8       0x94 hbridge_motor.o
 .debug_frame   0x0000038c      0x12c printf_stubs.o
 .debug_frame   0x000004b8       0xcc robot_auto_mode.o
 .debug_frame   0x00000584       0xdc vl53l0x.o
 .debug_frame   0x00000660       0x50 startup.o
 .debug_frame   0x000006b0       0x48 /Applications/ArmGNUToolchain/15.2.rel1/arm-none-eabi/bin/../lib/gcc/arm-none-eabi/15.2.1/../../../../arm-none-eabi/lib/thumb/v6-m/nofp/libc.a(libc_a-printf.o)
 .debug_frame   0x000006f8       0x6c /Applications/ArmGNUToolchain/15.2.rel1/arm-none-eabi/bin/../lib/gcc/arm-none-eabi/15.2.1/../../../../arm-none-eabi/lib/thumb/v6-m/nofp/libc.a(libc_a-fflush.o)
 .debug_frame   0x00000764       0x38 /Applications/ArmGNUToolchain/15.2.rel1/arm-none-eabi/bin/../lib/gcc/arm-none-eabi/15.2.1/../../../../arm-none-eabi/lib/thumb/v6-m/nofp/libc.a(libc_a-setvbuf.o)
 .debug_frame   0x0000079c      0x130 /Applications/ArmGNUToolchain/15.2.rel1/arm-none-eabi/bin/../lib/gcc/arm-none-eabi/15.2.1/../../../../arm-none-eabi/lib/thumb/v6-m/nofp/libc.a(libc_a-findfp.o)
 .debug_frame   0x000008cc       0x2c /Applications/ArmGNUToolchain/15.2.rel1/arm-none-eabi/bin/../lib/gcc/arm-none-eabi/15.2.1/../../../../arm-none-eabi/lib/thumb/v6-m/nofp/libc.a(libc_a-memset.o)
 .debug_frame   0x000008f8       0x2c /Applications/ArmGNUToolchain/15.2.rel1/arm-none-eabi/bin/../lib/gcc/arm-none-eabi/15.2.1/../../../../arm-none-eabi/lib/thumb/v6-m/nofp/libc.a(libc_a-reent.o)
 .debug_frame   0x00000924       0xb0 /Applications/ArmGNUToolchain/15.2.rel1/arm-none-eabi/bin/../lib/gcc/arm-none-eabi/15.2.1/../../../../arm-none-eabi/lib/thumb/v6-m/nofp/libc.a(libc_a-lock.o)
 .debug_frame   0x000009d4       0x58 /Applications/ArmGNUToolchain/15.2.rel1/arm-none-eabi/bin/../lib/gcc/arm-none-eabi/15.2.1/../../../../arm-none-eabi/lib/thumb/v6-m/nofp/libc.a(libc_a-freer.o)
 .debug_frame   0x00000a2c       0x40 /Applications/ArmGNUToolchain/15.2.rel1/arm-none-eabi/bin/../lib/gcc/arm-none-eabi/15.2.1/../../../../arm-none-eabi/lib/thumb/v6-m/nofp/libc.a(libc_a-malloc.o)
 .debug_frame   0x00000a6c       0x3c /Applications/ArmGNUToolchain/15.2.rel1/arm-none-eabi/bin/../lib/gcc/arm-none-eabi/15.2.1/../../../../arm-none-eabi/lib/thumb/v6-m/nofp/libc.a(libc_a-mallocr.o)
 .debug_frame   0x00000aa8       0x7c /Applications/ArmGNUToolchain/15.2.rel1/arm-none-eabi/bin/../lib/gcc/arm-none-eabi/15.2.1/../../../../arm-none-eabi/lib/thumb/v6-m/nofp/libc.a(libc_a-vfprintf.o)
 .debug_frame   0x00000b24       0x40 /Applications/ArmGNUToolchain/15.2.rel1/arm-none-eabi/bin/../lib/gcc/arm-none-eabi/15.2.1/../../../../arm-none-eabi/lib/thumb/v6-m/nofp/libc.a(libc_a-mlock.o)
 .debug_frame   0x00000b64       0x38 /Applications/ArmGNUToolchain/15.2.rel1/arm-none-eabi/bin/../lib/gcc/arm-none-eabi/15.2.1/../../../../arm-none-eabi/lib/thumb/v6-m/nofp/libc.a(libc_a-fwalk.o)
 .debug_frame   0x00000b9c       0x50 /Applications/ArmGNUToolchain/15.2.rel1/arm-none-eabi/bin/../lib/gcc/arm-none-eabi/15.2.1/../../../../arm-none-eabi/lib/thumb/v6-m/nofp/libc.a(libc_a-makebuf.o)
 .debug_frame   0x00000bec       0x28 /Applications/ArmGNUToolchain/15.2.rel1/arm-none-eabi/bin/../lib/gcc/arm-none-eabi/15.2.1/../../../../arm-none-eabi/lib/thumb/v6-m/nofp/libc.a(libc_a-sprint_r.o)
 .debug_frame   0x00000c14       0x44 /Applications/ArmGNUToolchain/15.2.rel1/arm-none-eabi/bin/../lib/gcc/arm-none-eabi/15.2.1/../../../../arm-none-eabi/lib/thumb/v6-m/nofp/libc.a(libc_a-fclose.o)
 .debug_frame   0x00000c58       0x90 /Applications/ArmGNUToolchain/15.2.rel1/arm-none-eabi/bin/../lib/gcc/arm-none-eabi/15.2.1/../../../../arm-none-eabi/lib/thumb/v6-m/nofp/libc.a(libc_a-stdio.o)
 .debug_frame   0x00000ce8       0x2c /Applications/ArmGNUToolchain/15.2.rel1/arm-none-eabi/bin/../lib/gcc/arm-none-eabi/15.2.1/../../../../arm-none-eabi/lib/thumb/v6-m/nofp/libc.a(libc_a-wsetup.o)
 .debug_frame   0x00000d14       0x2c /Applications/ArmGNUToolchain/15.2.rel1/arm-none-eabi/bin/../lib/gcc/arm-none-eabi/15.2.1/../../../../arm-none-eabi/lib/thumb/v6-m/nofp/libc.a(libc_a-strncpy.o)
 .debug_frame   0x00000d40       0xd0 /Applications/ArmGNUToolchain/15.2.rel1/arm-none-eabi/bin/../lib/gcc/arm-none-eabi/15.2.1/../../../../arm-none-eabi/lib/thumb/v6-m/nofp/libc.a(libc_a-locale.o)
 .debug_frame   0x00000e10       0x40 /Applications/ArmGNUToolchain/15.2.rel1/arm-none-eabi/bin/../lib/gcc/arm-none-eabi/15.2.1/../../../../arm-none-eabi/lib/thumb/v6-m/nofp/libc.a(libc_a-localeconv.o)
 .debug_frame   0x00000e50       0x2c /Applications/ArmGNUToolchain/15.2.rel1/arm-none-eabi/bin/../lib/gcc/arm-none-eabi/15.2.1/../../../../arm-none-eabi/lib/thumb/v6-m/nofp/libc.a(libc_a-closer.o)
 .debug_frame   0x00000e7c       0x2c /Applications/ArmGNUToolchain/15.2.rel1/arm-none-eabi/bin/../lib/gcc/arm-none-eabi/15.2.1/../../../../arm-none-eabi/lib/thumb/v6-m/nofp/libc.a(libc_a-fstatr.o)
 .debug_frame   0x00000ea8       0x2c /Applications/ArmGNUToolchain/15.2.rel1/arm-none-eabi/bin/../lib/gcc/arm-none-eabi/15.2.1/../../../../arm-none-eabi/lib/thumb/v6-m/nofp/libc.a(libc_a-isattyr.o)
 .debug_frame   0x00000ed4       0x2c /Applications/ArmGNUToolchain/15.2.rel1/arm-none-eabi/bin/../lib/gcc/arm-none-eabi/15.2.1/../../../../arm-none-eabi/lib/thumb/v6-m/nofp/libc.a(libc_a-lseekr.o)
 .debug_frame   0x00000f00       0x2c /Applications/ArmGNUToolchain/15.2.rel1/arm-none-eabi/bin/../lib/gcc/arm-none-eabi/15.2.1/../../../../arm-none-eabi/lib/thumb/v6-m/nofp/libc.a(libc_a-readr.o)
 .debug_frame   0x00000f2c       0x2c /Applications/ArmGNUToolchain/15.2.rel1/arm-none-eabi/bin/../lib/gcc/arm-none-eabi/15.2.1/../../../../arm-none-eabi/lib/thumb/v6-m/nofp/libc.a(libc_a-sbrkr.o)
 .debug_frame   0x00000f58       0x2c /Applications/ArmGNUToolchain/15.2.rel1/arm-none-eabi/bin/../lib/gcc/arm-none-eabi/15.2.1/../../../../arm-none-eabi/lib/thumb/v6-m/nofp/libc.a(libc_a-writer.o)
 .debug_frame   0x00000f84       0x28 /Applications/ArmGNUToolchain/15.2.rel1/arm-none-eabi/bin/../lib/gcc/arm-none-eabi/15.2.1/../../../../arm-none-eabi/lib/thumb/v6-m/nofp/libc.a(libc_a-sysconf.o)
 .debug_frame   0x00000fac       0x28 /Applications/ArmGNUToolchain/15.2.rel1/arm-none-eabi/bin/../lib/gcc/arm-none-eabi/15.2.1/../../../../arm-none-eabi/lib/thumb/v6-m/nofp/libc.a(libc_a-memchr-stub.o)
 .debug_frame   0x00000fd4       0x20 /Applications/ArmGNUToolchain/15.2.rel1/arm-none-eabi/bin/../lib/gcc/arm-none-eabi/15.2.1/../../../../arm-none-eabi/lib/thumb/v6-m/nofp/libc.a(libc_a-strlen-stub.o)
 .debug_frame   0x00000ff4       0x50 /Applications/ArmGNUToolchain/15.2.rel1/arm-none-eabi/bin/../lib/gcc/arm-none-eabi/15.2.1/../../../../arm-none-eabi/lib/thumb/v6-m/nofp/libc.a(libc_a-wcrtomb.o)
 .debug_frame   0x00001044       0x48 /Applications/ArmGNUToolchain/15.2.rel1/arm-none-eabi/bin/../lib/gcc/arm-none-eabi/15.2.1/../../../../arm-none-eabi/lib/thumb/v6-m/nofp/libc.a(libc_a-wcsrtombs.o)
 .debug_frame   0x0000108c       0x30 /Applications/ArmGNUToolchain/15.2.rel1/arm-none-eabi/bin/../lib/gcc/arm-none-eabi/15.2.1/../../../../arm-none-eabi/lib/thumb/v6-m/nofp/libc.a(libm_a-s_frexp.o)
 .debug_frame   0x000010bc       0x20 /Applications/ArmGNUToolchain/15.2.rel1/arm-none-eabi/bin/../lib/gcc/arm-none-eabi/15.2.1/../../../../arm-none-eabi/lib/thumb/v6-m/nofp/libc.a(libc_a-ctype_.o)
 .debug_frame   0x000010dc       0x68 /Applications/ArmGNUToolchain/15.2.rel1/arm-none-eabi/bin/../lib/gcc/arm-none-eabi/15.2.1/../../../../arm-none-eabi/lib/thumb/v6-m/nofp/libc.a(libc_a-dtoa.o)
 .debug_frame   0x00001144       0xdc /Applications/ArmGNUToolchain/15.2.rel1/arm-none-eabi/bin/../lib/gcc/arm-none-eabi/15.2.1/../../../../arm-none-eabi/lib/thumb/v6-m/nofp/libc.a(libc_a-mbtowc_r.o)
 .debug_frame   0x00001220       0x3c /Applications/ArmGNUToolchain/15.2.rel1/arm-none-eabi/bin/../lib/gcc/arm-none-eabi/15.2.1/../../../../arm-none-eabi/lib/thumb/v6-m/nofp/libc.a(libc_a-fvwrite.o)
 .debug_frame   0x0000125c      0x254 /Applications/ArmGNUToolchain/15.2.rel1/arm-none-eabi/bin/../lib/gcc/arm-none-eabi/15.2.1/../../../../arm-none-eabi/lib/thumb/v6-m/nofp/libc.a(libc_a-mprec.o)
 .debug_frame   0x000014b0       0x3c /Applications/ArmGNUToolchain/15.2.rel1/arm-none-eabi/bin/../lib/gcc/arm-none-eabi/15.2.1/../../../../arm-none-eabi/lib/thumb/v6-m/nofp/libc.a(libc_a-reallocr.o)
 .debug_frame   0x000014ec       0xa0 /Applications/ArmGNUToolchain/15.2.rel1/arm-none-eabi/bin/../lib/gcc/arm-none-eabi/15.2.1/../../../../arm-none-eabi/lib/thumb/v6-m/nofp/libc.a(libc_a-wctomb_r.o)
 .debug_frame   0x0000158c       0x34 /Applications/ArmGNUToolchain/15.2.rel1/arm-none-eabi/bin/../lib/gcc/arm-none-eabi/15.2.1/../../../../arm-none-eabi/lib/thumb/v6-m/nofp/libc.a(libc_a-memmove.o)
 .debug_frame   0x000015c0       0x20 /Applications/ArmGNUToolchain/15.2.rel1/arm-none-eabi/bin/../lib/gcc/arm-none-eabi/15.2.1/../../../../arm-none-eabi/lib/thumb/v6-m/nofp/libc.a(libc_a-errno.o)
 .debug_frame   0x000015e0       0x34 /Applications/ArmGNUToolchain/15.2.rel1/arm-none-eabi/bin/../lib/gcc/arm-none-eabi/15.2.1/../../../../arm-none-eabi/lib/thumb/v6-m/nofp/libc.a(libc_a-memcpy-stub.o)
 .debug_frame   0x00001614       0x74 /Applications/ArmGNUToolchain/15.2.rel1/arm-none-eabi/bin/../lib/gcc/arm-none-eabi/15.2.1/../../../../arm-none-eabi/lib/thumb/v6-m/nofp/libc.a(libc_a-wcsnrtombs.o)
 .debug_frame   0x00001688       0x44 /Applications/ArmGNUToolchain/15.2.rel1/arm-none-eabi/bin/../lib/gcc/arm-none-eabi/15.2.1/../../../../arm-none-eabi/lib/thumb/v6-m/nofp/libc.a(libc_a-assert.o)
 .debug_frame   0x000016cc       0x28 /Applications/ArmGNUToolchain/15.2.rel1/arm-none-eabi/bin/../lib/gcc/arm-none-eabi/15.2.1/../../../../arm-none-eabi/lib/thumb/v6-m/nofp/libc.a(libc_a-callocr.o)
 .debug_frame   0x000016f4       0x48 /Applications/ArmGNUToolchain/15.2.rel1/arm-none-eabi/bin/../lib/gcc/arm-none-eabi/15.2.1/../../../../arm-none-eabi/lib/thumb/v6-m/nofp/libc.a(libc_a-fiprintf.o)
 .debug_frame   0x0000173c       0x7c /Applications/ArmGNUToolchain/15.2.rel1/arm-none-eabi/bin/../lib/gcc/arm-none-eabi/15.2.1/../../../../arm-none-eabi/lib/thumb/v6-m/nofp/libc.a(libc_a-vfiprintf.o)
 .debug_frame   0x000017b8       0x28 /Applications/ArmGNUToolchain/15.2.rel1/arm-none-eabi/bin/../lib/gcc/arm-none-eabi/15.2.1/../../../../arm-none-eabi/lib/thumb/v6-m/nofp/libc.a(libc_a-abort.o)
 .debug_frame   0x000017e0       0xf0 /Applications/ArmGNUToolchain/15.2.rel1/arm-none-eabi/bin/../lib/gcc/arm-none-eabi/15.2.1/../../../../arm-none-eabi/lib/thumb/v6-m/nofp/libc.a(libc_a-signal.o)
 .debug_frame   0x000018d0       0x44 /Applications/ArmGNUToolchain/15.2.rel1/arm-none-eabi/bin/../lib/gcc/arm-none-eabi/15.2.1/../../../../arm-none-eabi/lib/thumb/v6-m/nofp/libc.a(libc_a-signalr.o)
 .debug_frame   0x00001914       0x20 /Applications/ArmGNUToolchain/15.2.rel1/arm-none-eabi/bin/../lib/gcc/arm-none-eabi/15.2.1/thumb/v6-m/nofp/libgcc.a(_udivsi3.o)
 .debug_frame   0x00001934       0x20 /Applications/ArmGNUToolchain/15.2.rel1/arm-none-eabi/bin/../lib/gcc/arm-none-eabi/15.2.1/thumb/v6-m/nofp/libgcc.a(_divsi3.o)
 .debug_frame   0x00001954       0x34 /Applications/ArmGNUToolchain/15.2.rel1/arm-none-eabi/bin/../lib/gcc/arm-none-eabi/15.2.1/thumb/v6-m/nofp/libgcc.a(_muldi3.o)
 .debug_frame   0x00001988       0x3c /Applications/ArmGNUToolchain/15.2.rel1/arm-none-eabi/bin/../lib/gcc/arm-none-eabi/15.2.1/thumb/v6-m/nofp/libgcc.a(_udivmoddi4.o)
 .debug_frame   0x000019c4       0x38 /Applications/ArmGNUToolchain/15.2.rel1/arm-none-eabi/bin/../lib/gcc/arm-none-eabi/15.2.1/thumb/v6-m/nofp/libgcc.a(adddf3.o)
 .debug_frame   0x000019fc       0x3c /Applications/ArmGNUToolchain/15.2.rel1/arm-none-eabi/bin/../lib/gcc/arm-none-eabi/15.2.1/thumb/v6-m/nofp/libgcc.a(divdf3.o)
 .debug_frame   0x00001a38       0x3c /Applications/ArmGNUToolchain/15.2.rel1/arm-none-eabi/bin/../lib/gcc/arm-none-eabi/15.2.1/thumb/v6-m/nofp/libgcc.a(eqdf2.o)
 .debug_frame   0x00001a74       0x38 /Applications/ArmGNUToolchain/15.2.rel1/arm-none-eabi/bin/../lib/gcc/arm-none-eabi/15.2.1/thumb/v6-m/nofp/libgcc.a(gedf2.o)
 .debug_frame   0x00001aac       0x38 /Applications/ArmGNUToolchain/15.2.rel1/arm-none-eabi/bin/../lib/gcc/arm-none-eabi/15.2.1/thumb/v6-m/nofp/libgcc.a(ledf2.o)
 .debug_frame   0x00001ae4       0x3c /Applications/ArmGNUToolchain/15.2.rel1/arm-none-eabi/bin/../lib/gcc/arm-none-eabi/15.2.1/thumb/v6-m/nofp/libgcc.a(muldf3.o)
 .debug_frame   0x00001b20       0x3c /Applications/ArmGNUToolchain/15.2.rel1/arm-none-eabi/bin/../lib/gcc/arm-none-eabi/15.2.1/thumb/v6-m/nofp/libgcc.a(subdf3.o)
 .debug_frame   0x00001b5c       0x30 /Applications/ArmGNUToolchain/15.2.rel1/arm-none-eabi/bin/../lib/gcc/arm-none-eabi/15.2.1/thumb/v6-m/nofp/libgcc.a(unorddf2.o)
 .debug_frame   0x00001b8c       0x30 /Applications/ArmGNUToolchain/15.2.rel1/arm-none-eabi/bin/../lib/gcc/arm-none-eabi/15.2.1/thumb/v6-m/nofp/libgcc.a(fixdfsi.o)
 .debug_frame   0x00001bbc       0x2c /Applications/ArmGNUToolchain/15.2.rel1/arm-none-eabi/bin/../lib/gcc/arm-none-eabi/15.2.1/thumb/v6-m/nofp/libgcc.a(floatsidf.o)
 .debug_frame   0x00001be8       0x28 /Applications/ArmGNUToolchain/15.2.rel1/arm-none-eabi/bin/../lib/gcc/arm-none-eabi/15.2.1/thumb/v6-m/nofp/libgcc.a(floatunsidf.o)

.debug_line_str
                0x00000000       0xde
 .debug_line_str
                0x00000000       0xde /Applications/ArmGNUToolchain/15.2.rel1/arm-none-eabi/bin/../lib/gcc/arm-none-eabi/15.2.1/thumb/v6-m/nofp/libgcc.a(_udivsi3.o)
                                 0xd2 (size before relaxing)
 .debug_line_str
                0x000000de        0x0 /Applications/ArmGNUToolchain/15.2.rel1/arm-none-eabi/bin/../lib/gcc/arm-none-eabi/15.2.1/thumb/v6-m/nofp/libgcc.a(_divsi3.o)
                                 0xd2 (size before relaxing)
 .debug_line_str
                0x000000de        0x0 /Applications/ArmGNUToolchain/15.2.rel1/arm-none-eabi/bin/../lib/gcc/arm-none-eabi/15.2.1/thumb/v6-m/nofp/libgcc.a(_dvmd_tls.o)
                                 0xd2 (size before relaxing)
 .debug_line_str
                0x000000de        0x0 /Applications/ArmGNUToolchain/15.2.rel1/arm-none-eabi/bin/../lib/gcc/arm-none-eabi/15.2.1/thumb/v6-m/nofp/libgcc.a(_arm_cmpdf2.o)
                                 0xd2 (size before relaxing)
 .debug_line_str
                0x000000de        0x0 /Applications/ArmGNUToolchain/15.2.rel1/arm-none-eabi/bin/../lib/gcc/arm-none-eabi/15.2.1/thumb/v6-m/nofp/libgcc.a(_aeabi_uldivmod.o)
                                 0xd2 (size before relaxing)
 .debug_line_str
                0x000000de        0x0 /Applications/ArmGNUToolchain/15.2.rel1/arm-none-eabi/bin/../lib/gcc/arm-none-eabi/15.2.1/thumb/v6-m/nofp/libgcc.a(_clzsi2.o)
                                 0xd2 (size before relaxing)
 .debug_line_str
                0x000000de        0x0 /Applications/ArmGNUToolchain/15.2.rel1/arm-none-eabi/bin/../lib/gcc/arm-none-eabi/15.2.1/thumb/v6-m/nofp/libgcc.a(_clzdi2.o)
                                 0xd2 (size before relaxing)

Cross Reference Table

Symbol                                            File
ADC_COMP_Handler                                  startup.o
DMA_CH1_Handler                                   startup.o
DMA_CH2_3_Handler                                 startup.o
DMA_CH4_5_6_7_Handler                             startup.o
Default_Handler                                   startup.o
EXTI0_1_Handler                                   startup.o
EXTI2_3_Handler                                   startup.o
EXTI4_15_Handler                                  startup.o
FLASH_Handler                                     startup.o
HAL_ADC_ConfigChannel                             board.o
                                                  field_sensor_adc.o
HAL_ADC_GetValue                                  board.o
                                                  field_sensor_adc.o
HAL_ADC_PollForConversion                         board.o
                                                  field_sensor_adc.o
HAL_ADC_Start                                     board.o
                                                  field_sensor_adc.o
HAL_ADC_Stop                                      board.o
                                                  field_sensor_adc.o
HAL_GPIO_Init                                     board.o
                                                  field_sensor_adc.o
HAL_TIM_PWM_Start                                 board.o
                                                  hbridge_motor.o
Hard_Fault_Handler                                startup.o
I2C1_Handler                                      startup.o
I2C2_Handler                                      startup.o
LPTIM1_Handler                                    startup.o
LPUART1_Handler                                   startup.o
NMI_Handler                                       startup.o
PVD_Handler                                       startup.o
PendSV_Handler                                    startup.o
RCC_Handler                                       startup.o
RTC_Handler                                       startup.o
ResetInit                                         startup.o
SPI1_Handler                                      startup.o
SPI2_Handler                                      startup.o
SVC_Handler                                       startup.o
SysTick_Handler                                   startup.o
TIM21_Handler                                     startup.o
TIM22_Handler                                     startup.o
TIM2_Handler                                      board.o
TIM6_Handler                                      startup.o
USART1_Handler                                    startup.o
USART2_Handler                                    startup.o
Vectors                                           startup.o
WWDG_Handler                                      startup.o
_Balloc                                           /Applications/ArmGNUToolchain/15.2.rel1/arm-none-eabi/bin/../lib/gcc/arm-none-eabi/15.2.1/../../../../arm-none-eabi/lib/thumb/v6-m/nofp/libc.a(libc_a-mprec.o)
                                                  /Applications/ArmGNUToolchain/15.2.rel1/arm-none-eabi/bin/../lib/gcc/arm-none-eabi/15.2.1/../../../../arm-none-eabi/lib/thumb/v6-m/nofp/libc.a(libc_a-dtoa.o)
_Bfree                                            /Applications/ArmGNUToolchain/15.2.rel1/arm-none-eabi/bin/../lib/gcc/arm-none-eabi/15.2.1/../../../../arm-none-eabi/lib/thumb/v6-m/nofp/libc.a(libc_a-mprec.o)
                                                  /Applications/ArmGNUToolchain/15.2.rel1/arm-none-eabi/bin/../lib/gcc/arm-none-eabi/15.2.1/../../../../arm-none-eabi/lib/thumb/v6-m/nofp/libc.a(libc_a-dtoa.o)
_HeapStart                                        printf_stubs.o
_PathLocale                                       /Applications/ArmGNUToolchain/15.2.rel1/arm-none-eabi/bin/../lib/gcc/arm-none-eabi/15.2.1/../../../../arm-none-eabi/lib/thumb/v6-m/nofp/libc.a(libc_a-locale.o)
_StackTop                                         startup.o
                                                  printf_stubs.o
__C_locale                                        /Applications/ArmGNUToolchain/15.2.rel1/arm-none-eabi/bin/../lib/gcc/arm-none-eabi/15.2.1/../../../../arm-none-eabi/lib/thumb/v6-m/nofp/libc.a(libc_a-locale.o)
__aeabi_cdcmpeq                                   /Applications/ArmGNUToolchain/15.2.rel1/arm-none-eabi/bin/../lib/gcc/arm-none-eabi/15.2.1/thumb/v6-m/nofp/libgcc.a(_arm_cmpdf2.o)
__aeabi_cdcmple                                   /Applications/ArmGNUToolchain/15.2.rel1/arm-none-eabi/bin/../lib/gcc/arm-none-eabi/15.2.1/thumb/v6-m/nofp/libgcc.a(_arm_cmpdf2.o)
__aeabi_cdrcmple                                  /Applications/ArmGNUToolchain/15.2.rel1/arm-none-eabi/bin/../lib/gcc/arm-none-eabi/15.2.1/thumb/v6-m/nofp/libgcc.a(_arm_cmpdf2.o)
__aeabi_d2iz                                      /Applications/ArmGNUToolchain/15.2.rel1/arm-none-eabi/bin/../lib/gcc/arm-none-eabi/15.2.1/thumb/v6-m/nofp/libgcc.a(fixdfsi.o)
                                                  /Applications/ArmGNUToolchain/15.2.rel1/arm-none-eabi/bin/../lib/gcc/arm-none-eabi/15.2.1/../../../../arm-none-eabi/lib/thumb/v6-m/nofp/libc.a(libc_a-dtoa.o)
                                                  /Applications/ArmGNUToolchain/15.2.rel1/arm-none-eabi/bin/../lib/gcc/arm-none-eabi/15.2.1/../../../../arm-none-eabi/lib/thumb/v6-m/nofp/libc.a(libc_a-vfprintf.o)
__aeabi_dadd                                      /Applications/ArmGNUToolchain/15.2.rel1/arm-none-eabi/bin/../lib/gcc/arm-none-eabi/15.2.1/thumb/v6-m/nofp/libgcc.a(adddf3.o)
                                                  /Applications/ArmGNUToolchain/15.2.rel1/arm-none-eabi/bin/../lib/gcc/arm-none-eabi/15.2.1/../../../../arm-none-eabi/lib/thumb/v6-m/nofp/libc.a(libc_a-dtoa.o)
__aeabi_dcmpeq                                    /Applications/ArmGNUToolchain/15.2.rel1/arm-none-eabi/bin/../lib/gcc/arm-none-eabi/15.2.1/thumb/v6-m/nofp/libgcc.a(_arm_cmpdf2.o)
                                                  /Applications/ArmGNUToolchain/15.2.rel1/arm-none-eabi/bin/../lib/gcc/arm-none-eabi/15.2.1/../../../../arm-none-eabi/lib/thumb/v6-m/nofp/libc.a(libc_a-dtoa.o)
                                                  /Applications/ArmGNUToolchain/15.2.rel1/arm-none-eabi/bin/../lib/gcc/arm-none-eabi/15.2.1/../../../../arm-none-eabi/lib/thumb/v6-m/nofp/libc.a(libc_a-vfprintf.o)
__aeabi_dcmpge                                    /Applications/ArmGNUToolchain/15.2.rel1/arm-none-eabi/bin/../lib/gcc/arm-none-eabi/15.2.1/thumb/v6-m/nofp/libgcc.a(_arm_cmpdf2.o)
__aeabi_dcmpgt                                    /Applications/ArmGNUToolchain/15.2.rel1/arm-none-eabi/bin/../lib/gcc/arm-none-eabi/15.2.1/thumb/v6-m/nofp/libgcc.a(_arm_cmpdf2.o)
                                                  /Applications/ArmGNUToolchain/15.2.rel1/arm-none-eabi/bin/../lib/gcc/arm-none-eabi/15.2.1/../../../../arm-none-eabi/lib/thumb/v6-m/nofp/libc.a(libc_a-dtoa.o)
                                                  /Applications/ArmGNUToolchain/15.2.rel1/arm-none-eabi/bin/../lib/gcc/arm-none-eabi/15.2.1/../../../../arm-none-eabi/lib/thumb/v6-m/nofp/libc.a(libc_a-vfprintf.o)
__aeabi_dcmple                                    /Applications/ArmGNUToolchain/15.2.rel1/arm-none-eabi/bin/../lib/gcc/arm-none-eabi/15.2.1/thumb/v6-m/nofp/libgcc.a(_arm_cmpdf2.o)
                                                  /Applications/ArmGNUToolchain/15.2.rel1/arm-none-eabi/bin/../lib/gcc/arm-none-eabi/15.2.1/../../../../arm-none-eabi/lib/thumb/v6-m/nofp/libc.a(libc_a-dtoa.o)
                                                  /Applications/ArmGNUToolchain/15.2.rel1/arm-none-eabi/bin/../lib/gcc/arm-none-eabi/15.2.1/../../../../arm-none-eabi/lib/thumb/v6-m/nofp/libc.a(libc_a-vfprintf.o)
__aeabi_dcmplt                                    /Applications/ArmGNUToolchain/15.2.rel1/arm-none-eabi/bin/../lib/gcc/arm-none-eabi/15.2.1/thumb/v6-m/nofp/libgcc.a(_arm_cmpdf2.o)
                                                  /Applications/ArmGNUToolchain/15.2.rel1/arm-none-eabi/bin/../lib/gcc/arm-none-eabi/15.2.1/../../../../arm-none-eabi/lib/thumb/v6-m/nofp/libc.a(libc_a-dtoa.o)
                                                  /Applications/ArmGNUToolchain/15.2.rel1/arm-none-eabi/bin/../lib/gcc/arm-none-eabi/15.2.1/../../../../arm-none-eabi/lib/thumb/v6-m/nofp/libc.a(libc_a-vfprintf.o)
__aeabi_dcmpun                                    /Applications/ArmGNUToolchain/15.2.rel1/arm-none-eabi/bin/../lib/gcc/arm-none-eabi/15.2.1/thumb/v6-m/nofp/libgcc.a(unorddf2.o)
                                                  /Applications/ArmGNUToolchain/15.2.rel1/arm-none-eabi/bin/../lib/gcc/arm-none-eabi/15.2.1/../../../../arm-none-eabi/lib/thumb/v6-m/nofp/libc.a(libc_a-vfprintf.o)
__aeabi_ddiv                                      /Applications/ArmGNUToolchain/15.2.rel1/arm-none-eabi/bin/../lib/gcc/arm-none-eabi/15.2.1/thumb/v6-m/nofp/libgcc.a(divdf3.o)
                                                  /Applications/ArmGNUToolchain/15.2.rel1/arm-none-eabi/bin/../lib/gcc/arm-none-eabi/15.2.1/../../../../arm-none-eabi/lib/thumb/v6-m/nofp/libc.a(libc_a-mprec.o)
                                                  /Applications/ArmGNUToolchain/15.2.rel1/arm-none-eabi/bin/../lib/gcc/arm-none-eabi/15.2.1/../../../../arm-none-eabi/lib/thumb/v6-m/nofp/libc.a(libc_a-dtoa.o)