Archive member included to satisfy reference by file (symbol)

/Applications/ArmGNUToolchain/15.2.rel1/arm-none-eabi/bin/../lib/gcc/arm-none-eabi/15.2.1/thumb/v6-m/nofp/libgcc.a(_udivsi3.o)
                              main.o (__aeabi_uidiv)
/Applications/ArmGNUToolchain/15.2.rel1/arm-none-eabi/bin/../lib/gcc/arm-none-eabi/15.2.1/thumb/v6-m/nofp/libgcc.a(_divsi3.o)
                              main.o (__aeabi_idiv)
/Applications/ArmGNUToolchain/15.2.rel1/arm-none-eabi/bin/../lib/gcc/arm-none-eabi/15.2.1/thumb/v6-m/nofp/libgcc.a(_dvmd_tls.o)
                              /Applications/ArmGNUToolchain/15.2.rel1/arm-none-eabi/bin/../lib/gcc/arm-none-eabi/15.2.1/thumb/v6-m/nofp/libgcc.a(_udivsi3.o) (__aeabi_idiv0)

Discarded input sections

 .text          0x00000000        0x0 main.o
 .data          0x00000000        0x0 main.o
 .bss           0x00000000        0x0 main.o
 .text          0x00000000        0x0 startup.o
 .data          0x00000000        0x0 startup.o
 .bss           0x00000000        0x0 startup.o
 .data          0x00000000        0x0 /Applications/ArmGNUToolchain/15.2.rel1/arm-none-eabi/bin/../lib/gcc/arm-none-eabi/15.2.1/thumb/v6-m/nofp/libgcc.a(_udivsi3.o)
 .bss           0x00000000        0x0 /Applications/ArmGNUToolchain/15.2.rel1/arm-none-eabi/bin/../lib/gcc/arm-none-eabi/15.2.1/thumb/v6-m/nofp/libgcc.a(_udivsi3.o)
 .data          0x00000000        0x0 /Applications/ArmGNUToolchain/15.2.rel1/arm-none-eabi/bin/../lib/gcc/arm-none-eabi/15.2.1/thumb/v6-m/nofp/libgcc.a(_divsi3.o)
 .bss           0x00000000        0x0 /Applications/ArmGNUToolchain/15.2.rel1/arm-none-eabi/bin/../lib/gcc/arm-none-eabi/15.2.1/thumb/v6-m/nofp/libgcc.a(_divsi3.o)
 .data          0x00000000        0x0 /Applications/ArmGNUToolchain/15.2.rel1/arm-none-eabi/bin/../lib/gcc/arm-none-eabi/15.2.1/thumb/v6-m/nofp/libgcc.a(_dvmd_tls.o)
 .bss           0x00000000        0x0 /Applications/ArmGNUToolchain/15.2.rel1/arm-none-eabi/bin/../lib/gcc/arm-none-eabi/15.2.1/thumb/v6-m/nofp/libgcc.a(_dvmd_tls.o)

Memory Configuration

Name             Origin             Length             Attributes
flash            0x08000000         0x00010000
ram              0x20000000         0x00002000
*default*        0x00000000         0xffffffff

Linker script and memory map

LOAD main.o
LOAD startup.o
LOAD /Applications/ArmGNUToolchain/15.2.rel1/arm-none-eabi/bin/../lib/gcc/arm-none-eabi/15.2.1/thumb/v6-m/nofp/libgcc.a

.text           0x08000000     0x1844
 *(.vectors)
 .vectors       0x08000000       0xb8 startup.o
                0x08000000                Vectors
 *(.after_vectors*)
 .after_vectors
                0x080000b8       0x80 startup.o
                0x080000b8                ResetInit
 *(.text*)
 .text.uart_puts
                0x08000138       0x24 main.o
 .text.uart_print_int
                0x0800015c       0xa4 main.o
 .text.motors_stop
                0x08000200       0x50 main.o
 .text.update_ch
                0x08000250       0xac main.o
 .text.run_follow
                0x080002fc       0xa4 main.o
 .text.run_action
                0x080003a0       0x6c main.o
 .text.run_single_sensor_follow
                0x0800040c       0x7c main.o
 .text.TIM2_Handler
                0x08000488       0xc0 main.o
                0x08000488                TIM2_Handler
 .text.startup.main
                0x08000548      0xcf4 main.o
                0x08000548                main
 .text.Default_Handler
                0x0800123c        0x4 startup.o
                0x0800123c                ADC_COMP_Handler
                0x0800123c                EXTI2_3_Handler
                0x0800123c                TIM21_Handler
                0x0800123c                SysTick_Handler
                0x0800123c                I2C1_Handler
                0x0800123c                PendSV_Handler
                0x0800123c                NMI_Handler
                0x0800123c                WWDG_Handler
                0x0800123c                RTC_Handler
                0x0800123c                EXTI4_15_Handler
                0x0800123c                USART1_Handler
                0x0800123c                DMA_CH4_5_6_7_Handler
                0x0800123c                Default_Handler
                0x0800123c                LPUART1_Handler
                0x0800123c                EXTI0_1_Handler
                0x0800123c                DMA_CH1_Handler
                0x0800123c                SPI2_Handler
                0x0800123c                DMA_CH2_3_Handler
                0x0800123c                I2C2_Handler
                0x0800123c                SVC_Handler
                0x0800123c                LPTIM1_Handler
                0x0800123c                USART2_Handler
                0x0800123c                SPI1_Handler
                0x0800123c                RCC_Handler
                0x0800123c                PVD_Handler
                0x0800123c                TIM22_Handler
                0x0800123c                TIM6_Handler
                0x0800123c                FLASH_Handler
 .text.Hard_Fault_Handler
                0x08001240        0x4 startup.o
                0x08001240                Hard_Fault_Handler
 .text.initClock
                0x08001244       0xbc startup.o
                0x08001244                initClock
 .text          0x08001300      0x114 /Applications/ArmGNUToolchain/15.2.rel1/arm-none-eabi/bin/../lib/gcc/arm-none-eabi/15.2.1/thumb/v6-m/nofp/libgcc.a(_udivsi3.o)
                0x08001300                __udivsi3
                0x08001300                __aeabi_uidiv
                0x0800140c                __aeabi_uidivmod
 .text          0x08001414      0x1d4 /Applications/ArmGNUToolchain/15.2.rel1/arm-none-eabi/bin/../lib/gcc/arm-none-eabi/15.2.1/thumb/v6-m/nofp/libgcc.a(_divsi3.o)
                0x08001414                __aeabi_idiv
                0x08001414                __divsi3
                0x080015e0                __aeabi_idivmod
 .text          0x080015e8        0x4 /Applications/ArmGNUToolchain/15.2.rel1/arm-none-eabi/bin/../lib/gcc/arm-none-eabi/15.2.1/thumb/v6-m/nofp/libgcc.a(_dvmd_tls.o)
                0x080015e8                __aeabi_ldiv0
                0x080015e8                __aeabi_idiv0
 *(.rodata*)
 .rodata.main.str1.4
                0x080015ec      0x1dd main.o
                                0x1bf (size before relaxing)
 .rodata.str1.4
                0x080017c9        0x0 main.o
                                 0x2d (size before relaxing)
 *fill*         0x080017c9        0x3 
 .rodata.CSWTCH.48
                0x080017cc        0xc main.o
 .rodata.CSWTCH.45
                0x080017d8        0xc main.o
 .rodata.k_paths
                0x080017e4       0x60 main.o
                0x08001844                        . = ALIGN (0x4)
                0x08001844                        PROVIDE (__init_array_start = .)
 *(SORT_BY_NAME(.init_array.*))
 *(.init_array)
                0x08001844                        PROVIDE (__init_array_end = .)
                0x08001844                        . = ALIGN (0x4)
                0x08001844                        _etext = .

.glue_7         0x08001844        0x0
 .glue_7        0x08001844        0x0 linker stubs

.glue_7t        0x08001844        0x0
 .glue_7t       0x08001844        0x0 linker stubs

.vfp11_veneer   0x08001844        0x0
 .vfp11_veneer  0x08001844        0x0 linker stubs

.v4_bx          0x08001844        0x0
 .v4_bx         0x08001844        0x0 linker stubs

.iplt           0x08001844        0x0
 .iplt          0x08001844        0x0 main.o

.rel.dyn        0x08001844        0x0
 .rel.iplt      0x08001844        0x0 main.o

.data           0x20000000        0x0 load address 0x08001844
                0x20000000                        . = ALIGN (0x4)
                0x20000000                        _data = .
 *(.data*)
                0x20000000                        . = ALIGN (0x4)
                0x20000000                        _edata = .

.igot.plt       0x20000000        0x0 load address 0x08001844
 .igot.plt      0x20000000        0x0 main.o

.bss            0x20000000       0x28 load address 0x08001844
                0x20000000                        _bss = .
 *(.bss*)
 .bss.g_action  0x20000000        0x4 main.o
 .bss.g_state   0x20000004        0x1 main.o
 *fill*         0x20000005        0x3 
 .bss.g_pwm_counter
                0x20000008        0x4 main.o
 .bss.g_motor_compare
                0x2000000c       0x10 main.o
 .bss.g_prev_error
                0x2000001c        0x4 main.o
 .bss.g_last_right_command
                0x20000020        0x4 main.o
 .bss.g_last_left_command
                0x20000024        0x4 main.o
 *(COMMON)
                0x20000028                        . = ALIGN (0x4)
                0x20000028                        _ebss = .
                [!provide]                        PROVIDE (end = .)
                [!provide]                        PROVIDE (_HeapStart = .)
                0x20002000                        PROVIDE (_StackTop = (ORIGIN (ram) + LENGTH (ram)))
OUTPUT(auto_mode.elf elf32-littlearm)
LOAD linker stubs

.debug_info     0x00000000     0x251e
 .debug_info    0x00000000     0x21b5 main.o
 .debug_info    0x000021b5      0x369 startup.o

.debug_abbrev   0x00000000      0x675
 .debug_abbrev  0x00000000      0x4f1 main.o
 .debug_abbrev  0x000004f1      0x184 startup.o

.debug_loclists
                0x00000000     0x11da
 .debug_loclists
                0x00000000     0x11a1 main.o
 .debug_loclists
                0x000011a1       0x39 startup.o

.debug_aranges  0x00000000       0x98
 .debug_aranges
                0x00000000       0x60 main.o
 .debug_aranges
                0x00000060       0x38 startup.o

.debug_rnglists
                0x00000000      0x591
 .debug_rnglists
                0x00000000      0x56a main.o
 .debug_rnglists
                0x0000056a       0x27 startup.o

.debug_line     0x00000000     0x2944
 .debug_line    0x00000000     0x2623 main.o
 .debug_line    0x00002623      0x321 startup.o

.debug_str      0x00000000      0x724
 .debug_str     0x00000000      0x724 main.o
                                0x6f9 (size before relaxing)
 .debug_str     0x00000724        0x0 startup.o
                                0x2e4 (size before relaxing)

.comment        0x00000000       0x45
 .comment       0x00000000       0x45 main.o
                                 0x46 (size before relaxing)
 .comment       0x00000045        0x0 startup.o
                                 0x46 (size before relaxing)

.ARM.attributes
                0x00000000       0x2c
 .ARM.attributes
                0x00000000       0x2c main.o
 .ARM.attributes
                0x0000002c       0x2c startup.o
 .ARM.attributes
                0x00000058       0x1e /Applications/ArmGNUToolchain/15.2.rel1/arm-none-eabi/bin/../lib/gcc/arm-none-eabi/15.2.1/thumb/v6-m/nofp/libgcc.a(_udivsi3.o)
 .ARM.attributes
                0x00000076       0x1e /Applications/ArmGNUToolchain/15.2.rel1/arm-none-eabi/bin/../lib/gcc/arm-none-eabi/15.2.1/thumb/v6-m/nofp/libgcc.a(_divsi3.o)
 .ARM.attributes
                0x00000094       0x1e /Applications/ArmGNUToolchain/15.2.rel1/arm-none-eabi/bin/../lib/gcc/arm-none-eabi/15.2.1/thumb/v6-m/nofp/libgcc.a(_dvmd_tls.o)

.debug_frame    0x00000000      0x194
 .debug_frame   0x00000000      0x104 main.o
 .debug_frame   0x00000104       0x50 startup.o
 .debug_frame   0x00000154       0x20 /Applications/ArmGNUToolchain/15.2.rel1/arm-none-eabi/bin/../lib/gcc/arm-none-eabi/15.2.1/thumb/v6-m/nofp/libgcc.a(_udivsi3.o)
 .debug_frame   0x00000174       0x20 /Applications/ArmGNUToolchain/15.2.rel1/arm-none-eabi/bin/../lib/gcc/arm-none-eabi/15.2.1/thumb/v6-m/nofp/libgcc.a(_divsi3.o)

.debug_line_str
                0x00000000       0xd2
 .debug_line_str
                0x00000000       0xd2 /Applications/ArmGNUToolchain/15.2.rel1/arm-none-eabi/bin/../lib/gcc/arm-none-eabi/15.2.1/thumb/v6-m/nofp/libgcc.a(_udivsi3.o)
 .debug_line_str
                0x000000d2        0x0 /Applications/ArmGNUToolchain/15.2.rel1/arm-none-eabi/bin/../lib/gcc/arm-none-eabi/15.2.1/thumb/v6-m/nofp/libgcc.a(_divsi3.o)
                                 0xd2 (size before relaxing)
 .debug_line_str
                0x000000d2        0x0 /Applications/ArmGNUToolchain/15.2.rel1/arm-none-eabi/bin/../lib/gcc/arm-none-eabi/15.2.1/thumb/v6-m/nofp/libgcc.a(_dvmd_tls.o)
                                 0xd2 (size before relaxing)

Cross Reference Table

Symbol                                            File
ADC_COMP_Handler                                  startup.o
DMA_CH1_Handler                                   startup.o
DMA_CH2_3_Handler                                 startup.o
DMA_CH4_5_6_7_Handler                             startup.o
Default_Handler                                   startup.o
EXTI0_1_Handler                                   startup.o
EXTI2_3_Handler                                   startup.o
EXTI4_15_Handler                                  startup.o
FLASH_Handler                                     startup.o
Hard_Fault_Handler                                startup.o
I2C1_Handler                                      startup.o
I2C2_Handler                                      startup.o
LPTIM1_Handler                                    startup.o
LPUART1_Handler                                   startup.o
NMI_Handler                                       startup.o
PVD_Handler                                       startup.o
PendSV_Handler                                    startup.o
RCC_Handler                                       startup.o
RTC_Handler                                       startup.o
ResetInit                                         startup.o
SPI1_Handler                                      startup.o
SPI2_Handler                                      startup.o
SVC_Handler                                       startup.o
SysTick_Handler                                   startup.o
TIM21_Handler                                     startup.o
TIM22_Handler                                     startup.o
TIM2_Handler                                      main.o
TIM6_Handler                                      startup.o
USART1_Handler                                    startup.o
USART2_Handler                                    startup.o
Vectors                                           startup.o
WWDG_Handler                                      startup.o
_StackTop                                         startup.o
__aeabi_idiv                                      /Applications/ArmGNUToolchain/15.2.rel1/arm-none-eabi/bin/../lib/gcc/arm-none-eabi/15.2.1/thumb/v6-m/nofp/libgcc.a(_divsi3.o)
                                                  main.o
__aeabi_idiv0                                     /Applications/ArmGNUToolchain/15.2.rel1/arm-none-eabi/bin/../lib/gcc/arm-none-eabi/15.2.1/thumb/v6-m/nofp/libgcc.a(_dvmd_tls.o)
                                                  /Applications/ArmGNUToolchain/15.2.rel1/arm-none-eabi/bin/../lib/gcc/arm-none-eabi/15.2.1/thumb/v6-m/nofp/libgcc.a(_divsi3.o)
                                                  /Applications/ArmGNUToolchain/15.2.rel1/arm-none-eabi/bin/../lib/gcc/arm-none-eabi/15.2.1/thumb/v6-m/nofp/libgcc.a(_udivsi3.o)
__aeabi_idivmod                                   /Applications/ArmGNUToolchain/15.2.rel1/arm-none-eabi/bin/../lib/gcc/arm-none-eabi/15.2.1/thumb/v6-m/nofp/libgcc.a(_divsi3.o)
__aeabi_ldiv0                                     /Applications/ArmGNUToolchain/15.2.rel1/arm-none-eabi/bin/../lib/gcc/arm-none-eabi/15.2.1/thumb/v6-m/nofp/libgcc.a(_dvmd_tls.o)
__aeabi_uidiv                                     /Applications/ArmGNUToolchain/15.2.rel1/arm-none-eabi/bin/../lib/gcc/arm-none-eabi/15.2.1/thumb/v6-m/nofp/libgcc.a(_udivsi3.o)
                                                  main.o
__aeabi_uidivmod                                  /Applications/ArmGNUToolchain/15.2.rel1/arm-none-eabi/bin/../lib/gcc/arm-none-eabi/15.2.1/thumb/v6-m/nofp/libgcc.a(_udivsi3.o)
                                                  main.o
__divsi3                                          /Applications/ArmGNUToolchain/15.2.rel1/arm-none-eabi/bin/../lib/gcc/arm-none-eabi/15.2.1/thumb/v6-m/nofp/libgcc.a(_divsi3.o)
__init_array_end                                  startup.o
__init_array_start                                startup.o
__udivsi3                                         /Applications/ArmGNUToolchain/15.2.rel1/arm-none-eabi/bin/../lib/gcc/arm-none-eabi/15.2.1/thumb/v6-m/nofp/libgcc.a(_udivsi3.o)
_data                                             startup.o
_ebss                                             startup.o
_edata                                            startup.o
_etext                                            startup.o
initClock                                         startup.o
main                                              main.o
                                                  startup.o
