
Discarded input sections

 .text          0x00000000        0x0 joystick.o
 .data          0x00000000        0x0 joystick.o
 .bss           0x00000000        0x0 joystick.o
 .bss.x         0x00000000        0x4 joystick.o
 .bss.y         0x00000000        0x4 joystick.o
 .text          0x00000000        0x0 startup.o
 .data          0x00000000        0x0 startup.o
 .bss           0x00000000        0x0 startup.o

Memory Configuration

Name             Origin             Length             Attributes
flash            0x08000000         0x00010000
ram              0x20000000         0x00002000
*default*        0x00000000         0xffffffff

Linker script and memory map

LOAD joystick.o
LOAD startup.o
LOAD c:/program files (x86)/gnu arm embedded toolchain/10 2021.10/bin/../lib/gcc/arm-none-eabi/10.3.1/thumb/v6-m/nofp\libgcc.a

.text           0x08000000      0x2bc
 *(.vectors)
 .vectors       0x08000000       0xb8 startup.o
                0x08000000                Vectors
 *(.after_vectors*)
 .after_vectors
                0x080000b8       0x80 startup.o
                0x080000b8                ResetInit
 *(.text*)
 .text.startup.main
                0x08000138       0xc0 joystick.o
                0x08000138                main
 .text.Default_Handler
                0x080001f8        0x4 startup.o
                0x080001f8                FLASH_Handler
                0x080001f8                EXTI2_3_Handler
                0x080001f8                TIM21_Handler
                0x080001f8                SysTick_Handler
                0x080001f8                I2C1_Handler
                0x080001f8                PendSV_Handler
                0x080001f8                NMI_Handler
                0x080001f8                WWDG_Handler
                0x080001f8                RTC_Handler
                0x080001f8                EXTI4_15_Handler
                0x080001f8                TIM2_Handler
                0x080001f8                USART1_Handler
                0x080001f8                DMA_CH4_5_6_7_Handler
                0x080001f8                Default_Handler
                0x080001f8                LPUART1_Handler
                0x080001f8                EXTI0_1_Handler
                0x080001f8                DMA_CH1_Handler
                0x080001f8                SPI2_Handler
                0x080001f8                DMA_CH2_3_Handler
                0x080001f8                I2C2_Handler
                0x080001f8                SVC_Handler
                0x080001f8                LPTIM1_Handler
                0x080001f8                USART2_Handler
                0x080001f8                SPI1_Handler
                0x080001f8                RCC_Handler
                0x080001f8                PVD_Handler
                0x080001f8                TIM22_Handler
                0x080001f8                TIM6_Handler
                0x080001f8                ADC_COMP_Handler
 .text.Hard_Fault_Handler
                0x080001fc        0x4 startup.o
                0x080001fc                Hard_Fault_Handler
 .text.initClock
                0x08000200       0xbc startup.o
                0x08000200                initClock
 *(.rodata*)
                0x080002bc                . = ALIGN (0x4)
                0x080002bc                PROVIDE (__init_array_start = .)
 *(SORT_BY_NAME(.init_array.*))
 *(.init_array)
                0x080002bc                PROVIDE (__init_array_end = .)
                0x080002bc                . = ALIGN (0x4)
                0x080002bc                _etext = .

.glue_7         0x080002bc        0x0
 .glue_7        0x080002bc        0x0 linker stubs

.glue_7t        0x080002bc        0x0
 .glue_7t       0x080002bc        0x0 linker stubs

.vfp11_veneer   0x080002bc        0x0
 .vfp11_veneer  0x080002bc        0x0 linker stubs

.v4_bx          0x080002bc        0x0
 .v4_bx         0x080002bc        0x0 linker stubs

.iplt           0x080002bc        0x0
 .iplt          0x080002bc        0x0 startup.o

.rel.dyn        0x080002bc        0x0
 .rel.iplt      0x080002bc        0x0 startup.o

.data           0x20000000        0x0 load address 0x080002bc
                0x20000000                . = ALIGN (0x4)
                0x20000000                _data = .
 *(.data*)
                0x20000000                . = ALIGN (0x4)
                0x20000000                _edata = .

.igot.plt       0x20000000        0x0 load address 0x080002bc
 .igot.plt      0x20000000        0x0 startup.o

.bss            0x20000000        0x0 load address 0x080002bc
                0x20000000                _bss = .
 *(.bss*)
 *(COMMON)
                0x20000000                . = ALIGN (0x4)
                0x20000000                _ebss = .
                [!provide]                PROVIDE (end = .)
                [!provide]                PROVIDE (_HeapStart = .)
                0x20002000                PROVIDE (_StackTop = (ORIGIN (ram) + LENGTH (ram)))
OUTPUT(joystick.elf elf32-littlearm)
LOAD linker stubs

.debug_info     0x00000000      0x8d4
 .debug_info    0x00000000      0x510 joystick.o
 .debug_info    0x00000510      0x3c4 startup.o

.debug_abbrev   0x00000000      0x318
 .debug_abbrev  0x00000000      0x19d joystick.o
 .debug_abbrev  0x0000019d      0x17b startup.o

.debug_loc      0x00000000       0x70
 .debug_loc     0x00000000       0x16 joystick.o
 .debug_loc     0x00000016       0x5a startup.o

.debug_aranges  0x00000000       0x58
 .debug_aranges
                0x00000000       0x20 joystick.o
 .debug_aranges
                0x00000020       0x38 startup.o

.debug_ranges   0x00000000       0xd0
 .debug_ranges  0x00000000       0x90 joystick.o
 .debug_ranges  0x00000090       0x40 startup.o

.debug_line     0x00000000      0x5eb
 .debug_line    0x00000000      0x2bc joystick.o
 .debug_line    0x000002bc      0x32f startup.o

.debug_str      0x00000000      0x401
 .debug_str     0x00000000      0x310 joystick.o
                                0x354 (size before relaxing)
 .debug_str     0x00000310       0xf1 startup.o
                                0x323 (size before relaxing)

.comment        0x00000000       0x49
 .comment       0x00000000       0x49 joystick.o
                                 0x4a (size before relaxing)
 .comment       0x00000049       0x4a startup.o

.ARM.attributes
                0x00000000       0x2c
 .ARM.attributes
                0x00000000       0x2c joystick.o
 .ARM.attributes
                0x0000002c       0x2c startup.o

.debug_frame    0x00000000       0x7c
 .debug_frame   0x00000000       0x2c joystick.o
 .debug_frame   0x0000002c       0x50 startup.o

Cross Reference Table

Symbol                                            File
ADC_COMP_Handler                                  startup.o
DMA_CH1_Handler                                   startup.o
DMA_CH2_3_Handler                                 startup.o
DMA_CH4_5_6_7_Handler                             startup.o
Default_Handler                                   startup.o
EXTI0_1_Handler                                   startup.o
EXTI2_3_Handler                                   startup.o
EXTI4_15_Handler                                  startup.o
FLASH_Handler                                     startup.o
Hard_Fault_Handler                                startup.o
I2C1_Handler                                      startup.o
I2C2_Handler                                      startup.o
LPTIM1_Handler                                    startup.o
LPUART1_Handler                                   startup.o
NMI_Handler                                       startup.o
PVD_Handler                                       startup.o
PendSV_Handler                                    startup.o
RCC_Handler                                       startup.o
RTC_Handler                                       startup.o
ResetInit                                         startup.o
SPI1_Handler                                      startup.o
SPI2_Handler                                      startup.o
SVC_Handler                                       startup.o
SysTick_Handler                                   startup.o
TIM21_Handler                                     startup.o
TIM22_Handler                                     startup.o
TIM2_Handler                                      startup.o
TIM6_Handler                                      startup.o
USART1_Handler                                    startup.o
USART2_Handler                                    startup.o
Vectors                                           startup.o
WWDG_Handler                                      startup.o
_StackTop                                         startup.o
__init_array_end                                  startup.o
__init_array_start                                startup.o
_data                                             startup.o
_ebss                                             startup.o
_edata                                            startup.o
_etext                                            startup.o
initClock                                         startup.o
main                                              joystick.o
                                                  startup.o
x                                                 joystick.o
y                                                 joystick.o
