Archive member included to satisfy reference by file (symbol)

C:\Program Files (x86)\GNU Arm Embedded Toolchain\10 2021.10\arm-none-eabi\lib\thumb\v6-m\nofp\libnosys.a(errno.o)
                              newlib_stubs.o (errno)
C:\Program Files (x86)\GNU Arm Embedded Toolchain\10 2021.10\lib\gcc\arm-none-eabi\10.3.1\thumb\v6-m\nofp\libgcc.a(_udivsi3.o)
                              main.o (__aeabi_uidiv)
C:\Program Files (x86)\GNU Arm Embedded Toolchain\10 2021.10\lib\gcc\arm-none-eabi\10.3.1\thumb\v6-m\nofp\libgcc.a(_divsi3.o)
                              main.o (__aeabi_idiv)
C:\Program Files (x86)\GNU Arm Embedded Toolchain\10 2021.10\lib\gcc\arm-none-eabi\10.3.1\thumb\v6-m\nofp\libgcc.a(_dvmd_tls.o)
                              C:\Program Files (x86)\GNU Arm Embedded Toolchain\10 2021.10\lib\gcc\arm-none-eabi\10.3.1\thumb\v6-m\nofp\libgcc.a(_udivsi3.o) (__aeabi_idiv0)
C:\Program Files (x86)\GNU Arm Embedded Toolchain\10 2021.10\lib\gcc\arm-none-eabi\10.3.1\thumb\v6-m\nofp\libgcc.a(addsf3.o)
                              main.o (__aeabi_fadd)
C:\Program Files (x86)\GNU Arm Embedded Toolchain\10 2021.10\lib\gcc\arm-none-eabi\10.3.1\thumb\v6-m\nofp\libgcc.a(fixsfsi.o)
                              main.o (__aeabi_f2iz)
C:\Program Files (x86)\GNU Arm Embedded Toolchain\10 2021.10\lib\gcc\arm-none-eabi\10.3.1\thumb\v6-m\nofp\libgcc.a(_clzsi2.o)
                              C:\Program Files (x86)\GNU Arm Embedded Toolchain\10 2021.10\lib\gcc\arm-none-eabi\10.3.1\thumb\v6-m\nofp\libgcc.a(addsf3.o) (__clzsi2)
C:\Program Files (x86)\GNU Arm Embedded Toolchain\10 2021.10\arm-none-eabi\lib\thumb\v6-m\nofp\libc_nano.a(lib_a-printf.o)
                              main.o (printf)
C:\Program Files (x86)\GNU Arm Embedded Toolchain\10 2021.10\arm-none-eabi\lib\thumb\v6-m\nofp\libc_nano.a(lib_a-findfp.o)
                              C:\Program Files (x86)\GNU Arm Embedded Toolchain\10 2021.10\arm-none-eabi\lib\thumb\v6-m\nofp\libc_nano.a(lib_a-printf.o) (__sinit)
C:\Program Files (x86)\GNU Arm Embedded Toolchain\10 2021.10\arm-none-eabi\lib\thumb\v6-m\nofp\libc_nano.a(lib_a-fwalk.o)
                              C:\Program Files (x86)\GNU Arm Embedded Toolchain\10 2021.10\arm-none-eabi\lib\thumb\v6-m\nofp\libc_nano.a(lib_a-findfp.o) (_fwalk)
C:\Program Files (x86)\GNU Arm Embedded Toolchain\10 2021.10\arm-none-eabi\lib\thumb\v6-m\nofp\libc_nano.a(lib_a-impure.o)
                              C:\Program Files (x86)\GNU Arm Embedded Toolchain\10 2021.10\arm-none-eabi\lib\thumb\v6-m\nofp\libc_nano.a(lib_a-findfp.o) (_global_impure_ptr)
C:\Program Files (x86)\GNU Arm Embedded Toolchain\10 2021.10\arm-none-eabi\lib\thumb\v6-m\nofp\libc_nano.a(lib_a-lock.o)
                              C:\Program Files (x86)\GNU Arm Embedded Toolchain\10 2021.10\arm-none-eabi\lib\thumb\v6-m\nofp\libc_nano.a(lib_a-findfp.o) (__retarget_lock_init_recursive)
C:\Program Files (x86)\GNU Arm Embedded Toolchain\10 2021.10\arm-none-eabi\lib\thumb\v6-m\nofp\libc_nano.a(lib_a-memset.o)
                              C:\Program Files (x86)\GNU Arm Embedded Toolchain\10 2021.10\arm-none-eabi\lib\thumb\v6-m\nofp\libc_nano.a(lib_a-findfp.o) (memset)
C:\Program Files (x86)\GNU Arm Embedded Toolchain\10 2021.10\arm-none-eabi\lib\thumb\v6-m\nofp\libc_nano.a(lib_a-nano-mallocr.o)
                              C:\Program Files (x86)\GNU Arm Embedded Toolchain\10 2021.10\arm-none-eabi\lib\thumb\v6-m\nofp\libc_nano.a(lib_a-findfp.o) (_malloc_r)
C:\Program Files (x86)\GNU Arm Embedded Toolchain\10 2021.10\arm-none-eabi\lib\thumb\v6-m\nofp\libc_nano.a(lib_a-nano-vfprintf.o)
                              C:\Program Files (x86)\GNU Arm Embedded Toolchain\10 2021.10\arm-none-eabi\lib\thumb\v6-m\nofp\libc_nano.a(lib_a-printf.o) (_vfprintf_r)
C:\Program Files (x86)\GNU Arm Embedded Toolchain\10 2021.10\arm-none-eabi\lib\thumb\v6-m\nofp\libc_nano.a(lib_a-nano-vfprintf_i.o)
                              C:\Program Files (x86)\GNU Arm Embedded Toolchain\10 2021.10\arm-none-eabi\lib\thumb\v6-m\nofp\libc_nano.a(lib_a-nano-vfprintf.o) (_printf_i)
C:\Program Files (x86)\GNU Arm Embedded Toolchain\10 2021.10\arm-none-eabi\lib\thumb\v6-m\nofp\libc_nano.a(lib_a-sbrkr.o)
                              C:\Program Files (x86)\GNU Arm Embedded Toolchain\10 2021.10\arm-none-eabi\lib\thumb\v6-m\nofp\libc_nano.a(lib_a-nano-mallocr.o) (_sbrk_r)
C:\Program Files (x86)\GNU Arm Embedded Toolchain\10 2021.10\arm-none-eabi\lib\thumb\v6-m\nofp\libc_nano.a(lib_a-stdio.o)
                              C:\Program Files (x86)\GNU Arm Embedded Toolchain\10 2021.10\arm-none-eabi\lib\thumb\v6-m\nofp\libc_nano.a(lib_a-findfp.o) (__sread)
C:\Program Files (x86)\GNU Arm Embedded Toolchain\10 2021.10\arm-none-eabi\lib\thumb\v6-m\nofp\libc_nano.a(lib_a-wbuf.o)
                              C:\Program Files (x86)\GNU Arm Embedded Toolchain\10 2021.10\arm-none-eabi\lib\thumb\v6-m\nofp\libc_nano.a(lib_a-nano-vfprintf.o) (__swbuf_r)
[...]
Memory Configuration

Name             Origin             Length             Attributes
flash            0x08000000         0x00010000
ram              0x20000000         0x00002000
*default*        0x00000000         0xffffffff

Linker script and memory map

LOAD main.o
LOAD serial.o
LOAD startup.o
LOAD newlib_stubs.o
LOAD C:\Program Files (x86)\GNU Arm Embedded Toolchain\10 2021.10\arm-none-eabi\lib\thumb\v6-m\nofp\libnosys.a
LOAD C:\Program Files (x86)\GNU Arm Embedded Toolchain\10 2021.10\lib\gcc\arm-none-eabi\10.3.1\thumb\v6-m\nofp\libgcc.a
START GROUP
LOAD C:\Program Files (x86)\GNU Arm Embedded Toolchain\10 2021.10\lib\gcc\arm-none-eabi\10.3.1\thumb\v6-m\nofp\libgcc.a
LOAD C:\Program Files (x86)\GNU Arm Embedded Toolchain\10 2021.10\arm-none-eabi\lib\thumb\v6-m\nofp\libc_nano.a
LOAD C:\Program Files (x86)\GNU Arm Embedded Toolchain\10 2021.10\arm-none-eabi\lib\thumb\v6-m\nofp\libm.a
END GROUP

.text           0x08000000     0x2c60
 *(.vectors)
 .vectors       0x08000000       0xb8 startup.o
                0x08000000                Vectors
 *(.after_vectors*)
 .after_vectors
                0x080000b8       0x28 startup.o
                0x080000b8                ResetInit
 *(.text*)
 .text          0x080000e0      0x504 main.o
                0x08000118                wait_1us
                0x0800014c                waitus
                0x080003f4                TIM2_Handler
                0x08000552                main
 .text          0x080005e4      0x5b4 serial.o
                0x080005e4                ReadCom
                0x08000658                WriteCom
                0x080006f8                initUART
                0x08000848                USART1_Handler
                0x08000874                usart_rx
                0x080008a4                usart_tx
                0x0800090c                PutBuf
                0x0800096e                GetBuf
                0x080009c4                GetBufCount
                0x080009d8                eputs
                0x08000a14                eputc
                0x08000a32                egetc
                0x08000a4c                egets
                0x08000ad8                egetc_echo
                0x08000afe                egets_echo
 .text          0x08000b98      0x1a8 startup.o
                0x08000c10                initClock
                0x08000d18                EXTI2_3_Handler
                0x08000d18                TIM21_Handler
                0x08000d18                SysTick_Handler
                0x08000d18                I2C1_Handler
                0x08000d18                PendSV_Handler
                0x08000d18                NMI_Handler
                0x08000d18                WWDG_Handler
                0x08000d18                RTC_Handler
                0x08000d18                EXTI4_15_Handler
                0x08000d18                DMA_CH4_5_6_7_Handler
                0x08000d18                Default_Handler
                0x08000d18                LPUART1_Handler
                0x08000d18                FLASH_Handler
                0x08000d18                EXTI0_1_Handler
                0x08000d18                DMA_CH1_Handler
                0x08000d18                SPI2_Handler
                0x08000d18                DMA_CH2_3_Handler
                0x08000d18                I2C2_Handler
                0x08000d18                SVC_Handler
                0x08000d18                LPTIM1_Handler
                0x08000d18                USART2_Handler
                0x08000d18                SPI1_Handler
                0x08000d18                RCC_Handler
                0x08000d18                PVD_Handler
                0x08000d18                TIM6_Handler
                0x08000d18                TIM22_Handler
                0x08000d18                ADC_COMP_Handler
                0x08000d2c                Hard_Fault_Handler
 .text          0x08000d40      0x29c newlib_stubs.o
                0x08000d40                _exit
                0x08000d4a                _close
                0x08000d5e                _execve
                0x08000d80                _fork
                0x08000d98                _fstat
                0x08000db4                _getpid
                0x08000dc0                _kill
                0x08000de0                _link
                0x08000e00                _lseek
                0x08000e16                _stat
                0x08000e32                _times
                0x08000e46                _unlink
                0x08000e64                _wait
                0x08000e84                _isatty
                0x08000eac                _sbrk
                0x08000f10                _read
                0x08000f88                _write
 .text          0x08000fdc        0x0 C:\Program Files (x86)\GNU Arm Embedded Toolchain\10 2021.10\arm-none-eabi\lib\thumb\v6-m\nofp\libnosys.a(errno.o)
 .text          0x08000fdc      0x114 C:\Program Files (x86)\GNU Arm Embedded Toolchain\10 2021.10\lib\gcc\arm-none-eabi\10.3.1\thumb\v6-m\nofp\libgcc.a(_udivsi3.o)
                0x08000fdc                __aeabi_uidiv
                0x08000fdc                __udivsi3
                0x080010e8                __aeabi_uidivmod
 .text          0x080010f0      0x1d4 C:\Program Files (x86)\GNU Arm Embedded Toolchain\10 2021.10\lib\gcc\arm-none-eabi\10.3.1\thumb\v6-m\nofp\libgcc.a(_divsi3.o)
                0x080010f0                __divsi3
                0x080010f0                __aeabi_idiv
                0x080012bc                __aeabi_idivmod
 .text          0x080012c4        0x4 C:\Program Files (x86)\GNU Arm Embedded Toolchain\10 2021.10\lib\gcc\arm-none-eabi\10.3.1\thumb\v6-m\nofp\libgcc.a(_dvmd_tls.o)
                0x080012c4                __aeabi_idiv0
                0x080012c4                __aeabi_ldiv0
 .text          0x080012c8      0x33c C:\Program Files (x86)\GNU Arm Embedded Toolchain\10 2021.10\lib\gcc\arm-none-eabi\10.3.1\thumb\v6-m\nofp\libgcc.a(addsf3.o)
                0x080012c8                __aeabi_fadd
 .text          0x08001604       0x40 C:\Program Files (x86)\GNU Arm Embedded Toolchain\10 2021.10\lib\gcc\arm-none-eabi\10.3.1\thumb\v6-m\nofp\libgcc.a(fixsfsi.o)
                0x08001604                __aeabi_f2iz
 .text          0x08001644       0x3c C:\Program Files (x86)\GNU Arm Embedded Toolchain\10 2021.10\lib\gcc\arm-none-eabi\10.3.1\thumb\v6-m\nofp\libgcc.a(_clzsi2.o)
                0x08001644                __clzsi2
 .text          0x08001680        0x0 C:\Program Files (x86)\GNU Arm Embedded Toolchain\10 2021.10\arm-none-eabi\lib\thumb\v6-m\nofp\libc_nano.a(lib_a-printf.o)
 .text._printf_r
                0x08001680       0x28 C:\Program Files (x86)\GNU Arm Embedded Toolchain\10 2021.10\arm-none-eabi\lib\thumb\v6-m\nofp\libc_nano.a(lib_a-printf.o)
                0x08001680                _iprintf_r
                0x08001680                _printf_r
 .text.printf   0x080016a8       0x34 C:\Program Files (x86)\GNU Arm Embedded Toolchain\10 2021.10\arm-none-eabi\lib\thumb\v6-m\nofp\libc_nano.a(lib_a-printf.o)
                0x080016a8                iprintf
                0x080016a8                printf
 .text          0x080016dc        0x0 C:\Program Files (x86)\GNU Arm Embedded Toolchain\10 2021.10\arm-none-eabi\lib\thumb\v6-m\nofp\libc_nano.a(lib_a-findfp.o)
 .text.std      0x080016dc       0x48 C:\Program Files (x86)\GNU Arm Embedded Toolchain\10 2021.10\arm-none-eabi\lib\thumb\v6-m\nofp\libc_nano.a(lib_a-findfp.o)
 .text._cleanup_r
                0x08001724       0x10 C:\Program Files (x86)\GNU Arm Embedded Toolchain\10 2021.10\arm-none-eabi\lib\thumb\v6-m\nofp\libc_nano.a(lib_a-findfp.o)
                0x08001724                _cleanup_r
 .text.__fp_lock
                0x08001734       0x18 C:\Program Files (x86)\GNU Arm Embedded Toolchain\10 2021.10\arm-none-eabi\lib\thumb\v6-m\nofp\libc_nano.a(lib_a-findfp.o)
 .text.__fp_unlock
                0x0800174c       0x18 C:\Program Files (x86)\GNU Arm Embedded Toolchain\10 2021.10\arm-none-eabi\lib\thumb\v6-m\nofp\libc_nano.a(lib_a-findfp.o)
 .text.__sfmoreglue
                0x08001764       0x2c C:\Program Files (x86)\GNU Arm Embedded Toolchain\10 2021.10\arm-none-eabi\lib\thumb\v6-m\nofp\libc_nano.a(lib_a-findfp.o)
                0x08001764                __sfmoreglue
 .text._cleanup
                0x08001790       0x10 C:\Program Files (x86)\GNU Arm Embedded Toolchain\10 2021.10\arm-none-eabi\lib\thumb\v6-m\nofp\libc_nano.a(lib_a-findfp.o)
                0x08001790                _cleanup
 .text.__sfp_lock_acquire
                0x080017a0       0x10 C:\Program Files (x86)\GNU Arm Embedded Toolchain\10 2021.10\arm-none-eabi\lib\thumb\v6-m\nofp\libc_nano.a(lib_a-findfp.o)
                0x080017a0                __sfp_lock_acquire
 .text.__sfp_lock_release
                0x080017b0       0x10 C:\Program Files (x86)\GNU Arm Embedded Toolchain\10 2021.10\arm-none-eabi\lib\thumb\v6-m\nofp\libc_nano.a(lib_a-findfp.o)
                0x080017b0                __sfp_lock_release
 .text.__sinit_lock_acquire
                0x080017c0       0x10 C:\Program Files (x86)\GNU Arm Embedded Toolchain\10 2021.10\arm-none-eabi\lib\thumb\v6-m\nofp\libc_nano.a(lib_a-findfp.o)
                0x080017c0                __sinit_lock_acquire
 .text.__sinit_lock_release
                0x080017d0       0x10 C:\Program Files (x86)\GNU Arm Embedded Toolchain\10 2021.10\arm-none-eabi\lib\thumb\v6-m\nofp\libc_nano.a(lib_a-findfp.o)
                0x080017d0                __sinit_lock_release
 .text.__sinit  0x080017e0       0x70 C:\Program Files (x86)\GNU Arm Embedded Toolchain\10 2021.10\arm-none-eabi\lib\thumb\v6-m\nofp\libc_nano.a(lib_a-findfp.o)
                0x080017e0                __sinit
 .text.__sfp    0x08001850       0x90 C:\Program Files (x86)\GNU Arm Embedded Toolchain\10 2021.10\arm-none-eabi\lib\thumb\v6-m\nofp\libc_nano.a(lib_a-findfp.o)
                0x08001850                __sfp
 .text.__fp_lock_all
                0x080018e0       0x1c C:\Program Files (x86)\GNU Arm Embedded Toolchain\10 2021.10\arm-none-eabi\lib\thumb\v6-m\nofp\libc_nano.a(lib_a-findfp.o)
                0x080018e0                __fp_lock_all
 .text.__fp_unlock_all
                0x080018fc       0x1c C:\Program Files (x86)\GNU Arm Embedded Toolchain\10 2021.10\arm-none-eabi\lib\thumb\v6-m\nofp\libc_nano.a(lib_a-findfp.o)
                0x080018fc                __fp_unlock_all
 .text          0x08001918        0x0 C:\Program Files (x86)\GNU Arm Embedded Toolchain\10 2021.10\arm-none-eabi\lib\thumb\v6-m\nofp\libc_nano.a(lib_a-fwalk.o)
 .text._fwalk   0x08001918       0x36 C:\Program Files (x86)\GNU Arm Embedded Toolchain\10 2021.10\arm-none-eabi\lib\thumb\v6-m\nofp\libc_nano.a(lib_a-fwalk.o)
                0x08001918                _fwalk
 .text._fwalk_reent
                0x0800194e       0x40 C:\Program Files (x86)\GNU Arm Embedded Toolchain\10 2021.10\arm-none-eabi\lib\thumb\v6-m\nofp\libc_nano.a(lib_a-fwalk.o)
                0x0800194e                _fwalk_reent
 .text          0x0800198e        0x0 C:\Program Files (x86)\GNU Arm Embedded Toolchain\10 2021.10\arm-none-eabi\lib\thumb\v6-m\nofp\libc_nano.a(lib_a-impure.o)
 .text          0x0800198e        0x0 C:\Program Files (x86)\GNU Arm Embedded Toolchain\10 2021.10\arm-none-eabi\lib\thumb\v6-m\nofp\libc_nano.a(lib_a-lock.o)
 .text.__retarget_lock_init
                0x0800198e        0x2 C:\Program Files (x86)\GNU Arm Embedded Toolchain\10 2021.10\arm-none-eabi\lib\thumb\v6-m\nofp\libc_nano.a(lib_a-lock.o)
                0x0800198e                __retarget_lock_init
 .text.__retarget_lock_init_recursive
                0x08001990        0x2 C:\Program Files (x86)\GNU Arm Embedded Toolchain\10 2021.10\arm-none-eabi\lib\thumb\v6-m\nofp\libc_nano.a(lib_a-lock.o)
                0x08001990                __retarget_lock_init_recursive
 .text.__retarget_lock_close
                0x08001992        0x2 C:\Program Files (x86)\GNU Arm Embedded Toolchain\10 2021.10\arm-none-eabi\lib\thumb\v6-m\nofp\libc_nano.a(lib_a-lock.o)
                0x08001992                __retarget_lock_close
 .text.__retarget_lock_close_recursive
                0x08001994        0x2 C:\Program Files (x86)\GNU Arm Embedded Toolchain\10 2021.10\arm-none-eabi\lib\thumb\v6-m\nofp\libc_nano.a(lib_a-lock.o)
                0x08001994                __retarget_lock_close_recursive
 .text.__retarget_lock_acquire
                0x08001996        0x2 C:\Program Files (x86)\GNU Arm Embedded Toolchain\10 2021.10\arm-none-eabi\lib\thumb\v6-m\nofp\libc_nano.a(lib_a-lock.o)
                0x08001996                __retarget_lock_acquire
 .text.__retarget_lock_acquire_recursive
                0x08001998        0x2 C:\Program Files (x86)\GNU Arm Embedded Toolchain\10 2021.10\arm-none-eabi\lib\thumb\v6-m\nofp\libc_nano.a(lib_a-lock.o)
                0x08001998                __retarget_lock_acquire_recursive
 .text.__retarget_lock_try_acquire
                0x0800199a        0x4 C:\Program Files (x86)\GNU Arm Embedded Toolchain\10 2021.10\arm-none-eabi\lib\thumb\v6-m\nofp\libc_nano.a(lib_a-lock.o)
                0x0800199a                __retarget_lock_try_acquire
 .text.__retarget_lock_try_acquire_recursive
                0x0800199e        0x4 C:\Program Files (x86)\GNU Arm Embedded Toolchain\10 2021.10\arm-none-eabi\lib\thumb\v6-m\nofp\libc_nano.a(lib_a-lock.o)
                0x0800199e                __retarget_lock_try_acquire_recursive
 .text.__retarget_lock_release
                0x080019a2        0x2 C:\Program Files (x86)\GNU Arm Embedded Toolchain\10 2021.10\arm-none-eabi\lib\thumb\v6-m\nofp\libc_nano.a(lib_a-lock.o)
                0x080019a2                __retarget_lock_release
 .text.__retarget_lock_release_recursive
                0x080019a4        0x2 C:\Program Files (x86)\GNU Arm Embedded Toolchain\10 2021.10\arm-none-eabi\lib\thumb\v6-m\nofp\libc_nano.a(lib_a-lock.o)
                0x080019a4                __retarget_lock_release_recursive
 .text          0x080019a6        0x0 C:\Program Files (x86)\GNU Arm Embedded Toolchain\10 2021.10\arm-none-eabi\lib\thumb\v6-m\nofp\libc_nano.a(lib_a-memset.o)
 .text.memset   0x080019a6       0x10 C:\Program Files (x86)\GNU Arm Embedded Toolchain\10 2021.10\arm-none-eabi\lib\thumb\v6-m\nofp\libc_nano.a(lib_a-memset.o)
                0x080019a6                memset
 .text          0x080019b6        0x0 C:\Program Files (x86)\GNU Arm Embedded Toolchain\10 2021.10\arm-none-eabi\lib\thumb\v6-m\nofp\libc_nano.a(lib_a-nano-mallocr.o)
 *fill*         0x080019b6        0x2 
 .text.sbrk_aligned
                0x080019b8       0x44 C:\Program Files (x86)\GNU Arm Embedded Toolchain\10 2021.10\arm-none-eabi\lib\thumb\v6-m\nofp\libc_nano.a(lib_a-nano-mallocr.o)
 .text._malloc_r
                0x080019fc       0xec C:\Program Files (x86)\GNU Arm Embedded Toolchain\10 2021.10\arm-none-eabi\lib\thumb\v6-m\nofp\libc_nano.a(lib_a-nano-mallocr.o)
                0x080019fc                _malloc_r
 .text          0x08001ae8        0x0 C:\Program Files (x86)\GNU Arm Embedded Toolchain\10 2021.10\arm-none-eabi\lib\thumb\v6-m\nofp\libc_nano.a(lib_a-nano-vfprintf.o)
 .text.__sfputc_r
                0x08001ae8       0x2a C:\Program Files (x86)\GNU Arm Embedded Toolchain\10 2021.10\arm-none-eabi\lib\thumb\v6-m\nofp\libc_nano.a(lib_a-nano-vfprintf.o)
 .text.__sfputs_r
                0x08001b12       0x24 C:\Program Files (x86)\GNU Arm Embedded Toolchain\10 2021.10\arm-none-eabi\lib\thumb\v6-m\nofp\libc_nano.a(lib_a-nano-vfprintf.o)
                0x08001b12                __sfputs_r
 .text.__sprint_r
                0x08001b36       0x1c C:\Program Files (x86)\GNU Arm Embedded Toolchain\10 2021.10\arm-none-eabi\lib\thumb\v6-m\nofp\libc_nano.a(lib_a-nano-vfprintf.o)
                0x08001b36                __sprint_r
 *fill*         0x08001b52        0x2 
 .text._vfprintf_r
                0x08001b54      0x274 C:\Program Files (x86)\GNU Arm Embedded Toolchain\10 2021.10\arm-none-eabi\lib\thumb\v6-m\nofp\libc_nano.a(lib_a-nano-vfprintf.o)
                0x08001b54                _vfprintf_r
                0x08001b54                _vfiprintf_r
 .text.vfprintf
                0x08001dc8       0x18 C:\Program Files (x86)\GNU Arm Embedded Toolchain\10 2021.10\arm-none-eabi\lib\thumb\v6-m\nofp\libc_nano.a(lib_a-nano-vfprintf.o)
                0x08001dc8                vfprintf
                0x08001dc8                vfiprintf
 .text          0x08001de0        0x0 C:\Program Files (x86)\GNU Arm Embedded Toolchain\10 2021.10\arm-none-eabi\lib\thumb\v6-m\nofp\libc_nano.a(lib_a-nano-vfprintf_i.o)
 .text._printf_common
                0x08001de0       0xde C:\Program Files (x86)\GNU Arm Embedded Toolchain\10 2021.10\arm-none-eabi\lib\thumb\v6-m\nofp\libc_nano.a(lib_a-nano-vfprintf_i.o)
                0x08001de0                _printf_common
 *fill*         0x08001ebe        0x2 
 .text._printf_i
                0x08001ec0      0x224 C:\Program Files (x86)\GNU Arm Embedded Toolchain\10 2021.10\arm-none-eabi\lib\thumb\v6-m\nofp\libc_nano.a(lib_a-nano-vfprintf_i.o)
                0x08001ec0                _printf_i
 .text          0x080020e4        0x0 C:\Program Files (x86)\GNU Arm Embedded Toolchain\10 2021.10\arm-none-eabi\lib\thumb\v6-m\nofp\libc_nano.a(lib_a-sbrkr.o)
 .text._sbrk_r  0x080020e4       0x24 C:\Program Files (x86)\GNU Arm Embedded Toolchain\10 2021.10\arm-none-eabi\lib\thumb\v6-m\nofp\libc_nano.a(lib_a-sbrkr.o)
                0x080020e4                _sbrk_r
 .text          0x08002108        0x0 C:\Program Files (x86)\GNU Arm Embedded Toolchain\10 2021.10\arm-none-eabi\lib\thumb\v6-m\nofp\libc_nano.a(lib_a-stdio.o)
 .text.__sread  0x08002108       0x28 C:\Program Files (x86)\GNU Arm Embedded Toolchain\10 2021.10\arm-none-eabi\lib\thumb\v6-m\nofp\libc_nano.a(lib_a-stdio.o)
                0x08002108                __sread
 .text.__seofread
                0x08002130        0x4 C:\Program Files (x86)\GNU Arm Embedded Toolchain\10 2021.10\arm-none-eabi\lib\thumb\v6-m\nofp\libc_nano.a(lib_a-stdio.o)
                0x08002130                __seofread
 .text.__swrite
                0x08002134       0x38 C:\Program Files (x86)\GNU Arm Embedded Toolchain\10 2021.10\arm-none-eabi\lib\thumb\v6-m\nofp\libc_nano.a(lib_a-stdio.o)
                0x08002134                __swrite
 .text.__sseek  0x0800216c       0x2c C:\Program Files (x86)\GNU Arm Embedded Toolchain\10 2021.10\arm-none-eabi\lib\thumb\v6-m\nofp\libc_nano.a(lib_a-stdio.o)
                0x0800216c                __sseek
 .text.__sclose
                0x08002198        0xc C:\Program Files (x86)\GNU Arm Embedded Toolchain\10 2021.10\arm-none-eabi\lib\thumb\v6-m\nofp\libc_nano.a(lib_a-stdio.o)
                0x08002198                __sclose
 .text          0x080021a4        0x0 C:\Program Files (x86)\GNU Arm Embedded Toolchain\10 2021.10\arm-none-eabi\lib\thumb\v6-m\nofp\libc_nano.a(lib_a-wbuf.o)
 .text.__swbuf_r
                0x080021a4       0xac C:\Program Files (x86)\GNU Arm Embedded Toolchain\10 2021.10\arm-none-eabi\lib\thumb\v6-m\nofp\libc_nano.a(lib_a-wbuf.o)
                0x080021a4                __swbuf_r
 .text.__swbuf  0x08002250       0x14 C:\Program Files (x86)\GNU Arm Embedded Toolchain\10 2021.10\arm-none-eabi\lib\thumb\v6-m\nofp\libc_nano.a(lib_a-wbuf.o)
                0x08002250                __swbuf
 .text          0x08002264        0x0 C:\Program Files (x86)\GNU Arm Embedded Toolchain\10 2021.10\arm-none-eabi\lib\thumb\v6-m\nofp\libc_nano.a(lib_a-writer.o)
 .text._write_r
                0x08002264       0x28 C:\Program Files (x86)\GNU Arm Embedded Toolchain\10 2021.10\arm-none-eabi\lib\thumb\v6-m\nofp\libc_nano.a(lib_a-writer.o)
                0x08002264                _write_r
 .text          0x0800228c        0x0 C:\Program Files (x86)\GNU Arm Embedded Toolchain\10 2021.10\arm-none-eabi\lib\thumb\v6-m\nofp\libc_nano.a(lib_a-wsetup.o)
 .text.__swsetup_r
                0x0800228c       0xf0 C:\Program Files (x86)\GNU Arm Embedded Toolchain\10 2021.10\arm-none-eabi\lib\thumb\v6-m\nofp\libc_nano.a(lib_a-wsetup.o)
                0x0800228c                __swsetup_r
 .text          0x0800237c        0x0 C:\Program Files (x86)\GNU Arm Embedded Toolchain\10 2021.10\arm-none-eabi\lib\thumb\v6-m\nofp\libc_nano.a(lib_a-closer.o)
 .text._close_r
                0x0800237c       0x24 C:\Program Files (x86)\GNU Arm Embedded Toolchain\10 2021.10\arm-none-eabi\lib\thumb\v6-m\nofp\libc_nano.a(lib_a-closer.o)
                0x0800237c                _close_r
 .text          0x080023a0        0x0 C:\Program Files (x86)\GNU Arm Embedded Toolchain\10 2021.10\arm-none-eabi\lib\thumb\v6-m\nofp\libc_nano.a(lib_a-fflush.o)
 .text.__sflush_r
                0x080023a0      0x118 C:\Program Files (x86)\GNU Arm Embedded Toolchain\10 2021.10\arm-none-eabi\lib\thumb\v6-m\nofp\libc_nano.a(lib_a-fflush.o)
                0x080023a0                __sflush_r
 .text._fflush_r
                0x080024b8       0x80 C:\Program Files (x86)\GNU Arm Embedded Toolchain\10 2021.10\arm-none-eabi\lib\thumb\v6-m\nofp\libc_nano.a(lib_a-fflush.o)
                0x080024b8                _fflush_r
 .text.fflush   0x08002538       0x2c C:\Program Files (x86)\GNU Arm Embedded Toolchain\10 2021.10\arm-none-eabi\lib\thumb\v6-m\nofp\libc_nano.a(lib_a-fflush.o)
                0x08002538                fflush
 .text          0x08002564        0x0 C:\Program Files (x86)\GNU Arm Embedded Toolchain\10 2021.10\arm-none-eabi\lib\thumb\v6-m\nofp\libc_nano.a(lib_a-fvwrite.o)
 .text.__sfvwrite_r
                0x08002564      0x2d0 C:\Program Files (x86)\GNU Arm Embedded Toolchain\10 2021.10\arm-none-eabi\lib\thumb\v6-m\nofp\libc_nano.a(lib_a-fvwrite.o)
                0x08002564                __sfvwrite_r
 .text          0x08002834        0x0 C:\Program Files (x86)\GNU Arm Embedded Toolchain\10 2021.10\arm-none-eabi\lib\thumb\v6-m\nofp\libc_nano.a(lib_a-lseekr.o)
 .text._lseek_r
                0x08002834       0x28 C:\Program Files (x86)\GNU Arm Embedded Toolchain\10 2021.10\arm-none-eabi\lib\thumb\v6-m\nofp\libc_nano.a(lib_a-lseekr.o)
                0x08002834                _lseek_r
 .text          0x0800285c        0x0 C:\Program Files (x86)\GNU Arm Embedded Toolchain\10 2021.10\arm-none-eabi\lib\thumb\v6-m\nofp\libc_nano.a(lib_a-makebuf.o)
 .text.__swhatbuf_r
                0x0800285c       0x50 C:\Program Files (x86)\GNU Arm Embedded Toolchain\10 2021.10\arm-none-eabi\lib\thumb\v6-m\nofp\libc_nano.a(lib_a-makebuf.o)
                0x0800285c                __swhatbuf_r
 .text.__smakebuf_r
                0x080028ac       0x88 C:\Program Files (x86)\GNU Arm Embedded Toolchain\10 2021.10\arm-none-eabi\lib\thumb\v6-m\nofp\libc_nano.a(lib_a-makebuf.o)
                0x080028ac                __smakebuf_r
 .text          0x08002934        0x0 C:\Program Files (x86)\GNU Arm Embedded Toolchain\10 2021.10\arm-none-eabi\lib\thumb\v6-m\nofp\libc_nano.a(lib_a-memchr-stub.o)
 .text.memchr   0x08002934       0x16 C:\Program Files (x86)\GNU Arm Embedded Toolchain\10 2021.10\arm-none-eabi\lib\thumb\v6-m\nofp\libc_nano.a(lib_a-memchr-stub.o)
                0x08002934                memchr
 .text          0x0800294a        0x0 C:\Program Files (x86)\GNU Arm Embedded Toolchain\10 2021.10\arm-none-eabi\lib\thumb\v6-m\nofp\libc_nano.a(lib_a-memcpy-stub.o)
 .text.memcpy   0x0800294a       0x12 C:\Program Files (x86)\GNU Arm Embedded Toolchain\10 2021.10\arm-none-eabi\lib\thumb\v6-m\nofp\libc_nano.a(lib_a-memcpy-stub.o)
                0x0800294a                memcpy
 .text          0x0800295c        0x0 C:\Program Files (x86)\GNU Arm Embedded Toolchain\10 2021.10\arm-none-eabi\lib\thumb\v6-m\nofp\libc_nano.a(lib_a-memmove.o)
 .text.memmove  0x0800295c       0x26 C:\Program Files (x86)\GNU Arm Embedded Toolchain\10 2021.10\arm-none-eabi\lib\thumb\v6-m\nofp\libc_nano.a(lib_a-memmove.o)
                0x0800295c                memmove
 .text          0x08002982        0x0 C:\Program Files (x86)\GNU Arm Embedded Toolchain\10 2021.10\arm-none-eabi\lib\thumb\v6-m\nofp\libc_nano.a(lib_a-mlock.o)
 *fill*         0x08002982        0x2 
 .text.__malloc_lock
                0x08002984       0x10 C:\Program Files (x86)\GNU Arm Embedded Toolchain\10 2021.10\arm-none-eabi\lib\thumb\v6-m\nofp\libc_nano.a(lib_a-mlock.o)
                0x08002984                __malloc_lock
 .text.__malloc_unlock
                0x08002994       0x10 C:\Program Files (x86)\GNU Arm Embedded Toolchain\10 2021.10\arm-none-eabi\lib\thumb\v6-m\nofp\libc_nano.a(lib_a-mlock.o)
                0x08002994                __malloc_unlock
 .text          0x080029a4        0x0 C:\Program Files (x86)\GNU Arm Embedded Toolchain\10 2021.10\arm-none-eabi\lib\thumb\v6-m\nofp\libc_nano.a(lib_a-nano-freer.o)
 .text._free_r  0x080029a4       0x94 C:\Program Files (x86)\GNU Arm Embedded Toolchain\10 2021.10\arm-none-eabi\lib\thumb\v6-m\nofp\libc_nano.a(lib_a-nano-freer.o)
                0x080029a4                _free_r
 .text          0x08002a38        0x0 C:\Program Files (x86)\GNU Arm Embedded Toolchain\10 2021.10\arm-none-eabi\lib\thumb\v6-m\nofp\libc_nano.a(lib_a-nano-reallocr.o)
 .text._realloc_r
                0x08002a38       0x5e C:\Program Files (x86)\GNU Arm Embedded Toolchain\10 2021.10\arm-none-eabi\lib\thumb\v6-m\nofp\libc_nano.a(lib_a-nano-reallocr.o)
                0x08002a38                _realloc_r
 .text          0x08002a96        0x0 C:\Program Files (x86)\GNU Arm Embedded Toolchain\10 2021.10\arm-none-eabi\lib\thumb\v6-m\nofp\libc_nano.a(lib_a-readr.o)
 *fill*         0x08002a96        0x2 
 .text._read_r  0x08002a98       0x28 C:\Program Files (x86)\GNU Arm Embedded Toolchain\10 2021.10\arm-none-eabi\lib\thumb\v6-m\nofp\libc_nano.a(lib_a-readr.o)
                0x08002a98                _read_r
 .text          0x08002ac0        0x0 C:\Program Files (x86)\GNU Arm Embedded Toolchain\10 2021.10\arm-none-eabi\lib\thumb\v6-m\nofp\libc_nano.a(lib_a-fstatr.o)
 .text._fstat_r
                0x08002ac0       0x24 C:\Program Files (x86)\GNU Arm Embedded Toolchain\10 2021.10\arm-none-eabi\lib\thumb\v6-m\nofp\libc_nano.a(lib_a-fstatr.o)
                0x08002ac0                _fstat_r
 .text          0x08002ae4        0x0 C:\Program Files (x86)\GNU Arm Embedded Toolchain\10 2021.10\arm-none-eabi\lib\thumb\v6-m\nofp\libc_nano.a(lib_a-isattyr.o)
 .text._isatty_r
                0x08002ae4       0x24 C:\Program Files (x86)\GNU Arm Embedded Toolchain\10 2021.10\arm-none-eabi\lib\thumb\v6-m\nofp\libc_nano.a(lib_a-isattyr.o)
                0x08002ae4                _isatty_r
 .text          0x08002b08        0x0 C:\Program Files (x86)\GNU Arm Embedded Toolchain\10 2021.10\arm-none-eabi\lib\thumb\v6-m\nofp\libc_nano.a(lib_a-nano-msizer.o)
 .text._malloc_usable_size_r
                0x08002b08       0x10 C:\Program Files (x86)\GNU Arm Embedded Toolchain\10 2021.10\arm-none-eabi\lib\thumb\v6-m\nofp\libc_nano.a(lib_a-nano-msizer.o)
                0x08002b08                _malloc_usable_size_r
 .text          0x08002b18       0x14 C:\Program Files (x86)\GNU Arm Embedded Toolchain\10 2021.10\lib\gcc\arm-none-eabi\10.3.1\thumb\v6-m\nofp\libgcc.a(_thumb1_case_shi.o)
                0x08002b18                __gnu_thumb1_case_shi
 *(.rodata*)
 .rodata        0x08002b2c       0x1e main.o
 *fill*         0x08002b4a        0x2 
 .rodata        0x08002b4c       0x7c startup.o
 .rodata.__sf_fake_stderr
                0x08002bc8       0x20 C:\Program Files (x86)\GNU Arm Embedded Toolchain\10 2021.10\arm-none-eabi\lib\thumb\v6-m\nofp\libc_nano.a(lib_a-findfp.o)
                0x08002bc8                __sf_fake_stderr
 .rodata.__sf_fake_stdin
                0x08002be8       0x20 C:\Program Files (x86)\GNU Arm Embedded Toolchain\10 2021.10\arm-none-eabi\lib\thumb\v6-m\nofp\libc_nano.a(lib_a-findfp.o)
                0x08002be8                __sf_fake_stdin
 .rodata.__sf_fake_stdout
                0x08002c08       0x20 C:\Program Files (x86)\GNU Arm Embedded Toolchain\10 2021.10\arm-none-eabi\lib\thumb\v6-m\nofp\libc_nano.a(lib_a-findfp.o)
                0x08002c08                __sf_fake_stdout
 .rodata._global_impure_ptr
                0x08002c28        0x4 C:\Program Files (x86)\GNU Arm Embedded Toolchain\10 2021.10\arm-none-eabi\lib\thumb\v6-m\nofp\libc_nano.a(lib_a-impure.o)
                0x08002c28                _global_impure_ptr
 .rodata._vfprintf_r.str1.1
                0x08002c2c       0x11 C:\Program Files (x86)\GNU Arm Embedded Toolchain\10 2021.10\arm-none-eabi\lib\thumb\v6-m\nofp\libc_nano.a(lib_a-nano-vfprintf.o)
 .rodata._printf_i.str1.1
                0x08002c3d       0x22 C:\Program Files (x86)\GNU Arm Embedded Toolchain\10 2021.10\arm-none-eabi\lib\thumb\v6-m\nofp\libc_nano.a(lib_a-nano-vfprintf_i.o)
                0x08002c60                . = ALIGN (0x4)
 *fill*         0x08002c5f        0x1 
                0x08002c60                PROVIDE (__init_array_start = .)
 *(SORT_BY_NAME(.init_array.*))
 *(.init_array)
                0x08002c60                PROVIDE (__init_array_end = .)
                0x08002c60                . = ALIGN (0x4)
                0x08002c60                _etext = .

.glue_7         0x08002c60        0x0
 .glue_7        0x08002c60        0x0 linker stubs

.glue_7t        0x08002c60        0x0
 .glue_7t       0x08002c60        0x0 linker stubs

.vfp11_veneer   0x08002c60        0x0
 .vfp11_veneer  0x08002c60        0x0 linker stubs

.v4_bx          0x08002c60        0x0
 .v4_bx         0x08002c60        0x0 linker stubs

.iplt           0x08002c60        0x0
 .iplt          0x08002c60        0x0 main.o

.rel.dyn        0x08002c60        0x0
 .rel.iplt      0x08002c60        0x0 main.o

.data           0x20000000       0x68 load address 0x08002c60
                0x20000000                . = ALIGN (0x4)
                0x20000000                _data = .
 *(.data*)
 .data          0x20000000        0x0 main.o
 .data          0x20000000        0x0 serial.o
 .data          0x20000000        0x0 startup.o
 .data          0x20000000        0x4 newlib_stubs.o
                0x20000000                environ
 .data          0x20000004        0x0 C:\Program Files (x86)\GNU Arm Embedded Toolchain\10 2021.10\arm-none-eabi\lib\thumb\v6-m\nofp\libnosys.a(errno.o)
 .data          0x20000004        0x0 C:\Program Files (x86)\GNU Arm Embedded Toolchain\10 2021.10\lib\gcc\arm-none-eabi\10.3.1\thumb\v6-m\nofp\libgcc.a(_udivsi3.o)
 .data          0x20000004        0x0 C:\Program Files (x86)\GNU Arm Embedded Toolchain\10 2021.10\lib\gcc\arm-none-eabi\10.3.1\thumb\v6-m\nofp\libgcc.a(_divsi3.o)
 .data          0x20000004        0x0 C:\Program Files (x86)\GNU Arm Embedded Toolchain\10 2021.10\lib\gcc\arm-none-eabi\10.3.1\thumb\v6-m\nofp\libgcc.a(_dvmd_tls.o)
 .data          0x20000004        0x0 C:\Program Files (x86)\GNU Arm Embedded Toolchain\10 2021.10\lib\gcc\arm-none-eabi\10.3.1\thumb\v6-m\nofp\libgcc.a(addsf3.o)
 .data          0x20000004        0x0 C:\Program Files (x86)\GNU Arm Embedded Toolchain\10 2021.10\lib\gcc\arm-none-eabi\10.3.1\thumb\v6-m\nofp\libgcc.a(fixsfsi.o)
 .data          0x20000004        0x0 C:\Program Files (x86)\GNU Arm Embedded Toolchain\10 2021.10\lib\gcc\arm-none-eabi\10.3.1\thumb\v6-m\nofp\libgcc.a(_clzsi2.o)
 .data          0x20000004        0x0 C:\Program Files (x86)\GNU Arm Embedded Toolchain\10 2021.10\arm-none-eabi\lib\thumb\v6-m\nofp\libc_nano.a(lib_a-printf.o)
 .data          0x20000004        0x0 C:\Program Files (x86)\GNU Arm Embedded Toolchain\10 2021.10\arm-none-eabi\lib\thumb\v6-m\nofp\libc_nano.a(lib_a-findfp.o)
 .data          0x20000004        0x0 C:\Program Files (x86)\GNU Arm Embedded Toolchain\10 2021.10\arm-none-eabi\lib\thumb\v6-m\nofp\libc_nano.a(lib_a-fwalk.o)
 .data          0x20000004        0x0 C:\Program Files (x86)\GNU Arm Embedded Toolchain\10 2021.10\arm-none-eabi\lib\thumb\v6-m\nofp\libc_nano.a(lib_a-impure.o)
 .data._impure_ptr
                0x20000004        0x4 C:\Program Files (x86)\GNU Arm Embedded Toolchain\10 2021.10\arm-none-eabi\lib\thumb\v6-m\nofp\libc_nano.a(lib_a-impure.o)
                0x20000004                _impure_ptr
 .data.impure_data
                0x20000008       0x60 C:\Program Files (x86)\GNU Arm Embedded Toolchain\10 2021.10\arm-none-eabi\lib\thumb\v6-m\nofp\libc_nano.a(lib_a-impure.o)
 .data          0x20000068        0x0 C:\Program Files (x86)\GNU Arm Embedded Toolchain\10 2021.10\arm-none-eabi\lib\thumb\v6-m\nofp\libc_nano.a(lib_a-lock.o)
 .data          0x20000068        0x0 C:\Program Files (x86)\GNU Arm Embedded Toolchain\10 2021.10\arm-none-eabi\lib\thumb\v6-m\nofp\libc_nano.a(lib_a-memset.o)
 .data          0x20000068        0x0 C:\Program Files (x86)\GNU Arm Embedded Toolchain\10 2021.10\arm-none-eabi\lib\thumb\v6-m\nofp\libc_nano.a(lib_a-nano-mallocr.o)
 .data          0x20000068        0x0 C:\Program Files (x86)\GNU Arm Embedded Toolchain\10 2021.10\arm-none-eabi\lib\thumb\v6-m\nofp\libc_nano.a(lib_a-nano-vfprintf.o)
 .data          0x20000068        0x0 C:\Program Files (x86)\GNU Arm Embedded Toolchain\10 2021.10\arm-none-eabi\lib\thumb\v6-m\nofp\libc_nano.a(lib_a-nano-vfprintf_i.o)
 .data          0x20000068        0x0 C:\Program Files (x86)\GNU Arm Embedded Toolchain\10 2021.10\arm-none-eabi\lib\thumb\v6-m\nofp\libc_nano.a(lib_a-sbrkr.o)
 .data          0x20000068        0x0 C:\Program Files (x86)\GNU Arm Embedded Toolchain\10 2021.10\arm-none-eabi\lib\thumb\v6-m\nofp\libc_nano.a(lib_a-stdio.o)
 .data          0x20000068        0x0 C:\Program Files (x86)\GNU Arm Embedded Toolchain\10 2021.10\arm-none-eabi\lib\thumb\v6-m\nofp\libc_nano.a(lib_a-wbuf.o)
 .data          0x20000068        0x0 C:\Program Files (x86)\GNU Arm Embedded Toolchain\10 2021.10\arm-none-eabi\lib\thumb\v6-m\nofp\libc_nano.a(lib_a-writer.o)
 .data          0x20000068        0x0 C:\Program Files (x86)\GNU Arm Embedded Toolchain\10 2021.10\arm-none-eabi\lib\thumb\v6-m\nofp\libc_nano.a(lib_a-wsetup.o)
 .data          0x20000068        0x0 C:\Program Files (x86)\GNU Arm Embedded Toolchain\10 2021.10\arm-none-eabi\lib\thumb\v6-m\nofp\libc_nano.a(lib_a-closer.o)
 .data          0x20000068        0x0 C:\Program Files (x86)\GNU Arm Embedded Toolchain\10 2021.10\arm-none-eabi\lib\thumb\v6-m\nofp\libc_nano.a(lib_a-fflush.o)
 .data          0x20000068        0x0 C:\Program Files (x86)\GNU Arm Embedded Toolchain\10 2021.10\arm-none-eabi\lib\thumb\v6-m\nofp\libc_nano.a(lib_a-fvwrite.o)
 .data          0x20000068        0x0 C:\Program Files (x86)\GNU Arm Embedded Toolchain\10 2021.10\arm-none-eabi\lib\thumb\v6-m\nofp\libc_nano.a(lib_a-lseekr.o)
 .data          0x20000068        0x0 C:\Program Files (x86)\GNU Arm Embedded Toolchain\10 2021.10\arm-none-eabi\lib\thumb\v6-m\nofp\libc_nano.a(lib_a-makebuf.o)
 .data          0x20000068        0x0 C:\Program Files (x86)\GNU Arm Embedded Toolchain\10 2021.10\arm-none-eabi\lib\thumb\v6-m\nofp\libc_nano.a(lib_a-memchr-stub.o)
 .data          0x20000068        0x0 C:\Program Files (x86)\GNU Arm Embedded Toolchain\10 2021.10\arm-none-eabi\lib\thumb\v6-m\nofp\libc_nano.a(lib_a-memcpy-stub.o)
 .data          0x20000068        0x0 C:\Program Files (x86)\GNU Arm Embedded Toolchain\10 2021.10\arm-none-eabi\lib\thumb\v6-m\nofp\libc_nano.a(lib_a-memmove.o)
 .data          0x20000068        0x0 C:\Program Files (x86)\GNU Arm Embedded Toolchain\10 2021.10\arm-none-eabi\lib\thumb\v6-m\nofp\libc_nano.a(lib_a-mlock.o)
 .data          0x20000068        0x0 C:\Program Files (x86)\GNU Arm Embedded Toolchain\10 2021.10\arm-none-eabi\lib\thumb\v6-m\nofp\libc_nano.a(lib_a-nano-freer.o)
 .data          0x20000068        0x0 C:\Program Files (x86)\GNU Arm Embedded Toolchain\10 2021.10\arm-none-eabi\lib\thumb\v6-m\nofp\libc_nano.a(lib_a-nano-reallocr.o)
 .data          0x20000068        0x0 C:\Program Files (x86)\GNU Arm Embedded Toolchain\10 2021.10\arm-none-eabi\lib\thumb\v6-m\nofp\libc_nano.a(lib_a-readr.o)
 .data          0x20000068        0x0 C:\Program Files (x86)\GNU Arm Embedded Toolchain\10 2021.10\arm-none-eabi\lib\thumb\v6-m\nofp\libc_nano.a(lib_a-fstatr.o)
 .data          0x20000068        0x0 C:\Program Files (x86)\GNU Arm Embedded Toolchain\10 2021.10\arm-none-eabi\lib\thumb\v6-m\nofp\libc_nano.a(lib_a-isattyr.o)
 .data          0x20000068        0x0 C:\Program Files (x86)\GNU Arm Embedded Toolchain\10 2021.10\arm-none-eabi\lib\thumb\v6-m\nofp\libc_nano.a(lib_a-nano-msizer.o)
 .data          0x20000068        0x0 C:\Program Files (x86)\GNU Arm Embedded Toolchain\10 2021.10\lib\gcc\arm-none-eabi\10.3.1\thumb\v6-m\nofp\libgcc.a(_thumb1_case_shi.o)
                0x20000068                . = ALIGN (0x4)
                0x20000068                _edata = .

.igot.plt       0x20000068        0x0 load address 0x08002cc8
 .igot.plt      0x20000068        0x0 main.o

.bss            0x20000068       0xd8 load address 0x08002cc8
                0x20000068                _bss = .
 *(.bss*)
 .bss           0x20000068       0x14 main.o
 .bss           0x2000007c       0xa4 serial.o
                0x2000007c                ComRXBuffer
                0x200000c8                ComTXBuffer
                0x20000114                ComOpen
                0x20000118                ComError
                0x2000011c                ComBusy
 .bss           0x20000120        0x0 startup.o
 .bss           0x20000120        0x8 newlib_stubs.o
                0x20000120                __env
 .bss           0x20000128        0x0 C:\Program Files (x86)\GNU Arm Embedded Toolchain\10 2021.10\arm-none-eabi\lib\thumb\v6-m\nofp\libnosys.a(errno.o)
 .bss.errno     0x20000128        0x4 C:\Program Files (x86)\GNU Arm Embedded Toolchain\10 2021.10\arm-none-eabi\lib\thumb\v6-m\nofp\libnosys.a(errno.o)
                0x20000128                errno
 .bss           0x2000012c        0x0 C:\Program Files (x86)\GNU Arm Embedded Toolchain\10 2021.10\lib\gcc\arm-none-eabi\10.3.1\thumb\v6-m\nofp\libgcc.a(_udivsi3.o)
 .bss           0x2000012c        0x0 C:\Program Files (x86)\GNU Arm Embedded Toolchain\10 2021.10\lib\gcc\arm-none-eabi\10.3.1\thumb\v6-m\nofp\libgcc.a(_divsi3.o)
 .bss           0x2000012c        0x0 C:\Program Files (x86)\GNU Arm Embedded Toolchain\10 2021.10\lib\gcc\arm-none-eabi\10.3.1\thumb\v6-m\nofp\libgcc.a(_dvmd_tls.o)
 .bss           0x2000012c        0x0 C:\Program Files (x86)\GNU Arm Embedded Toolchain\10 2021.10\lib\gcc\arm-none-eabi\10.3.1\thumb\v6-m\nofp\libgcc.a(addsf3.o)
 .bss           0x2000012c        0x0 C:\Program Files (x86)\GNU Arm Embedded Toolchain\10 2021.10\lib\gcc\arm-none-eabi\10.3.1\thumb\v6-m\nofp\libgcc.a(fixsfsi.o)
 .bss           0x2000012c        0x0 C:\Program Files (x86)\GNU Arm Embedded Toolchain\10 2021.10\lib\gcc\arm-none-eabi\10.3.1\thumb\v6-m\nofp\libgcc.a(_clzsi2.o)
 .bss           0x2000012c        0x0 C:\Program Files (x86)\GNU Arm Embedded Toolchain\10 2021.10\arm-none-eabi\lib\thumb\v6-m\nofp\libc_nano.a(lib_a-printf.o)
 .bss           0x2000012c        0x0 C:\Program Files (x86)\GNU Arm Embedded Toolchain\10 2021.10\arm-none-eabi\lib\thumb\v6-m\nofp\libc_nano.a(lib_a-findfp.o)
 .bss           0x2000012c        0x0 C:\Program Files (x86)\GNU Arm Embedded Toolchain\10 2021.10\arm-none-eabi\lib\thumb\v6-m\nofp\libc_nano.a(lib_a-fwalk.o)
 .bss           0x2000012c        0x0 C:\Program Files (x86)\GNU Arm Embedded Toolchain\10 2021.10\arm-none-eabi\lib\thumb\v6-m\nofp\libc_nano.a(lib_a-impure.o)
 .bss           0x2000012c        0x0 C:\Program Files (x86)\GNU Arm Embedded Toolchain\10 2021.10\arm-none-eabi\lib\thumb\v6-m\nofp\libc_nano.a(lib_a-lock.o)
 .bss.__lock___arc4random_mutex
                0x2000012c        0x1 C:\Program Files (x86)\GNU Arm Embedded Toolchain\10 2021.10\arm-none-eabi\lib\thumb\v6-m\nofp\libc_nano.a(lib_a-lock.o)
                0x2000012c                __lock___arc4random_mutex
 .bss.__lock___at_quick_exit_mutex
                0x2000012d        0x1 C:\Program Files (x86)\GNU Arm Embedded Toolchain\10 2021.10\arm-none-eabi\lib\thumb\v6-m\nofp\libc_nano.a(lib_a-lock.o)
                0x2000012d                __lock___at_quick_exit_mutex
 .bss.__lock___atexit_recursive_mutex
                0x2000012e        0x1 C:\Program Files (x86)\GNU Arm Embedded Toolchain\10 2021.10\arm-none-eabi\lib\thumb\v6-m\nofp\libc_nano.a(lib_a-lock.o)
                0x2000012e                __lock___atexit_recursive_mutex
 .bss.__lock___dd_hash_mutex
                0x2000012f        0x1 C:\Program Files (x86)\GNU Arm Embedded Toolchain\10 2021.10\arm-none-eabi\lib\thumb\v6-m\nofp\libc_nano.a(lib_a-lock.o)
                0x2000012f                __lock___dd_hash_mutex
 .bss.__lock___env_recursive_mutex
                0x20000130        0x1 C:\Program Files (x86)\GNU Arm Embedded Toolchain\10 2021.10\arm-none-eabi\lib\thumb\v6-m\nofp\libc_nano.a(lib_a-lock.o)
                0x20000130                __lock___env_recursive_mutex
 .bss.__lock___malloc_recursive_mutex
                0x20000131        0x1 C:\Program Files (x86)\GNU Arm Embedded Toolchain\10 2021.10\arm-none-eabi\lib\thumb\v6-m\nofp\libc_nano.a(lib_a-lock.o)
                0x20000131                __lock___malloc_recursive_mutex
 .bss.__lock___sfp_recursive_mutex
                0x20000132        0x1 C:\Program Files (x86)\GNU Arm Embedded Toolchain\10 2021.10\arm-none-eabi\lib\thumb\v6-m\nofp\libc_nano.a(lib_a-lock.o)
                0x20000132                __lock___sfp_recursive_mutex
 .bss.__lock___sinit_recursive_mutex
                0x20000133        0x1 C:\Program Files (x86)\GNU Arm Embedded Toolchain\10 2021.10\arm-none-eabi\lib\thumb\v6-m\nofp\libc_nano.a(lib_a-lock.o)
                0x20000133                __lock___sinit_recursive_mutex
 .bss.__lock___tz_mutex
                0x20000134        0x1 C:\Program Files (x86)\GNU Arm Embedded Toolchain\10 2021.10\arm-none-eabi\lib\thumb\v6-m\nofp\libc_nano.a(lib_a-lock.o)
                0x20000134                __lock___tz_mutex
 .bss           0x20000135        0x0 C:\Program Files (x86)\GNU Arm Embedded Toolchain\10 2021.10\arm-none-eabi\lib\thumb\v6-m\nofp\libc_nano.a(lib_a-memset.o)
 .bss           0x20000135        0x0 C:\Program Files (x86)\GNU Arm Embedded Toolchain\10 2021.10\arm-none-eabi\lib\thumb\v6-m\nofp\libc_nano.a(lib_a-nano-mallocr.o)
 *fill*         0x20000135        0x3 
 .bss.__malloc_free_list
                0x20000138        0x4 C:\Program Files (x86)\GNU Arm Embedded Toolchain\10 2021.10\arm-none-eabi\lib\thumb\v6-m\nofp\libc_nano.a(lib_a-nano-mallocr.o)
                0x20000138                __malloc_free_list
 .bss.__malloc_sbrk_start
                0x2000013c        0x4 C:\Program Files (x86)\GNU Arm Embedded Toolchain\10 2021.10\arm-none-eabi\lib\thumb\v6-m\nofp\libc_nano.a(lib_a-nano-mallocr.o)
                0x2000013c                __malloc_sbrk_start
 .bss           0x20000140        0x0 C:\Program Files (x86)\GNU Arm Embedded Toolchain\10 2021.10\arm-none-eabi\lib\thumb\v6-m\nofp\libc_nano.a(lib_a-nano-vfprintf.o)
 .bss           0x20000140        0x0 C:\Program Files (x86)\GNU Arm Embedded Toolchain\10 2021.10\arm-none-eabi\lib\thumb\v6-m\nofp\libc_nano.a(lib_a-nano-vfprintf_i.o)
 .bss           0x20000140        0x0 C:\Program Files (x86)\GNU Arm Embedded Toolchain\10 2021.10\arm-none-eabi\lib\thumb\v6-m\nofp\libc_nano.a(lib_a-sbrkr.o)
 .bss           0x20000140        0x0 C:\Program Files (x86)\GNU Arm Embedded Toolchain\10 2021.10\arm-none-eabi\lib\thumb\v6-m\nofp\libc_nano.a(lib_a-stdio.o)
 .bss           0x20000140        0x0 C:\Program Files (x86)\GNU Arm Embedded Toolchain\10 2021.10\arm-none-eabi\lib\thumb\v6-m\nofp\libc_nano.a(lib_a-wbuf.o)
 .bss           0x20000140        0x0 C:\Program Files (x86)\GNU Arm Embedded Toolchain\10 2021.10\arm-none-eabi\lib\thumb\v6-m\nofp\libc_nano.a(lib_a-writer.o)
 .bss           0x20000140        0x0 C:\Program Files (x86)\GNU Arm Embedded Toolchain\10 2021.10\arm-none-eabi\lib\thumb\v6-m\nofp\libc_nano.a(lib_a-wsetup.o)
 .bss           0x20000140        0x0 C:\Program Files (x86)\GNU Arm Embedded Toolchain\10 2021.10\arm-none-eabi\lib\thumb\v6-m\nofp\libc_nano.a(lib_a-closer.o)
 .bss           0x20000140        0x0 C:\Program Files (x86)\GNU Arm Embedded Toolchain\10 2021.10\arm-none-eabi\lib\thumb\v6-m\nofp\libc_nano.a(lib_a-fflush.o)
 .bss           0x20000140        0x0 C:\Program Files (x86)\GNU Arm Embedded Toolchain\10 2021.10\arm-none-eabi\lib\thumb\v6-m\nofp\libc_nano.a(lib_a-fvwrite.o)
 .bss           0x20000140        0x0 C:\Program Files (x86)\GNU Arm Embedded Toolchain\10 2021.10\arm-none-eabi\lib\thumb\v6-m\nofp\libc_nano.a(lib_a-lseekr.o)
 .bss           0x20000140        0x0 C:\Program Files (x86)\GNU Arm Embedded Toolchain\10 2021.10\arm-none-eabi\lib\thumb\v6-m\nofp\libc_nano.a(lib_a-makebuf.o)
 .bss           0x20000140        0x0 C:\Program Files (x86)\GNU Arm Embedded Toolchain\10 2021.10\arm-none-eabi\lib\thumb\v6-m\nofp\libc_nano.a(lib_a-memchr-stub.o)
 .bss           0x20000140        0x0 C:\Program Files (x86)\GNU Arm Embedded Toolchain\10 2021.10\arm-none-eabi\lib\thumb\v6-m\nofp\libc_nano.a(lib_a-memcpy-stub.o)
 .bss           0x20000140        0x0 C:\Program Files (x86)\GNU Arm Embedded Toolchain\10 2021.10\arm-none-eabi\lib\thumb\v6-m\nofp\libc_nano.a(lib_a-memmove.o)
 .bss           0x20000140        0x0 C:\Program Files (x86)\GNU Arm Embedded Toolchain\10 2021.10\arm-none-eabi\lib\thumb\v6-m\nofp\libc_nano.a(lib_a-mlock.o)
 .bss           0x20000140        0x0 C:\Program Files (x86)\GNU Arm Embedded Toolchain\10 2021.10\arm-none-eabi\lib\thumb\v6-m\nofp\libc_nano.a(lib_a-nano-freer.o)
 .bss           0x20000140        0x0 C:\Program Files (x86)\GNU Arm Embedded Toolchain\10 2021.10\arm-none-eabi\lib\thumb\v6-m\nofp\libc_nano.a(lib_a-nano-reallocr.o)
 .bss           0x20000140        0x0 C:\Program Files (x86)\GNU Arm Embedded Toolchain\10 2021.10\arm-none-eabi\lib\thumb\v6-m\nofp\libc_nano.a(lib_a-readr.o)
 .bss           0x20000140        0x0 C:\Program Files (x86)\GNU Arm Embedded Toolchain\10 2021.10\arm-none-eabi\lib\thumb\v6-m\nofp\libc_nano.a(lib_a-fstatr.o)
 .bss           0x20000140        0x0 C:\Program Files (x86)\GNU Arm Embedded Toolchain\10 2021.10\arm-none-eabi\lib\thumb\v6-m\nofp\libc_nano.a(lib_a-isattyr.o)
 .bss           0x20000140        0x0 C:\Program Files (x86)\GNU Arm Embedded Toolchain\10 2021.10\arm-none-eabi\lib\thumb\v6-m\nofp\libc_nano.a(lib_a-nano-msizer.o)
 .bss           0x20000140        0x0 C:\Program Files (x86)\GNU Arm Embedded Toolchain\10 2021.10\lib\gcc\arm-none-eabi\10.3.1\thumb\v6-m\nofp\libgcc.a(_thumb1_case_shi.o)
 *(COMMON)
                0x20000140                . = ALIGN (0x4)
                0x20000140                _ebss = .
                [!provide]                PROVIDE (end = .)
                0x20000140                PROVIDE (_HeapStart = .)
                0x20002000                PROVIDE (_StackTop = (ORIGIN (ram) + LENGTH (ram)))
OUTPUT(main.elf elf32-littlearm)
LOAD linker stubs

.debug_info     0x00000000     0x1ab9
 .debug_info    0x00000000      0x7bb main.o
 .debug_info    0x000007bb      0x82d serial.o
 .debug_info    0x00000fe8      0x3ad startup.o
 .debug_info    0x00001395      0x724 newlib_stubs.o

.debug_abbrev   0x00000000      0x6e8
 .debug_abbrev  0x00000000      0x204 main.o
 .debug_abbrev  0x00000204      0x1f5 serial.o
 .debug_abbrev  0x000003f9      0x174 startup.o
 .debug_abbrev  0x0000056d      0x17b newlib_stubs.o

.debug_aranges  0x00000000       0x88
 .debug_aranges
                0x00000000       0x20 main.o
 .debug_aranges
                0x00000020       0x20 serial.o
 .debug_aranges
                0x00000040       0x28 startup.o
 .debug_aranges
                0x00000068       0x20 newlib_stubs.o

.debug_line     0x00000000      0xd35
 .debug_line    0x00000000      0x347 main.o
 .debug_line    0x00000347      0x4c0 serial.o
 .debug_line    0x00000807      0x282 startup.o
 .debug_line    0x00000a89      0x2ac newlib_stubs.o

.debug_str      0x00000000      0x80b
 .debug_str     0x00000000      0x3ca main.o
                                0x41c (size before relaxing)
 .debug_str     0x000003ca      0x129 serial.o
                                0x38c (size before relaxing)
 .debug_str     0x000004f3       0xee startup.o
                                0x2b4 (size before relaxing)
 .debug_str     0x000005e1      0x22a newlib_stubs.o
                                0x3b2 (size before relaxing)

.comment        0x00000000       0x49
 .comment       0x00000000       0x49 main.o
                                 0x4a (size before relaxing)
 .comment       0x00000049       0x4a serial.o
 .comment       0x00000049       0x4a startup.o
 .comment       0x00000049       0x4a newlib_stubs.o

.ARM.attributes
                0x00000000       0x2c
 .ARM.attributes
                0x00000000       0x2c main.o
 .ARM.attributes
                0x0000002c       0x2c serial.o
 .ARM.attributes
                0x00000058       0x2c startup.o
 .ARM.attributes
                0x00000084       0x2c newlib_stubs.o
 .ARM.attributes
                0x000000b0       0x2c C:\Program Files (x86)\GNU Arm Embedded Toolchain\10 2021.10\arm-none-eabi\lib\thumb\v6-m\nofp\libnosys.a(errno.o)
 .ARM.attributes
                0x000000dc       0x1e C:\Program Files (x86)\GNU Arm Embedded Toolchain\10 2021.10\lib\gcc\arm-none-eabi\10.3.1\thumb\v6-m\nofp\libgcc.a(_udivsi3.o)
 .ARM.attributes
                0x000000fa       0x1e C:\Program Files (x86)\GNU Arm Embedded Toolchain\10 2021.10\lib\gcc\arm-none-eabi\10.3.1\thumb\v6-m\nofp\libgcc.a(_divsi3.o)
 .ARM.attributes
                0x00000118       0x1e C:\Program Files (x86)\GNU Arm Embedded Toolchain\10 2021.10\lib\gcc\arm-none-eabi\10.3.1\thumb\v6-m\nofp\libgcc.a(_dvmd_tls.o)
 .ARM.attributes
                0x00000136       0x2c C:\Program Files (x86)\GNU Arm Embedded Toolchain\10 2021.10\lib\gcc\arm-none-eabi\10.3.1\thumb\v6-m\nofp\libgcc.a(addsf3.o)
 .ARM.attributes
                0x00000162       0x2c C:\Program Files (x86)\GNU Arm Embedded Toolchain\10 2021.10\lib\gcc\arm-none-eabi\10.3.1\thumb\v6-m\nofp\libgcc.a(fixsfsi.o)
 .ARM.attributes
                0x0000018e       0x1e C:\Program Files (x86)\GNU Arm Embedded Toolchain\10 2021.10\lib\gcc\arm-none-eabi\10.3.1\thumb\v6-m\nofp\libgcc.a(_clzsi2.o)
 .ARM.attributes
                0x000001ac       0x2c C:\Program Files (x86)\GNU Arm Embedded Toolchain\10 2021.10\arm-none-eabi\lib\thumb\v6-m\nofp\libc_nano.a(lib_a-printf.o)
 .ARM.attributes
                0x000001d8       0x2c C:\Program Files (x86)\GNU Arm Embedded Toolchain\10 2021.10\arm-none-eabi\lib\thumb\v6-m\nofp\libc_nano.a(lib_a-findfp.o)
 .ARM.attributes
                0x00000204       0x2c C:\Program Files (x86)\GNU Arm Embedded Toolchain\10 2021.10\arm-none-eabi\lib\thumb\v6-m\nofp\libc_nano.a(lib_a-fwalk.o)
 .ARM.attributes
                0x00000230       0x2c C:\Program Files (x86)\GNU Arm Embedded Toolchain\10 2021.10\arm-none-eabi\lib\thumb\v6-m\nofp\libc_nano.a(lib_a-impure.o)
 .ARM.attributes
                0x0000025c       0x2c C:\Program Files (x86)\GNU Arm Embedded Toolchain\10 2021.10\arm-none-eabi\lib\thumb\v6-m\nofp\libc_nano.a(lib_a-lock.o)
 .ARM.attributes
                0x00000288       0x2c C:\Program Files (x86)\GNU Arm Embedded Toolchain\10 2021.10\arm-none-eabi\lib\thumb\v6-m\nofp\libc_nano.a(lib_a-memset.o)
 .ARM.attributes
                0x000002b4       0x2c C:\Program Files (x86)\GNU Arm Embedded Toolchain\10 2021.10\arm-none-eabi\lib\thumb\v6-m\nofp\libc_nano.a(lib_a-nano-mallocr.o)
 .ARM.attributes
                0x000002e0       0x2c C:\Program Files (x86)\GNU Arm Embedded Toolchain\10 2021.10\arm-none-eabi\lib\thumb\v6-m\nofp\libc_nano.a(lib_a-nano-vfprintf.o)
 .ARM.attributes
                0x0000030c       0x2c C:\Program Files (x86)\GNU Arm Embedded Toolchain\10 2021.10\arm-none-eabi\lib\thumb\v6-m\nofp\libc_nano.a(lib_a-nano-vfprintf_i.o)
 .ARM.attributes
                0x00000338       0x2c C:\Program Files (x86)\GNU Arm Embedded Toolchain\10 2021.10\arm-none-eabi\lib\thumb\v6-m\nofp\libc_nano.a(lib_a-sbrkr.o)
 .ARM.attributes
                0x00000364       0x2c C:\Program Files (x86)\GNU Arm Embedded Toolchain\10 2021.10\arm-none-eabi\lib\thumb\v6-m\nofp\libc_nano.a(lib_a-stdio.o)
 .ARM.attributes
                0x00000390       0x2c C:\Program Files (x86)\GNU Arm Embedded Toolchain\10 2021.10\arm-none-eabi\lib\thumb\v6-m\nofp\libc_nano.a(lib_a-wbuf.o)
 .ARM.attributes
                0x000003bc       0x2c C:\Program Files (x86)\GNU Arm Embedded Toolchain\10 2021.10\arm-none-eabi\lib\thumb\v6-m\nofp\libc_nano.a(lib_a-writer.o)
 .ARM.attributes
                0x000003e8       0x2c C:\Program Files (x86)\GNU Arm Embedded Toolchain\10 2021.10\arm-none-eabi\lib\thumb\v6-m\nofp\libc_nano.a(lib_a-wsetup.o)
 .ARM.attributes
                0x00000414       0x2c C:\Program Files (x86)\GNU Arm Embedded Toolchain\10 2021.10\arm-none-eabi\lib\thumb\v6-m\nofp\libc_nano.a(lib_a-closer.o)
 .ARM.attributes
                0x00000440       0x2c C:\Program Files (x86)\GNU Arm Embedded Toolchain\10 2021.10\arm-none-eabi\lib\thumb\v6-m\nofp\libc_nano.a(lib_a-fflush.o)
 .ARM.attributes
                0x0000046c       0x2c C:\Program Files (x86)\GNU Arm Embedded Toolchain\10 2021.10\arm-none-eabi\lib\thumb\v6-m\nofp\libc_nano.a(lib_a-fvwrite.o)
 .ARM.attributes
                0x00000498       0x2c C:\Program Files (x86)\GNU Arm Embedded Toolchain\10 2021.10\arm-none-eabi\lib\thumb\v6-m\nofp\libc_nano.a(lib_a-lseekr.o)
 .ARM.attributes
                0x000004c4       0x2c C:\Program Files (x86)\GNU Arm Embedded Toolchain\10 2021.10\arm-none-eabi\lib\thumb\v6-m\nofp\libc_nano.a(lib_a-makebuf.o)
 .ARM.attributes
                0x000004f0       0x2c C:\Program Files (x86)\GNU Arm Embedded Toolchain\10 2021.10\arm-none-eabi\lib\thumb\v6-m\nofp\libc_nano.a(lib_a-memchr-stub.o)
 .ARM.attributes
                0x0000051c       0x2c C:\Program Files (x86)\GNU Arm Embedded Toolchain\10 2021.10\arm-none-eabi\lib\thumb\v6-m\nofp\libc_nano.a(lib_a-memcpy-stub.o)
 .ARM.attributes
                0x00000548       0x2c C:\Program Files (x86)\GNU Arm Embedded Toolchain\10 2021.10\arm-none-eabi\lib\thumb\v6-m\nofp\libc_nano.a(lib_a-memmove.o)
 .ARM.attributes
                0x00000574       0x2c C:\Program Files (x86)\GNU Arm Embedded Toolchain\10 2021.10\arm-none-eabi\lib\thumb\v6-m\nofp\libc_nano.a(lib_a-mlock.o)
 .ARM.attributes
                0x000005a0       0x2c C:\Program Files (x86)\GNU Arm Embedded Toolchain\10 2021.10\arm-none-eabi\lib\thumb\v6-m\nofp\libc_nano.a(lib_a-nano-freer.o)
 .ARM.attributes
                0x000005cc       0x2c C:\Program Files (x86)\GNU Arm Embedded Toolchain\10 2021.10\arm-none-eabi\lib\thumb\v6-m\nofp\libc_nano.a(lib_a-nano-reallocr.o)
 .ARM.attributes
                0x000005f8       0x2c C:\Program Files (x86)\GNU Arm Embedded Toolchain\10 2021.10\arm-none-eabi\lib\thumb\v6-m\nofp\libc_nano.a(lib_a-readr.o)
 .ARM.attributes
                0x00000624       0x2c C:\Program Files (x86)\GNU Arm Embedded Toolchain\10 2021.10\arm-none-eabi\lib\thumb\v6-m\nofp\libc_nano.a(lib_a-fstatr.o)
 .ARM.attributes
                0x00000650       0x2c C:\Program Files (x86)\GNU Arm Embedded Toolchain\10 2021.10\arm-none-eabi\lib\thumb\v6-m\nofp\libc_nano.a(lib_a-isattyr.o)
 .ARM.attributes
                0x0000067c       0x2c C:\Program Files (x86)\GNU Arm Embedded Toolchain\10 2021.10\arm-none-eabi\lib\thumb\v6-m\nofp\libc_nano.a(lib_a-nano-msizer.o)
 .ARM.attributes
                0x000006a8       0x1e C:\Program Files (x86)\GNU Arm Embedded Toolchain\10 2021.10\lib\gcc\arm-none-eabi\10.3.1\thumb\v6-m\nofp\libgcc.a(_thumb1_case_shi.o)

.debug_frame    0x00000000      0xf50
 .debug_frame   0x00000000      0x19c main.o
 .debug_frame   0x0000019c      0x1e8 serial.o
 .debug_frame   0x00000384       0x94 startup.o
 .debug_frame   0x00000418      0x228 newlib_stubs.o
 .debug_frame   0x00000640       0x20 C:\Program Files (x86)\GNU Arm Embedded Toolchain\10 2021.10\lib\gcc\arm-none-eabi\10.3.1\thumb\v6-m\nofp\libgcc.a(_udivsi3.o)
 .debug_frame   0x00000660       0x20 C:\Program Files (x86)\GNU Arm Embedded Toolchain\10 2021.10\lib\gcc\arm-none-eabi\10.3.1\thumb\v6-m\nofp\libgcc.a(_divsi3.o)
 .debug_frame   0x00000680       0x34 C:\Program Files (x86)\GNU Arm Embedded Toolchain\10 2021.10\lib\gcc\arm-none-eabi\10.3.1\thumb\v6-m\nofp\libgcc.a(addsf3.o)
 .debug_frame   0x000006b4       0x20 C:\Program Files (x86)\GNU Arm Embedded Toolchain\10 2021.10\lib\gcc\arm-none-eabi\10.3.1\thumb\v6-m\nofp\libgcc.a(fixsfsi.o)
 .debug_frame   0x000006d4       0x50 C:\Program Files (x86)\GNU Arm Embedded Toolchain\10 2021.10\arm-none-eabi\lib\thumb\v6-m\nofp\libc_nano.a(lib_a-printf.o)
 .debug_frame   0x00000724      0x170 C:\Program Files (x86)\GNU Arm Embedded Toolchain\10 2021.10\arm-none-eabi\lib\thumb\v6-m\nofp\libc_nano.a(lib_a-findfp.o)
 .debug_frame   0x00000894       0x58 C:\Program Files (x86)\GNU Arm Embedded Toolchain\10 2021.10\arm-none-eabi\lib\thumb\v6-m\nofp\libc_nano.a(lib_a-fwalk.o)
 .debug_frame   0x000008ec       0xb0 C:\Program Files (x86)\GNU Arm Embedded Toolchain\10 2021.10\arm-none-eabi\lib\thumb\v6-m\nofp\libc_nano.a(lib_a-lock.o)
 .debug_frame   0x0000099c       0x20 C:\Program Files (x86)\GNU Arm Embedded Toolchain\10 2021.10\arm-none-eabi\lib\thumb\v6-m\nofp\libc_nano.a(lib_a-memset.o)
 .debug_frame   0x000009bc       0x50 C:\Program Files (x86)\GNU Arm Embedded Toolchain\10 2021.10\arm-none-eabi\lib\thumb\v6-m\nofp\libc_nano.a(lib_a-nano-mallocr.o)
 .debug_frame   0x00000a0c       0x9c C:\Program Files (x86)\GNU Arm Embedded Toolchain\10 2021.10\arm-none-eabi\lib\thumb\v6-m\nofp\libc_nano.a(lib_a-nano-vfprintf.o)
 .debug_frame   0x00000aa8       0x54 C:\Program Files (x86)\GNU Arm Embedded Toolchain\10 2021.10\arm-none-eabi\lib\thumb\v6-m\nofp\libc_nano.a(lib_a-nano-vfprintf_i.o)
 .debug_frame   0x00000afc       0x2c C:\Program Files (x86)\GNU Arm Embedded Toolchain\10 2021.10\arm-none-eabi\lib\thumb\v6-m\nofp\libc_nano.a(lib_a-sbrkr.o)
 .debug_frame   0x00000b28       0x90 C:\Program Files (x86)\GNU Arm Embedded Toolchain\10 2021.10\arm-none-eabi\lib\thumb\v6-m\nofp\libc_nano.a(lib_a-stdio.o)
 .debug_frame   0x00000bb8       0x48 C:\Program Files (x86)\GNU Arm Embedded Toolchain\10 2021.10\arm-none-eabi\lib\thumb\v6-m\nofp\libc_nano.a(lib_a-wbuf.o)
 .debug_frame   0x00000c00       0x2c C:\Program Files (x86)\GNU Arm Embedded Toolchain\10 2021.10\arm-none-eabi\lib\thumb\v6-m\nofp\libc_nano.a(lib_a-writer.o)
 .debug_frame   0x00000c2c       0x2c C:\Program Files (x86)\GNU Arm Embedded Toolchain\10 2021.10\arm-none-eabi\lib\thumb\v6-m\nofp\libc_nano.a(lib_a-wsetup.o)
 .debug_frame   0x00000c58       0x2c C:\Program Files (x86)\GNU Arm Embedded Toolchain\10 2021.10\arm-none-eabi\lib\thumb\v6-m\nofp\libc_nano.a(lib_a-closer.o)
 .debug_frame   0x00000c84       0x68 C:\Program Files (x86)\GNU Arm Embedded Toolchain\10 2021.10\arm-none-eabi\lib\thumb\v6-m\nofp\libc_nano.a(lib_a-fflush.o)
 .debug_frame   0x00000cec       0x30 C:\Program Files (x86)\GNU Arm Embedded Toolchain\10 2021.10\arm-none-eabi\lib\thumb\v6-m\nofp\libc_nano.a(lib_a-fvwrite.o)
 .debug_frame   0x00000d1c       0x2c C:\Program Files (x86)\GNU Arm Embedded Toolchain\10 2021.10\arm-none-eabi\lib\thumb\v6-m\nofp\libc_nano.a(lib_a-lseekr.o)
 .debug_frame   0x00000d48       0x54 C:\Program Files (x86)\GNU Arm Embedded Toolchain\10 2021.10\arm-none-eabi\lib\thumb\v6-m\nofp\libc_nano.a(lib_a-makebuf.o)
 .debug_frame   0x00000d9c       0x20 C:\Program Files (x86)\GNU Arm Embedded Toolchain\10 2021.10\arm-none-eabi\lib\thumb\v6-m\nofp\libc_nano.a(lib_a-memchr-stub.o)
 .debug_frame   0x00000dbc       0x28 C:\Program Files (x86)\GNU Arm Embedded Toolchain\10 2021.10\arm-none-eabi\lib\thumb\v6-m\nofp\libc_nano.a(lib_a-memcpy-stub.o)
 .debug_frame   0x00000de4       0x28 C:\Program Files (x86)\GNU Arm Embedded Toolchain\10 2021.10\arm-none-eabi\lib\thumb\v6-m\nofp\libc_nano.a(lib_a-memmove.o)
 .debug_frame   0x00000e0c       0x40 C:\Program Files (x86)\GNU Arm Embedded Toolchain\10 2021.10\arm-none-eabi\lib\thumb\v6-m\nofp\libc_nano.a(lib_a-mlock.o)
 .debug_frame   0x00000e4c       0x2c C:\Program Files (x86)\GNU Arm Embedded Toolchain\10 2021.10\arm-none-eabi\lib\thumb\v6-m\nofp\libc_nano.a(lib_a-nano-freer.o)
 .debug_frame   0x00000e78       0x34 C:\Program Files (x86)\GNU Arm Embedded Toolchain\10 2021.10\arm-none-eabi\lib\thumb\v6-m\nofp\libc_nano.a(lib_a-nano-reallocr.o)
 .debug_frame   0x00000eac       0x2c C:\Program Files (x86)\GNU Arm Embedded Toolchain\10 2021.10\arm-none-eabi\lib\thumb\v6-m\nofp\libc_nano.a(lib_a-readr.o)
 .debug_frame   0x00000ed8       0x2c C:\Program Files (x86)\GNU Arm Embedded Toolchain\10 2021.10\arm-none-eabi\lib\thumb\v6-m\nofp\libc_nano.a(lib_a-fstatr.o)
 .debug_frame   0x00000f04       0x2c C:\Program Files (x86)\GNU Arm Embedded Toolchain\10 2021.10\arm-none-eabi\lib\thumb\v6-m\nofp\libc_nano.a(lib_a-isattyr.o)
 .debug_frame   0x00000f30       0x20 C:\Program Files (x86)\GNU Arm Embedded Toolchain\10 2021.10\arm-none-eabi\lib\thumb\v6-m\nofp\libc_nano.a(lib_a-nano-msizer.o)

.debug_ranges   0x00000000       0x18
 .debug_ranges  0x00000000       0x18 startup.o

Cross Reference Table

Symbol                                            File
ADC_COMP_Handler                                  startup.o
ComBusy                                           serial.o
ComError                                          serial.o
ComOpen                                           serial.o
ComRXBuffer                                       serial.o
ComTXBuffer                                       serial.o
DMA_CH1_Handler                                   startup.o
DMA_CH2_3_Handler                                 startup.o
DMA_CH4_5_6_7_Handler                             startup.o
Default_Handler                                   startup.o
EXTI0_1_Handler                                   startup.o
EXTI2_3_Handler                                   startup.o
EXTI4_15_Handler                                  startup.o
FLASH_Handler                                     startup.o
GetBuf                                            serial.o
GetBufCount                                       serial.o
Hard_Fault_Handler                                startup.o
I2C1_Handler                                      startup.o
I2C2_Handler                                      startup.o
LPTIM1_Handler                                    startup.o
LPUART1_Handler                                   startup.o
NMI_Handler                                       startup.o
PVD_Handler                                       startup.o
PendSV_Handler                                    startup.o
PutBuf                                            serial.o
RCC_Handler                                       startup.o
RTC_Handler                                       startup.o
ReadCom                                           serial.o
ResetInit                                         startup.o
SPI1_Handler                                      startup.o
SPI2_Handler                                      startup.o
SVC_Handler                                       startup.o
SysTick_Handler                                   startup.o
TIM21_Handler                                     startup.o
TIM22_Handler                                     startup.o
TIM2_Handler                                      main.o
TIM6_Handler                                      startup.o
USART1_Handler                                    serial.o
USART2_Handler                                    startup.o
Vectors                                           startup.o
WWDG_Handler                                      startup.o
WriteCom                                          serial.o
_HeapStart                                        newlib_stubs.o
_StackTop                                         newlib_stubs.o
                                                  startup.o
__aeabi_f2iz                                      C:\Program Files (x86)\GNU Arm Embedded Toolchain\10 2021.10\lib\gcc\arm-none-eabi\10.3.1\thumb\v6-m\nofp\libgcc.a(fixsfsi.o)
                                                  main.o
__aeabi_fadd                                      C:\Program Files (x86)\GNU Arm Embedded Toolchain\10 2021.10\lib\gcc\arm-none-eabi\10.3.1\thumb\v6-m\nofp\libgcc.a(addsf3.o)
                                                  main.o
__aeabi_idiv                                      C:\Program Files (x86)\GNU Arm Embedded Toolchain\10 2021.10\lib\gcc\arm-none-eabi\10.3.1\thumb\v6-m\nofp\libgcc.a(_divsi3.o)
                                                  C:\Program Files (x86)\GNU Arm Embedded Toolchain\10 2021.10\arm-none-eabi\lib\thumb\v6-m\nofp\libc_nano.a(lib_a-fvwrite.o)
                                                  serial.o
                                                  main.o
__aeabi_idiv0                                     C:\Program Files (x86)\GNU Arm Embedded Toolchain\10 2021.10\lib\gcc\arm-none-eabi\10.3.1\thumb\v6-m\nofp\libgcc.a(_dvmd_tls.o)
                                                  C:\Program Files (x86)\GNU Arm Embedded Toolchain\10 2021.10\lib\gcc\arm-none-eabi\10.3.1\thumb\v6-m\nofp\libgcc.a(_divsi3.o)
                                                  C:\Program Files (x86)\GNU Arm Embedded Toolchain\10 2021.10\lib\gcc\arm-none-eabi\10.3.1\thumb\v6-m\nofp\libgcc.a(_udivsi3.o)
__aeabi_idivmod                                   C:\Program Files (x86)\GNU Arm Embedded Toolchain\10 2021.10\lib\gcc\arm-none-eabi\10.3.1\thumb\v6-m\nofp\libgcc.a(_divsi3.o)
__aeabi_ldiv0                                     C:\Program Files (x86)\GNU Arm Embedded Toolchain\10 2021.10\lib\gcc\arm-none-eabi\10.3.1\thumb\v6-m\nofp\libgcc.a(_dvmd_tls.o)
__aeabi_uidiv                                     C:\Program Files (x86)\GNU Arm Embedded Toolchain\10 2021.10\lib\gcc\arm-none-eabi\10.3.1\thumb\v6-m\nofp\libgcc.a(_udivsi3.o)
                                                  main.o
__aeabi_uidivmod                                  C:\Program Files (x86)\GNU Arm Embedded Toolchain\10 2021.10\lib\gcc\arm-none-eabi\10.3.1\thumb\v6-m\nofp\libgcc.a(_udivsi3.o)
                                                  C:\Program Files (x86)\GNU Arm Embedded Toolchain\10 2021.10\arm-none-eabi\lib\thumb\v6-m\nofp\libc_nano.a(lib_a-nano-vfprintf_i.o)
__clzsi2                                          C:\Program Files (x86)\GNU Arm Embedded Toolchain\10 2021.10\lib\gcc\arm-none-eabi\10.3.1\thumb\v6-m\nofp\libgcc.a(_clzsi2.o)
                                                  C:\Program Files (x86)\GNU Arm Embedded Toolchain\10 2021.10\lib\gcc\arm-none-eabi\10.3.1\thumb\v6-m\nofp\libgcc.a(addsf3.o)
__divsi3                                          C:\Program Files (x86)\GNU Arm Embedded Toolchain\10 2021.10\lib\gcc\arm-none-eabi\10.3.1\thumb\v6-m\nofp\libgcc.a(_divsi3.o)
__env                                             newlib_stubs.o
__fp_lock_all                                     C:\Program Files (x86)\GNU Arm Embedded Toolchain\10 2021.10\arm-none-eabi\lib\thumb\v6-m\nofp\libc_nano.a(lib_a-findfp.o)
__fp_unlock_all                                   C:\Program Files (x86)\GNU Arm Embedded Toolchain\10 2021.10\arm-none-eabi\lib\thumb\v6-m\nofp\libc_nano.a(lib_a-findfp.o)
__gnu_thumb1_case_shi                             C:\Program Files (x86)\GNU Arm Embedded Toolchain\10 2021.10\lib\gcc\arm-none-eabi\10.3.1\thumb\v6-m\nofp\libgcc.a(_thumb1_case_shi.o)
                                                  C:\Program Files (x86)\GNU Arm Embedded Toolchain\10 2021.10\arm-none-eabi\lib\thumb\v6-m\nofp\libc_nano.a(lib_a-nano-vfprintf_i.o)
__init_array_end                                  startup.o
__init_array_start                                startup.o
__lock___arc4random_mutex                         C:\Program Files (x86)\GNU Arm Embedded Toolchain\10 2021.10\arm-none-eabi\lib\thumb\v6-m\nofp\libc_nano.a(lib_a-lock.o)
__lock___at_quick_exit_mutex                      C:\Program Files (x86)\GNU Arm Embedded Toolchain\10 2021.10\arm-none-eabi\lib\thumb\v6-m\nofp\libc_nano.a(lib_a-lock.o)
__lock___atexit_recursive_mutex                   C:\Program Files (x86)\GNU Arm Embedded Toolchain\10 2021.10\arm-none-eabi\lib\thumb\v6-m\nofp\libc_nano.a(lib_a-lock.o)
__lock___dd_hash_mutex                            C:\Program Files (x86)\GNU Arm Embedded Toolchain\10 2021.10\arm-none-eabi\lib\thumb\v6-m\nofp\libc_nano.a(lib_a-lock.o)
__lock___env_recursive_mutex                      C:\Program Files (x86)\GNU Arm Embedded Toolchain\10 2021.10\arm-none-eabi\lib\thumb\v6-m\nofp\libc_nano.a(lib_a-lock.o)
__lock___malloc_recursive_mutex                   C:\Program Files (x86)\GNU Arm Embedded Toolchain\10 2021.10\arm-none-eabi\lib\thumb\v6-m\nofp\libc_nano.a(lib_a-lock.o)
                                                  C:\Program Files (x86)\GNU Arm Embedded Toolchain\10 2021.10\arm-none-eabi\lib\thumb\v6-m\nofp\libc_nano.a(lib_a-mlock.o)
__lock___sfp_recursive_mutex                      C:\Program Files (x86)\GNU Arm Embedded Toolchain\10 2021.10\arm-none-eabi\lib\thumb\v6-m\nofp\libc_nano.a(lib_a-lock.o)
                                                  C:\Program Files (x86)\GNU Arm Embedded Toolchain\10 2021.10\arm-none-eabi\lib\thumb\v6-m\nofp\libc_nano.a(lib_a-findfp.o)
__lock___sinit_recursive_mutex                    C:\Program Files (x86)\GNU Arm Embedded Toolchain\10 2021.10\arm-none-eabi\lib\thumb\v6-m\nofp\libc_nano.a(lib_a-lock.o)
                                                  C:\Program Files (x86)\GNU Arm Embedded Toolchain\10 2021.10\arm-none-eabi\lib\thumb\v6-m\nofp\libc_nano.a(lib_a-findfp.o)
__lock___tz_mutex                                 C:\Program Files (x86)\GNU Arm Embedded Toolchain\10 2021.10\arm-none-eabi\lib\thumb\v6-m\nofp\libc_nano.a(lib_a-lock.o)
__malloc_free_list                                C:\Program Files (x86)\GNU Arm Embedded Toolchain\10 2021.10\arm-none-eabi\lib\thumb\v6-m\nofp\libc_nano.a(lib_a-nano-mallocr.o)
                                                  C:\Program Files (x86)\GNU Arm Embedded Toolchain\10 2021.10\arm-none-eabi\lib\thumb\v6-m\nofp\libc_nano.a(lib_a-nano-freer.o)
__malloc_lock                                     C:\Program Files (x86)\GNU Arm Embedded Toolchain\10 2021.10\arm-none-eabi\lib\thumb\v6-m\nofp\libc_nano.a(lib_a-mlock.o)
                                                  C:\Program Files (x86)\GNU Arm Embedded Toolchain\10 2021.10\arm-none-eabi\lib\thumb\v6-m\nofp\libc_nano.a(lib_a-nano-freer.o)
                                                  C:\Program Files (x86)\GNU Arm Embedded Toolchain\10 2021.10\arm-none-eabi\lib\thumb\v6-m\nofp\libc_nano.a(lib_a-nano-mallocr.o)
__malloc_sbrk_start                               C:\Program Files (x86)\GNU Arm Embedded Toolchain\10 2021.10\arm-none-eabi\lib\thumb\v6-m\nofp\libc_nano.a(lib_a-nano-mallocr.o)
__malloc_unlock                                   C:\Program Files (x86)\GNU Arm Embedded Toolchain\10 2021.10\arm-none-eabi\lib\thumb\v6-m\nofp\libc_nano.a(lib_a-mlock.o)
                                                  C:\Program Files (x86)\GNU Arm Embedded Toolchain\10 2021.10\arm-none-eabi\lib\thumb\v6-m\nofp\libc_nano.a(lib_a-nano-freer.o)
                                                  C:\Program Files (x86)\GNU Arm Embedded Toolchain\10 2021.10\arm-none-eabi\lib\thumb\v6-m\nofp\libc_nano.a(lib_a-nano-mallocr.o)
__retarget_lock_acquire                           C:\Program Files (x86)\GNU Arm Embedded Toolchain\10 2021.10\arm-none-eabi\lib\thumb\v6-m\nofp\libc_nano.a(lib_a-lock.o)
__retarget_lock_acquire_recursive                 C:\Program Files (x86)\GNU Arm Embedded Toolchain\10 2021.10\arm-none-eabi\lib\thumb\v6-m\nofp\libc_nano.a(lib_a-lock.o)
                                                  C:\Program Files (x86)\GNU Arm Embedded Toolchain\10 2021.10\arm-none-eabi\lib\thumb\v6-m\nofp\libc_nano.a(lib_a-mlock.o)
                                                  C:\Program Files (x86)\GNU Arm Embedded Toolchain\10 2021.10\arm-none-eabi\lib\thumb\v6-m\nofp\libc_nano.a(lib_a-fflush.o)
                                                  C:\Program Files (x86)\GNU Arm Embedded Toolchain\10 2021.10\arm-none-eabi\lib\thumb\v6-m\nofp\libc_nano.a(lib_a-nano-vfprintf.o)
                                                  C:\Program Files (x86)\GNU Arm Embedded Toolchain\10 2021.10\arm-none-eabi\lib\thumb\v6-m\nofp\libc_nano.a(lib_a-findfp.o)
__retarget_lock_close                             C:\Program Files (x86)\GNU Arm Embedded Toolchain\10 2021.10\arm-none-eabi\lib\thumb\v6-m\nofp\libc_nano.a(lib_a-lock.o)
__retarget_lock_close_recursive                   C:\Program Files (x86)\GNU Arm Embedded Toolchain\10 2021.10\arm-none-eabi\lib\thumb\v6-m\nofp\libc_nano.a(lib_a-lock.o)
__retarget_lock_init                              C:\Program Files (x86)\GNU Arm Embedded Toolchain\10 2021.10\arm-none-eabi\lib\thumb\v6-m\nofp\libc_nano.a(lib_a-lock.o)
__retarget_lock_init_recursive                    C:\Program Files (x86)\GNU Arm Embedded Toolchain\10 2021.10\arm-none-eabi\lib\thumb\v6-m\nofp\libc_nano.a(lib_a-lock.o)
                                                  C:\Program Files (x86)\GNU Arm Embedded Toolchain\10 2021.10\arm-none-eabi\lib\thumb\v6-m\nofp\libc_nano.a(lib_a-findfp.o)
__retarget_lock_release                           C:\Program Files (x86)\GNU Arm Embedded Toolchain\10 2021.10\arm-none-eabi\lib\thumb\v6-m\nofp\libc_nano.a(lib_a-lock.o)
__retarget_lock_release_recursive                 C:\Program Files (x86)\GNU Arm Embedded Toolchain\10 2021.10\arm-none-eabi\lib\thumb\v6-m\nofp\libc_nano.a(lib_a-lock.o)
                                                  C:\Program Files (x86)\GNU Arm Embedded Toolchain\10 2021.10\arm-none-eabi\lib\thumb\v6-m\nofp\libc_nano.a(lib_a-mlock.o)
                                                  C:\Program Files (x86)\GNU Arm Embedded Toolchain\10 2021.10\arm-none-eabi\lib\thumb\v6-m\nofp\libc_nano.a(lib_a-fflush.o)
                                                  C:\Program Files (x86)\GNU Arm Embedded Toolchain\10 2021.10\arm-none-eabi\lib\thumb\v6-m\nofp\libc_nano.a(lib_a-nano-vfprintf.o)
                                                  C:\Program Files (x86)\GNU Arm Embedded Toolchain\10 2021.10\arm-none-eabi\lib\thumb\v6-m\nofp\libc_nano.a(lib_a-findfp.o)
__retarget_lock_try_acquire                       C:\Program Files (x86)\GNU Arm Embedded Toolchain\10 2021.10\arm-none-eabi\lib\thumb\v6-m\nofp\libc_nano.a(lib_a-lock.o)
__retarget_lock_try_acquire_recursive             C:\Program Files (x86)\GNU Arm Embedded Toolchain\10 2021.10\arm-none-eabi\lib\thumb\v6-m\nofp\libc_nano.a(lib_a-lock.o)
__sclose                                          C:\Program Files (x86)\GNU Arm Embedded Toolchain\10 2021.10\arm-none-eabi\lib\thumb\v6-m\nofp\libc_nano.a(lib_a-stdio.o)
                                                  C:\Program Files (x86)\GNU Arm Embedded Toolchain\10 2021.10\arm-none-eabi\lib\thumb\v6-m\nofp\libc_nano.a(lib_a-findfp.o)
__seofread                                        C:\Program Files (x86)\GNU Arm Embedded Toolchain\10 2021.10\arm-none-eabi\lib\thumb\v6-m\nofp\libc_nano.a(lib_a-stdio.o)
__sf_fake_stderr                                  C:\Program Files (x86)\GNU Arm Embedded Toolchain\10 2021.10\arm-none-eabi\lib\thumb\v6-m\nofp\libc_nano.a(lib_a-findfp.o)
                                                  C:\Program Files (x86)\GNU Arm Embedded Toolchain\10 2021.10\arm-none-eabi\lib\thumb\v6-m\nofp\libc_nano.a(lib_a-fflush.o)
                                                  C:\Program Files (x86)\GNU Arm Embedded Toolchain\10 2021.10\arm-none-eabi\lib\thumb\v6-m\nofp\libc_nano.a(lib_a-wsetup.o)
                                                  C:\Program Files (x86)\GNU Arm Embedded Toolchain\10 2021.10\arm-none-eabi\lib\thumb\v6-m\nofp\libc_nano.a(lib_a-wbuf.o)
                                                  C:\Program Files (x86)\GNU Arm Embedded Toolchain\10 2021.10\arm-none-eabi\lib\thumb\v6-m\nofp\libc_nano.a(lib_a-nano-vfprintf.o)
                                                  C:\Program Files (x86)\GNU Arm Embedded Toolchain\10 2021.10\arm-none-eabi\lib\thumb\v6-m\nofp\libc_nano.a(lib_a-impure.o)
__sf_fake_stdin                                   C:\Program Files (x86)\GNU Arm Embedded Toolchain\10 2021.10\arm-none-eabi\lib\thumb\v6-m\nofp\libc_nano.a(lib_a-findfp.o)
                                                  C:\Program Files (x86)\GNU Arm Embedded Toolchain\10 2021.10\arm-none-eabi\lib\thumb\v6-m\nofp\libc_nano.a(lib_a-fflush.o)
                                                  C:\Program Files (x86)\GNU Arm Embedded Toolchain\10 2021.10\arm-none-eabi\lib\thumb\v6-m\nofp\libc_nano.a(lib_a-wsetup.o)
                                                  C:\Program Files (x86)\GNU Arm Embedded Toolchain\10 2021.10\arm-none-eabi\lib\thumb\v6-m\nofp\libc_nano.a(lib_a-wbuf.o)
                                                  C:\Program Files (x86)\GNU Arm Embedded Toolchain\10 2021.10\arm-none-eabi\lib\thumb\v6-m\nofp\libc_nano.a(lib_a-nano-vfprintf.o)
                                                  C:\Program Files (x86)\GNU Arm Embedded Toolchain\10 2021.10\arm-none-eabi\lib\thumb\v6-m\nofp\libc_nano.a(lib_a-impure.o)
__sf_fake_stdout                                  C:\Program Files (x86)\GNU Arm Embedded Toolchain\10 2021.10\arm-none-eabi\lib\thumb\v6-m\nofp\libc_nano.a(lib_a-findfp.o)
                                                  C:\Program Files (x86)\GNU Arm Embedded Toolchain\10 2021.10\arm-none-eabi\lib\thumb\v6-m\nofp\libc_nano.a(lib_a-fflush.o)
                                                  C:\Program Files (x86)\GNU Arm Embedded Toolchain\10 2021.10\arm-none-eabi\lib\thumb\v6-m\nofp\libc_nano.a(lib_a-wsetup.o)
                                                  C:\Program Files (x86)\GNU Arm Embedded Toolchain\10 2021.10\arm-none-eabi\lib\thumb\v6-m\nofp\libc_nano.a(lib_a-wbuf.o)
                                                  C:\Program Files (x86)\GNU Arm Embedded Toolchain\10 2021.10\arm-none-eabi\lib\thumb\v6-m\nofp\libc_nano.a(lib_a-nano-vfprintf.o)
                                                  C:\Program Files (x86)\GNU Arm Embedded Toolchain\10 2021.10\arm-none-eabi\lib\thumb\v6-m\nofp\libc_nano.a(lib_a-impure.o)
__sflush_r                                        C:\Program Files (x86)\GNU Arm Embedded Toolchain\10 2021.10\arm-none-eabi\lib\thumb\v6-m\nofp\libc_nano.a(lib_a-fflush.o)
__sfmoreglue                                      C:\Program Files (x86)\GNU Arm Embedded Toolchain\10 2021.10\arm-none-eabi\lib\thumb\v6-m\nofp\libc_nano.a(lib_a-findfp.o)
__sfp                                             C:\Program Files (x86)\GNU Arm Embedded Toolchain\10 2021.10\arm-none-eabi\lib\thumb\v6-m\nofp\libc_nano.a(lib_a-findfp.o)
__sfp_lock_acquire                                C:\Program Files (x86)\GNU Arm Embedded Toolchain\10 2021.10\arm-none-eabi\lib\thumb\v6-m\nofp\libc_nano.a(lib_a-findfp.o)
__sfp_lock_release                                C:\Program Files (x86)\GNU Arm Embedded Toolchain\10 2021.10\arm-none-eabi\lib\thumb\v6-m\nofp\libc_nano.a(lib_a-findfp.o)
__sfputs_r                                        C:\Program Files (x86)\GNU Arm Embedded Toolchain\10 2021.10\arm-none-eabi\lib\thumb\v6-m\nofp\libc_nano.a(lib_a-nano-vfprintf.o)
__sfvwrite_r                                      C:\Program Files (x86)\GNU Arm Embedded Toolchain\10 2021.10\arm-none-eabi\lib\thumb\v6-m\nofp\libc_nano.a(lib_a-fvwrite.o)
                                                  C:\Program Files (x86)\GNU Arm Embedded Toolchain\10 2021.10\arm-none-eabi\lib\thumb\v6-m\nofp\libc_nano.a(lib_a-nano-vfprintf.o)
__sinit                                           C:\Program Files (x86)\GNU Arm Embedded Toolchain\10 2021.10\arm-none-eabi\lib\thumb\v6-m\nofp\libc_nano.a(lib_a-findfp.o)
                                                  C:\Program Files (x86)\GNU Arm Embedded Toolchain\10 2021.10\arm-none-eabi\lib\thumb\v6-m\nofp\libc_nano.a(lib_a-fflush.o)
                                                  C:\Program Files (x86)\GNU Arm Embedded Toolchain\10 2021.10\arm-none-eabi\lib\thumb\v6-m\nofp\libc_nano.a(lib_a-wsetup.o)
                                                  C:\Program Files (x86)\GNU Arm Embedded Toolchain\10 2021.10\arm-none-eabi\lib\thumb\v6-m\nofp\libc_nano.a(lib_a-wbuf.o)
                                                  C:\Program Files (x86)\GNU Arm Embedded Toolchain\10 2021.10\arm-none-eabi\lib\thumb\v6-m\nofp\libc_nano.a(lib_a-nano-vfprintf.o)
                                                  C:\Program Files (x86)\GNU Arm Embedded Toolchain\10 2021.10\arm-none-eabi\lib\thumb\v6-m\nofp\libc_nano.a(lib_a-printf.o)
__sinit_lock_acquire                              C:\Program Files (x86)\GNU Arm Embedded Toolchain\10 2021.10\arm-none-eabi\lib\thumb\v6-m\nofp\libc_nano.a(lib_a-findfp.o)
__sinit_lock_release                              C:\Program Files (x86)\GNU Arm Embedded Toolchain\10 2021.10\arm-none-eabi\lib\thumb\v6-m\nofp\libc_nano.a(lib_a-findfp.o)
__smakebuf_r                                      C:\Program Files (x86)\GNU Arm Embedded Toolchain\10 2021.10\arm-none-eabi\lib\thumb\v6-m\nofp\libc_nano.a(lib_a-makebuf.o)
                                                  C:\Program Files (x86)\GNU Arm Embedded Toolchain\10 2021.10\arm-none-eabi\lib\thumb\v6-m\nofp\libc_nano.a(lib_a-wsetup.o)
__sprint_r                                        C:\Program Files (x86)\GNU Arm Embedded Toolchain\10 2021.10\arm-none-eabi\lib\thumb\v6-m\nofp\libc_nano.a(lib_a-nano-vfprintf.o)
__sread                                           C:\Program Files (x86)\GNU Arm Embedded Toolchain\10 2021.10\arm-none-eabi\lib\thumb\v6-m\nofp\libc_nano.a(lib_a-stdio.o)
                                                  C:\Program Files (x86)\GNU Arm Embedded Toolchain\10 2021.10\arm-none-eabi\lib\thumb\v6-m\nofp\libc_nano.a(lib_a-findfp.o)
__sseek                                           C:\Program Files (x86)\GNU Arm Embedded Toolchain\10 2021.10\arm-none-eabi\lib\thumb\v6-m\nofp\libc_nano.a(lib_a-stdio.o)
                                                  C:\Program Files (x86)\GNU Arm Embedded Toolchain\10 2021.10\arm-none-eabi\lib\thumb\v6-m\nofp\libc_nano.a(lib_a-findfp.o)
__swbuf                                           C:\Program Files (x86)\GNU Arm Embedded Toolchain\10 2021.10\arm-none-eabi\lib\thumb\v6-m\nofp\libc_nano.a(lib_a-wbuf.o)
__swbuf_r                                         C:\Program Files (x86)\GNU Arm Embedded Toolchain\10 2021.10\arm-none-eabi\lib\thumb\v6-m\nofp\libc_nano.a(lib_a-wbuf.o)
                                                  C:\Program Files (x86)\GNU Arm Embedded Toolchain\10 2021.10\arm-none-eabi\lib\thumb\v6-m\nofp\libc_nano.a(lib_a-nano-vfprintf.o)
__swhatbuf_r                                      C:\Program Files (x86)\GNU Arm Embedded Toolchain\10 2021.10\arm-none-eabi\lib\thumb\v6-m\nofp\libc_nano.a(lib_a-makebuf.o)
__swrite                                          C:\Program Files (x86)\GNU Arm Embedded Toolchain\10 2021.10\arm-none-eabi\lib\thumb\v6-m\nofp\libc_nano.a(lib_a-stdio.o)
                                                  C:\Program Files (x86)\GNU Arm Embedded Toolchain\10 2021.10\arm-none-eabi\lib\thumb\v6-m\nofp\libc_nano.a(lib_a-findfp.o)
__swsetup_r                                       C:\Program Files (x86)\GNU Arm Embedded Toolchain\10 2021.10\arm-none-eabi\lib\thumb\v6-m\nofp\libc_nano.a(lib_a-wsetup.o)
                                                  C:\Program Files (x86)\GNU Arm Embedded Toolchain\10 2021.10\arm-none-eabi\lib\thumb\v6-m\nofp\libc_nano.a(lib_a-fvwrite.o)
                                                  C:\Program Files (x86)\GNU Arm Embedded Toolchain\10 2021.10\arm-none-eabi\lib\thumb\v6-m\nofp\libc_nano.a(lib_a-wbuf.o)
                                                  C:\Program Files (x86)\GNU Arm Embedded Toolchain\10 2021.10\arm-none-eabi\lib\thumb\v6-m\nofp\libc_nano.a(lib_a-nano-vfprintf.o)
__udivsi3                                         C:\Program Files (x86)\GNU Arm Embedded Toolchain\10 2021.10\lib\gcc\arm-none-eabi\10.3.1\thumb\v6-m\nofp\libgcc.a(_udivsi3.o)
_cleanup                                          C:\Program Files (x86)\GNU Arm Embedded Toolchain\10 2021.10\arm-none-eabi\lib\thumb\v6-m\nofp\libc_nano.a(lib_a-findfp.o)
_cleanup_r                                        C:\Program Files (x86)\GNU Arm Embedded Toolchain\10 2021.10\arm-none-eabi\lib\thumb\v6-m\nofp\libc_nano.a(lib_a-findfp.o)
                                                  C:\Program Files (x86)\GNU Arm Embedded Toolchain\10 2021.10\arm-none-eabi\lib\thumb\v6-m\nofp\libc_nano.a(lib_a-makebuf.o)
_close                                            newlib_stubs.o
                                                  C:\Program Files (x86)\GNU Arm Embedded Toolchain\10 2021.10\arm-none-eabi\lib\thumb\v6-m\nofp\libc_nano.a(lib_a-closer.o)
_close_r                                          C:\Program Files (x86)\GNU Arm Embedded Toolchain\10 2021.10\arm-none-eabi\lib\thumb\v6-m\nofp\libc_nano.a(lib_a-closer.o)
                                                  C:\Program Files (x86)\GNU Arm Embedded Toolchain\10 2021.10\arm-none-eabi\lib\thumb\v6-m\nofp\libc_nano.a(lib_a-stdio.o)
_data                                             startup.o
_ebss                                             startup.o
_edata                                            startup.o
_etext                                            startup.o
_execve                                           newlib_stubs.o
_exit                                             newlib_stubs.o
_fflush_r                                         C:\Program Files (x86)\GNU Arm Embedded Toolchain\10 2021.10\arm-none-eabi\lib\thumb\v6-m\nofp\libc_nano.a(lib_a-fflush.o)
                                                  C:\Program Files (x86)\GNU Arm Embedded Toolchain\10 2021.10\arm-none-eabi\lib\thumb\v6-m\nofp\libc_nano.a(lib_a-fvwrite.o)
                                                  C:\Program Files (x86)\GNU Arm Embedded Toolchain\10 2021.10\arm-none-eabi\lib\thumb\v6-m\nofp\libc_nano.a(lib_a-wbuf.o)
                                                  C:\Program Files (x86)\GNU Arm Embedded Toolchain\10 2021.10\arm-none-eabi\lib\thumb\v6-m\nofp\libc_nano.a(lib_a-findfp.o)
_fork                                             newlib_stubs.o
_free_r                                           C:\Program Files (x86)\GNU Arm Embedded Toolchain\10 2021.10\arm-none-eabi\lib\thumb\v6-m\nofp\libc_nano.a(lib_a-nano-freer.o)
                                                  C:\Program Files (x86)\GNU Arm Embedded Toolchain\10 2021.10\arm-none-eabi\lib\thumb\v6-m\nofp\libc_nano.a(lib_a-nano-reallocr.o)
                                                  C:\Program Files (x86)\GNU Arm Embedded Toolchain\10 2021.10\arm-none-eabi\lib\thumb\v6-m\nofp\libc_nano.a(lib_a-fvwrite.o)
                                                  C:\Program Files (x86)\GNU Arm Embedded Toolchain\10 2021.10\arm-none-eabi\lib\thumb\v6-m\nofp\libc_nano.a(lib_a-fflush.o)
                                                  C:\Program Files (x86)\GNU Arm Embedded Toolchain\10 2021.10\arm-none-eabi\lib\thumb\v6-m\nofp\libc_nano.a(lib_a-wsetup.o)
_fstat                                            newlib_stubs.o
                                                  C:\Program Files (x86)\GNU Arm Embedded Toolchain\10 2021.10\arm-none-eabi\lib\thumb\v6-m\nofp\libc_nano.a(lib_a-fstatr.o)
_fstat_r                                          C:\Program Files (x86)\GNU Arm Embedded Toolchain\10 2021.10\arm-none-eabi\lib\thumb\v6-m\nofp\libc_nano.a(lib_a-fstatr.o)
                                                  C:\Program Files (x86)\GNU Arm Embedded Toolchain\10 2021.10\arm-none-eabi\lib\thumb\v6-m\nofp\libc_nano.a(lib_a-makebuf.o)
_fwalk                                            C:\Program Files (x86)\GNU Arm Embedded Toolchain\10 2021.10\arm-none-eabi\lib\thumb\v6-m\nofp\libc_nano.a(lib_a-fwalk.o)
                                                  C:\Program Files (x86)\GNU Arm Embedded Toolchain\10 2021.10\arm-none-eabi\lib\thumb\v6-m\nofp\libc_nano.a(lib_a-findfp.o)
_fwalk_reent                                      C:\Program Files (x86)\GNU Arm Embedded Toolchain\10 2021.10\arm-none-eabi\lib\thumb\v6-m\nofp\libc_nano.a(lib_a-fwalk.o)
                                                  C:\Program Files (x86)\GNU Arm Embedded Toolchain\10 2021.10\arm-none-eabi\lib\thumb\v6-m\nofp\libc_nano.a(lib_a-fflush.o)
                                                  C:\Program Files (x86)\GNU Arm Embedded Toolchain\10 2021.10\arm-none-eabi\lib\thumb\v6-m\nofp\libc_nano.a(lib_a-findfp.o)
_getpid                                           newlib_stubs.o
_global_impure_ptr                                C:\Program Files (x86)\GNU Arm Embedded Toolchain\10 2021.10\arm-none-eabi\lib\thumb\v6-m\nofp\libc_nano.a(lib_a-impure.o)
                                                  C:\Program Files (x86)\GNU Arm Embedded Toolchain\10 2021.10\arm-none-eabi\lib\thumb\v6-m\nofp\libc_nano.a(lib_a-fflush.o)
                                                  C:\Program Files (x86)\GNU Arm Embedded Toolchain\10 2021.10\arm-none-eabi\lib\thumb\v6-m\nofp\libc_nano.a(lib_a-findfp.o)
_impure_ptr                                       C:\Program Files (x86)\GNU Arm Embedded Toolchain\10 2021.10\arm-none-eabi\lib\thumb\v6-m\nofp\libc_nano.a(lib_a-impure.o)
                                                  C:\Program Files (x86)\GNU Arm Embedded Toolchain\10 2021.10\arm-none-eabi\lib\thumb\v6-m\nofp\libc_nano.a(lib_a-fflush.o)
                                                  C:\Program Files (x86)\GNU Arm Embedded Toolchain\10 2021.10\arm-none-eabi\lib\thumb\v6-m\nofp\libc_nano.a(lib_a-wsetup.o)
                                                  C:\Program Files (x86)\GNU Arm Embedded Toolchain\10 2021.10\arm-none-eabi\lib\thumb\v6-m\nofp\libc_nano.a(lib_a-wbuf.o)
                                                  C:\Program Files (x86)\GNU Arm Embedded Toolchain\10 2021.10\arm-none-eabi\lib\thumb\v6-m\nofp\libc_nano.a(lib_a-nano-vfprintf.o)
                                                  C:\Program Files (x86)\GNU Arm Embedded Toolchain\10 2021.10\arm-none-eabi\lib\thumb\v6-m\nofp\libc_nano.a(lib_a-findfp.o)
                                                  C:\Program Files (x86)\GNU Arm Embedded Toolchain\10 2021.10\arm-none-eabi\lib\thumb\v6-m\nofp\libc_nano.a(lib_a-printf.o)
_iprintf_r                                        C:\Program Files (x86)\GNU Arm Embedded Toolchain\10 2021.10\arm-none-eabi\lib\thumb\v6-m\nofp\libc_nano.a(lib_a-printf.o)
_isatty                                           newlib_stubs.o
                                                  C:\Program Files (x86)\GNU Arm Embedded Toolchain\10 2021.10\arm-none-eabi\lib\thumb\v6-m\nofp\libc_nano.a(lib_a-isattyr.o)
_isatty_r                                         C:\Program Files (x86)\GNU Arm Embedded Toolchain\10 2021.10\arm-none-eabi\lib\thumb\v6-m\nofp\libc_nano.a(lib_a-isattyr.o)
                                                  C:\Program Files (x86)\GNU Arm Embedded Toolchain\10 2021.10\arm-none-eabi\lib\thumb\v6-m\nofp\libc_nano.a(lib_a-makebuf.o)
_kill                                             newlib_stubs.o
_link                                             newlib_stubs.o
_lseek                                            newlib_stubs.o
                                                  C:\Program Files (x86)\GNU Arm Embedded Toolchain\10 2021.10\arm-none-eabi\lib\thumb\v6-m\nofp\libc_nano.a(lib_a-lseekr.o)
_lseek_r                                          C:\Program Files (x86)\GNU Arm Embedded Toolchain\10 2021.10\arm-none-eabi\lib\thumb\v6-m\nofp\libc_nano.a(lib_a-lseekr.o)
                                                  C:\Program Files (x86)\GNU Arm Embedded Toolchain\10 2021.10\arm-none-eabi\lib\thumb\v6-m\nofp\libc_nano.a(lib_a-stdio.o)
_malloc_r                                         C:\Program Files (x86)\GNU Arm Embedded Toolchain\10 2021.10\arm-none-eabi\lib\thumb\v6-m\nofp\libc_nano.a(lib_a-nano-mallocr.o)
                                                  C:\Program Files (x86)\GNU Arm Embedded Toolchain\10 2021.10\arm-none-eabi\lib\thumb\v6-m\nofp\libc_nano.a(lib_a-nano-reallocr.o)
                                                  C:\Program Files (x86)\GNU Arm Embedded Toolchain\10 2021.10\arm-none-eabi\lib\thumb\v6-m\nofp\libc_nano.a(lib_a-makebuf.o)
                                                  C:\Program Files (x86)\GNU Arm Embedded Toolchain\10 2021.10\arm-none-eabi\lib\thumb\v6-m\nofp\libc_nano.a(lib_a-fvwrite.o)
                                                  C:\Program Files (x86)\GNU Arm Embedded Toolchain\10 2021.10\arm-none-eabi\lib\thumb\v6-m\nofp\libc_nano.a(lib_a-findfp.o)
_malloc_usable_size_r                             C:\Program Files (x86)\GNU Arm Embedded Toolchain\10 2021.10\arm-none-eabi\lib\thumb\v6-m\nofp\libc_nano.a(lib_a-nano-msizer.o)
                                                  C:\Program Files (x86)\GNU Arm Embedded Toolchain\10 2021.10\arm-none-eabi\lib\thumb\v6-m\nofp\libc_nano.a(lib_a-nano-reallocr.o)
_printf_common                                    C:\Program Files (x86)\GNU Arm Embedded Toolchain\10 2021.10\arm-none-eabi\lib\thumb\v6-m\nofp\libc_nano.a(lib_a-nano-vfprintf_i.o)
_printf_float                                     C:\Program Files (x86)\GNU Arm Embedded Toolchain\10 2021.10\arm-none-eabi\lib\thumb\v6-m\nofp\libc_nano.a(lib_a-nano-vfprintf.o)